12-14 07:48:32.685   955   955 D TLOC    : [TLOCDaemon ]"waiting for command"
12-14 07:48:32.685   955   955 D TLOC    : [TLOCChannel] "Going to receive message for TLOCD"
12-14 07:48:32.685   955   955 D TLOC    : [TLOCChannel] "wait for message for user TLOCD"
12-14 07:48:48.838  1337  1667 I chatty  : uid=1000(system) HwBinder:1337_1 expire 46 lines
12-14 07:48:58.038  1337  1354 I chatty  : uid=1000(system) android.bg expire 2 lines
12-14 07:49:10.876  1337  7615 I chatty  : uid=1000(system) Binder:1337_1A expire 5 lines
12-14 07:50:32.758  1337  1355 I chatty  : uid=1000(system) ActivityManager expire 24 lines
12-14 07:51:22.267  1337  1739 I chatty  : uid=1000(system) Binder:1337_3 expire 3 lines
12-14 07:51:22.374  1337  1746 I chatty  : uid=1000(system) Binder:1337_4 expire 3 lines
12-14 07:52:06.901  1337  2282 I chatty  : uid=1000(system) Binder:1337_8 expire 2 lines
12-14 07:52:10.333  1337  6286 I chatty  : uid=1000(system) Binder:1337_18 expire 4 lines
12-14 07:56:22.241  1337  1357 I chatty  : uid=1000(system) ActivityManager expire 16 lines
12-14 07:56:22.571 23581 23581 D ActivityThread: Loading provider com.whatsapp.provider.contact: com.whatsapp.contact.ContactProvider
12-14 07:56:25.893  1337  1863 I chatty  : uid=1000(system) Binder:1337_6 expire 7 lines
12-14 07:56:25.930  1337  2700 I chatty  : uid=1000(system) Binder:1337_B expire 2 lines
12-14 07:56:26.865  1337  1348 I chatty  : uid=1000(system) Binder:1337_1 expire 3 lines
12-14 07:56:26.940  1337  2701 I chatty  : uid=1000(system) Binder:1337_C expire 9 lines
12-14 07:56:27.115  1337  9887 I chatty  : uid=1000(system) Binder:1337_20 expire 2 lines
12-14 07:56:27.115  1337  9442 I chatty  : uid=1000(system) Binder:1337_1F expire 1 line
12-14 07:56:27.264  1337  1987 I chatty  : uid=1000(system) HwBinder:1337_5 expire 23 lines
12-14 07:56:28.102  1337  4158 I chatty  : uid=1000(system) Binder:1337_14 expire 1 line
12-14 07:56:28.357  1337  2718 I chatty  : uid=1000(system) Binder:1337_E expire 10 lines
12-14 07:56:28.405  1337  1703 I chatty  : uid=1000(system) NsdService expire 2 lines
12-14 07:56:55.014  1337  8673 I chatty  : uid=1000(system) Binder:1337_1E expire 3 lines
12-14 07:57:02.515  1337  1667 I chatty  : uid=1000(system) HwBinder:1337_1 expire 23 lines
12-14 07:57:05.814  1337  1362 I chatty  : uid=1000(system) android.fg expire 2 lines
12-14 07:57:05.827  1337  1366 I chatty  : uid=1000(system) PowerManagerSer expire 8 lines
12-14 07:57:05.836  1337  1364 I chatty  : uid=1000(system) android.display expire 2 lines
12-14 07:57:05.842  1337  1600 I chatty  : uid=1000(system) android.anim expire 2 lines
12-14 07:57:05.844  1337  1337 I chatty  : uid=1000 system_server expire 12 lines
12-14 07:57:05.878  1337  1360 I chatty  : uid=1000(system) batterystats-wo expire 2 lines
12-14 07:57:05.951  1337  2712 I chatty  : uid=1000(system) Binder:1337_D expire 3 lines
12-14 07:57:05.965  1337  7688 I chatty  : uid=1000(system) Binder:1337_1B expire 4 lines
12-14 07:57:07.996  1337  1363 I chatty  : uid=1000(system) android.io expire 3 lines
12-14 07:57:12.814  1337  1862 I chatty  : uid=1000(system) Binder:1337_5 expire 1 line
12-14 07:57:24.496  1337  7839 I chatty  : uid=1000(system) Binder:1337_1C expire 4 lines
12-14 07:57:30.755  1337  8630 I chatty  : uid=1000(system) Binder:1337_1D expire 4 lines
12-14 07:57:32.139  1337  4154 I chatty  : uid=1000(system) Binder:1337_11 expire 5 lines
12-14 07:57:40.766 24799 24869 E ActivityThread: Failed to find provider info for com.teslacoilsw.notifier
12-14 07:57:40.774 24799 24869 I chatty  : uid=10071(com.google.android.apps.messaging) identical 1 line
12-14 07:57:40.776 24799 24869 E ActivityThread: Failed to find provider info for com.teslacoilsw.notifier
12-14 07:57:59.400  1337  1355 I chatty  : uid=1000(system) ActivityManager expire 1 line
12-14 07:59:12.408  1337  1357 I chatty  : uid=1000(system) ActivityManager expire 9 lines
12-14 07:59:30.783  1337  5864 I chatty  : uid=1000(system) Binder:1337_16 expire 3 lines
12-14 07:59:53.790  1337  2719 I chatty  : uid=1000(system) Binder:1337_F expire 1 line
12-14 08:00:09.331  1337  4153 I chatty  : uid=1000(system) Binder:1337_10 expire 1 line
12-14 08:00:09.331  1337  1701 I chatty  : uid=1000(system) ConnectivitySer expire 1 line
12-14 08:00:10.672  1337  2699 I chatty  : uid=1000(system) Binder:1337_A expire 1 line
12-14 08:00:10.937  1337  4155 I chatty  : uid=1000(system) Binder:1337_12 expire 3 lines
12-14 08:00:12.211 25060 25126 E ActivityThread: Failed to find provider info for com.teslacoilsw.notifier
12-14 08:00:15.105  1337  1667 I chatty  : uid=1000(system) HwBinder:1337_1 expire 59 lines
12-14 08:00:21.890  1337  2718 I chatty  : uid=1000(system) Binder:1337_E expire 2 lines
12-14 08:00:21.979  1337  6161 I chatty  : uid=1000(system) Binder:1337_17 expire 2 lines
12-14 08:00:21.979  1337  1348 I chatty  : uid=1000(system) Binder:1337_1 expire 4 lines
12-14 08:00:21.979  1337  9442 I chatty  : uid=1000(system) Binder:1337_1F expire 4 lines
12-14 08:00:21.980  1337  1701 I chatty  : uid=1000(system) ConnectivitySer expire 8 lines
12-14 08:00:32.416  1337  1337 I chatty  : uid=1000 system_server expire 29 lines
12-14 08:01:25.623  1337  1987 I chatty  : uid=1000(system) HwBinder:1337_5 expire 11 lines
12-14 08:02:08.222  1337  4154 I chatty  : uid=1000(system) Binder:1337_11 expire 2 lines
12-14 08:03:24.146  1337  8673 I chatty  : uid=1000(system) Binder:1337_1E expire 2 lines
12-14 08:06:07.075  1337  1357 I chatty  : uid=1000(system) ActivityManager expire 10 lines
12-14 08:06:07.834 25620 25699 E ActivityThread: Failed to find provider info for com.facebook.katana.provider.AttributionIdProvider
12-14 08:06:07.868  1337  1987 I chatty  : uid=1000(system) HwBinder:1337_5 expire 57 lines
12-14 08:06:08.897  1337  1362 I chatty  : uid=1000(system) android.fg expire 4 lines
12-14 08:06:10.944  1337  1355 I chatty  : uid=1000(system) ActivityManager expire 32 lines
12-14 08:06:10.955  1337  1366 I chatty  : uid=1000(system) PowerManagerSer expire 16 lines
12-14 08:06:10.975  1337  1364 I chatty  : uid=1000(system) android.display expire 4 lines
12-14 08:06:10.978  1337  1600 I chatty  : uid=1000(system) android.anim expire 4 lines
12-14 08:06:11.022  1337  1360 I chatty  : uid=1000(system) batterystats-wo expire 3 lines
12-14 08:06:11.072  1337  1667 I chatty  : uid=1000(system) HwBinder:1337_1 expire 29 lines
12-14 08:06:11.086  1337  1363 I chatty  : uid=1000(system) android.io expire 2 lines
12-14 08:06:11.134  1337  1354 I chatty  : uid=1000(system) android.bg expire 4 lines
12-14 08:06:11.161  1337  7615 I chatty  : uid=1000(system) Binder:1337_1A expire 4 lines
12-14 08:06:36.751  1337  2701 I chatty  : uid=1000(system) Binder:1337_C expire 2 lines
12-14 08:06:50.085  1337  1746 I chatty  : uid=1000(system) Binder:1337_4 expire 2 lines
12-14 08:06:50.093  1337  4155 I chatty  : uid=1000(system) Binder:1337_12 expire 2 lines
12-14 08:07:00.181  1337  7688 I chatty  : uid=1000(system) Binder:1337_1B expire 2 lines
12-14 08:09:33.868  1337  1862 I chatty  : uid=1000(system) Binder:1337_5 expire 1 line
12-14 08:09:33.921  1337  5864 I chatty  : uid=1000(system) Binder:1337_16 expire 2 lines
12-14 08:13:05.608   902   967 E NetlinkEvent: NetlinkEvent::FindParam(): Parameter 'INTERFACE' not found
12-14 08:13:05.609   902   967 E NetlinkEvent: NetlinkEvent::FindParam(): Parameter 'STATE' not found
12-14 08:13:05.609   902   967 E NetlinkEvent: NetlinkEvent::FindParam(): Parameter 'TIME_NS' not found
12-14 08:13:05.609   902   967 E NetlinkEvent: NetlinkEvent::FindParam(): Parameter 'UID' not found
12-14 08:13:08.207  1337  1987 I chatty  : uid=1000(system) HwBinder:1337_5 expire 41 lines
12-14 08:13:21.466   902   967 E NetlinkEvent: NetlinkEvent::FindParam(): Parameter 'INTERFACE' not found
12-14 08:13:21.466   902   967 E NetlinkEvent: NetlinkEvent::FindParam(): Parameter 'STATE' not found
12-14 08:13:21.466   902   967 E NetlinkEvent: NetlinkEvent::FindParam(): Parameter 'TIME_NS' not found
12-14 08:13:21.466   902   967 E NetlinkEvent: NetlinkEvent::FindParam(): Parameter 'UID' not found
12-14 08:13:27.306   902   967 E NetlinkEvent: NetlinkEvent::FindParam(): Parameter 'INTERFACE' not found
12-14 08:13:27.306   902   967 E NetlinkEvent: NetlinkEvent::FindParam(): Parameter 'STATE' not found
12-14 08:13:27.307   902   967 E NetlinkEvent: NetlinkEvent::FindParam(): Parameter 'TIME_NS' not found
12-14 08:13:27.307   902   967 E NetlinkEvent: NetlinkEvent::FindParam(): Parameter 'UID' not found
12-14 08:13:33.142   902   967 E NetlinkEvent: NetlinkEvent::FindParam(): Parameter 'INTERFACE' not found
12-14 08:13:33.142   902   967 E NetlinkEvent: NetlinkEvent::FindParam(): Parameter 'STATE' not found
12-14 08:13:33.142   902   967 E NetlinkEvent: NetlinkEvent::FindParam(): Parameter 'TIME_NS' not found
12-14 08:13:33.142   902   967 E NetlinkEvent: NetlinkEvent::FindParam(): Parameter 'UID' not found
12-14 08:13:38.978   902   967 E NetlinkEvent: NetlinkEvent::FindParam(): Parameter 'INTERFACE' not found
12-14 08:13:38.978   902   967 E NetlinkEvent: NetlinkEvent::FindParam(): Parameter 'STATE' not found
12-14 08:13:38.978   902   967 E NetlinkEvent: NetlinkEvent::FindParam(): Parameter 'TIME_NS' not found
12-14 08:13:38.978   902   967 E NetlinkEvent: NetlinkEvent::FindParam(): Parameter 'UID' not found
12-14 08:13:44.826   902   967 E NetlinkEvent: NetlinkEvent::FindParam(): Parameter 'INTERFACE' not found
12-14 08:13:44.826   902   967 E NetlinkEvent: NetlinkEvent::FindParam(): Parameter 'STATE' not found
12-14 08:13:44.826   902   967 E NetlinkEvent: NetlinkEvent::FindParam(): Parameter 'TIME_NS' not found
12-14 08:13:44.826   902   967 E NetlinkEvent: NetlinkEvent::FindParam(): Parameter 'UID' not found
12-14 08:13:58.612  1337  1667 I chatty  : uid=1000(system) HwBinder:1337_1 expire 22 lines
12-14 08:15:13.727  1337  1355 I chatty  : uid=1000(system) ActivityManager expire 4 lines
12-14 08:15:37.174  1337  4157 I chatty  : uid=1000(system) Binder:1337_13 expire 1 line
12-14 08:15:37.266  1337  2712 I chatty  : uid=1000(system) Binder:1337_D expire 2 lines
12-14 08:18:20.900 26299 26299 E SchedPolicy: set_timerslack_ns write failed: Operation not permitted
12-14 08:18:20.900 26299 26299 I chatty  : uid=10095(com.viber.voip) identical 6 lines
12-14 08:18:20.900 26299 26299 E SchedPolicy: set_timerslack_ns write failed: Operation not permitted
12-14 08:18:21.398 26299 26572 E ActivityThread: Failed to find provider info for com.facebook.katana.provider.AttributionIdProvider
12-14 08:18:21.426  1337  1357 I chatty  : uid=1000(system) ActivityManager expire 9 lines
12-14 08:18:21.604 26299 26378 E SchedPolicy: set_timerslack_ns write failed: Operation not permitted
12-14 08:18:21.604 26299 26378 I chatty  : uid=10095(com.viber.voip) identical 6 lines
12-14 08:18:21.604 26299 26378 E SchedPolicy: set_timerslack_ns write failed: Operation not permitted
12-14 08:18:21.624  1337  1701 I chatty  : uid=1000(system) ConnectivitySer expire 5 lines
12-14 08:18:21.652  1337  5864 I chatty  : uid=1000(system) Binder:1337_16 expire 3 lines
12-14 08:18:22.394 26299 26378 E ActivityThread: Failed to find provider info for com.teslacoilsw.notifier
12-14 08:18:22.735  1337  1337 I chatty  : uid=1000 system_server expire 11 lines
12-14 08:18:24.228  1337  1355 I chatty  : uid=1000(system) ActivityManager expire 18 lines
12-14 08:18:25.660  1337  1987 I chatty  : uid=1000(system) HwBinder:1337_5 expire 3 lines
12-14 08:18:26.021 26299 26854 E ActivityThread: Failed to find provider info for com.facebook.katana.provider.AttributionIdProvider
12-14 08:18:31.735  1337  7615 I chatty  : uid=1000(system) Binder:1337_1A expire 2 lines
12-14 08:18:32.181  1337  1354 I chatty  : uid=1000(system) android.bg expire 5 lines
12-14 08:18:32.686   955   955 E TLOC    : [TLOCChannel]"Can't receive message due to timeout"
12-14 08:18:32.686   955   955 I TLOC    : [TLOCDaemon ]"timeout passed - start periodic warm-up"
12-14 08:18:32.688   955   955 I TLOC    : [ModemComm  ]"Start a session successfully"
12-14 08:18:32.688   955   955 D TLOC    : [TLOCDaemon ]"The command finished successfully"
12-14 08:18:32.688   955   955 D TLOC    : [TLOCDaemon ]"waiting for command"
12-14 08:18:32.688   955   955 D TLOC    : [TLOCChannel] "Going to receive message for TLOCD"
12-14 08:18:32.688   955   955 D TLOC    : [TLOCChannel] "wait for message for user TLOCD"
12-14 08:18:33.239  1337  1362 I chatty  : uid=1000(system) android.fg expire 8 lines
12-14 08:18:34.990  1337  1366 I chatty  : uid=1000(system) PowerManagerSer expire 24 lines
12-14 08:18:35.003  1337  1364 I chatty  : uid=1000(system) android.display expire 6 lines
12-14 08:18:35.040  1337  1600 I chatty  : uid=1000(system) android.anim expire 6 lines
12-14 08:18:35.055  1337  1360 I chatty  : uid=1000(system) batterystats-wo expire 4 lines
12-14 08:18:35.093  1337  2700 I chatty  : uid=1000(system) Binder:1337_B expire 3 lines
12-14 08:18:35.152  1337  4157 I chatty  : uid=1000(system) Binder:1337_13 expire 3 lines
12-14 08:18:35.152  1337  1746 I chatty  : uid=1000(system) Binder:1337_4 expire 1 line
12-14 08:18:35.152  1337  1863 I chatty  : uid=1000(system) Binder:1337_6 expire 3 lines
12-14 08:18:35.184  1337  2282 I chatty  : uid=1000(system) Binder:1337_8 expire 3 lines
12-14 08:18:35.194  1337  2712 I chatty  : uid=1000(system) Binder:1337_D expire 1 line
12-14 08:18:35.368  1337  6161 I chatty  : uid=1000(system) Binder:1337_17 expire 1 line
12-14 08:18:35.415  1337  1667 I chatty  : uid=1000(system) HwBinder:1337_1 expire 63 lines
12-14 08:18:35.417  1337  1363 I chatty  : uid=1000(system) android.io expire 3 lines
12-14 08:18:40.682   955  1326 I TLOC    : [Modem      ]"Received event indication of position report with status SUCCESS"
12-14 08:18:40.682   955  1326 D TLOC    : [Modem      ] "*********** Position Report: ***********"
12-14 08:18:40.682   955  1326 D TLOC    : [Modem      ] "	Latitude:	38.671685"
12-14 08:18:40.682   955  1326 D TLOC    : [Modem      ] "	Longitude:	-121.504557"
12-14 08:18:40.682   955  1326 D TLOC    : [Modem      ] "	Accuracy:	34.000000"
12-14 08:18:40.682   955  1326 D TLOC    : [Modem      ] "	Technology:	5"
12-14 08:18:40.682   955  1326 D TLOC    : [Modem      ] "	Time:		1576340321000"
12-14 08:18:40.682   955  1326 D TLOC    : [Modem      ] "	Altitude:	-3.370827"
12-14 08:18:40.682   955  1326 D TLOC    : [Modem      ] "	Speed:		0.000000"
12-14 08:18:40.683   955  1326 D TLOC    : [Modem      ] "****************************************"
12-14 08:18:40.683   955  1326 I TLOC    : [Modem      ]"Received location fix. Should close the session"
12-14 08:18:40.683   955  1326 D TLOC    : [TLOCChannel] "TLOCChannel is already initialized"
12-14 08:18:40.683   955  1326 D TLOC    : [TLOCChannel] "Going to send message to TLOCD"
12-14 08:18:40.683   955  1326 D TLOC    : [TLOCChannel]" --- message(id:10, size:0) ---> TLOCD"
12-14 08:18:40.683   955   955 D TLOC    : [TLOCChannel]" TLOCD <--- message(id:10, size:0) ---"
12-14 08:18:40.683   955   955 I TLOC    : [TLOCDaemon ]"WarmUp ended"
12-14 08:18:40.687   955   955 I TLOC    : [ModemComm  ]"Stopped the session successfully"
12-14 08:18:40.687   955   955 D TLOC    : [TLOCDaemon ]"The command finished successfully"
12-14 08:18:40.687   955   955 D TLOC    : [TLOCDaemon ]"waiting for command"
12-14 08:18:40.687   955   955 D TLOC    : [TLOCChannel] "Going to receive message for TLOCD"
12-14 08:18:40.687   955   955 D TLOC    : [TLOCChannel] "wait for message for user TLOCD"
12-14 08:18:44.980  1337  1739 I chatty  : uid=1000(system) Binder:1337_3 expire 1 line
12-14 08:18:44.980  1337  2332 I chatty  : uid=1000(system) Binder:1337_9 expire 1 line
12-14 08:18:45.435  1337  1337 I chatty  : uid=1000 system_server expire 36 lines
12-14 08:18:46.259  1337  1948 I chatty  : uid=1000(system) HwBinder:1337_4 expire 104 lines
12-14 08:18:51.479  1337  4153 I chatty  : uid=1000(system) Binder:1337_10 expire 1 line
12-14 08:19:11.326  1337  1348 I chatty  : uid=1000(system) Binder:1337_1 expire 4 lines
12-14 08:23:20.820  1337  4154 I chatty  : uid=1000(system) Binder:1337_11 expire 1 line
12-14 08:25:44.076  1337  1355 I chatty  : uid=1000(system) ActivityManager expire 32 lines
12-14 08:25:44.237  1337  8673 I chatty  : uid=1000(system) Binder:1337_1E expire 3 lines
12-14 08:28:58.193  1337  7839 I chatty  : uid=1000(system) Binder:1337_1C expire 3 lines
12-14 08:32:27.134  1337  2700 I chatty  : uid=1000(system) Binder:1337_B expire 1 line
12-14 08:32:27.411  1337  1357 I chatty  : uid=1000(system) ActivityManager expire 9 lines
12-14 08:32:27.442  1337  1739 I chatty  : uid=1000(system) Binder:1337_3 expire 3 lines
12-14 08:32:31.643  1337  1948 I chatty  : uid=1000(system) HwBinder:1337_4 expire 12 lines
12-14 08:32:37.884  1337  4159 I chatty  : uid=1000(system) Binder:1337_15 expire 2 lines
12-14 08:32:51.798  1337  1667 I chatty  : uid=1000(system) HwBinder:1337_1 expire 33 lines
12-14 08:32:53.293  1337  2701 I chatty  : uid=1000(system) Binder:1337_C expire 2 lines
12-14 08:33:22.642 28514 28514 E SchedPolicy: set_timerslack_ns write failed: Operation not permitted
12-14 08:33:22.642 28514 28514 I chatty  : uid=10095(com.viber.voip) identical 6 lines
12-14 08:33:22.642 28514 28514 E SchedPolicy: set_timerslack_ns write failed: Operation not permitted
12-14 08:33:22.871 28514 28586 E ActivityThread: Failed to find provider info for com.facebook.katana.provider.AttributionIdProvider
12-14 08:33:22.946 28514 28534 E SchedPolicy: set_timerslack_ns write failed: Operation not permitted
12-14 08:33:22.952 28514 28534 I chatty  : uid=10095(com.viber.voip) identical 6 lines
12-14 08:33:22.952 28514 28534 E SchedPolicy: set_timerslack_ns write failed: Operation not permitted
12-14 08:33:23.748 28514 28534 E ActivityThread: Failed to find provider info for com.teslacoilsw.notifier
12-14 08:33:27.754 28514 28695 E ActivityThread: Failed to find provider info for com.facebook.katana.provider.AttributionIdProvider
12-14 08:33:34.493  1337  1355 I chatty  : uid=1000(system) ActivityManager expire 36 lines
12-14 08:33:34.501  1337  1362 I chatty  : uid=1000(system) android.fg expire 7 lines
12-14 08:33:34.504  1337  1366 I chatty  : uid=1000(system) PowerManagerSer expire 16 lines
12-14 08:33:34.511  1337  1337 I chatty  : uid=1000 system_server expire 27 lines
12-14 08:33:34.528  1337  1364 I chatty  : uid=1000(system) android.display expire 7 lines
12-14 08:33:34.564  1337  1600 I chatty  : uid=1000(system) android.anim expire 6 lines
12-14 08:33:34.610  1337  1360 I chatty  : uid=1000(system) batterystats-wo expire 4 lines
12-14 08:33:34.853  1337  8673 I chatty  : uid=1000(system) Binder:1337_1E expire 6 lines
12-14 08:33:37.308  1337  1363 I chatty  : uid=1000(system) android.io expire 3 lines
12-14 08:33:37.389  1337  1354 I chatty  : uid=1000(system) android.bg expire 4 lines
12-14 08:33:43.741  1337  1349 I chatty  : uid=1000(system) Binder:1337_2 expire 2 lines
12-14 08:34:04.885  1337  2254 I chatty  : uid=1000(system) Binder:1337_7 expire 2 lines
12-14 08:35:30.657  1337  1987 I chatty  : uid=1000(system) HwBinder:1337_5 expire 10 lines
12-14 08:36:07.558  1337  1701 I chatty  : uid=1000(system) ConnectivitySer expire 4 lines
12-14 08:36:07.965 28857 29038 E ActivityThread: Failed to find provider info for com.facebook.katana.provider.AttributionIdProvider
12-14 08:36:07.991  1337  1863 I chatty  : uid=1000(system) Binder:1337_6 expire 1 line
12-14 08:36:08.077  1337  4158 I chatty  : uid=1000(system) Binder:1337_14 expire 1 line
12-14 08:36:11.736  1337  1948 I chatty  : uid=1000(system) HwBinder:1337_4 expire 10 lines
12-14 08:36:12.374  1337  1355 I chatty  : uid=1000(system) ActivityManager expire 26 lines
12-14 08:36:42.895  1337  1862 I chatty  : uid=1000(system) Binder:1337_5 expire 2 lines
12-14 08:36:42.978  1337  1348 I chatty  : uid=1000(system) Binder:1337_1 expire 1 line
12-14 08:36:42.979  1337  2718 I chatty  : uid=1000(system) Binder:1337_E expire 1 line
12-14 08:37:13.487  1760  1760 I PowerUI : avg=26.606565,min=25.779001,max=28.486002
12-14 08:37:17.187  1337  1987 I chatty  : uid=1000(system) HwBinder:1337_5 expire 19 lines
12-14 08:38:21.581  1337  1366 I chatty  : uid=1000(system) PowerManagerSer expire 10 lines
12-14 08:38:21.601  1337  1337 I chatty  : uid=1000 system_server expire 39 lines
12-14 08:39:09.046  1337  1600 I chatty  : uid=1000(system) android.anim expire 5 lines
12-14 08:39:09.093  1337  1366 I chatty  : uid=1000(system) PowerManagerSer expire 14 lines
12-14 08:39:11.062  1337  1987 I chatty  : uid=1000(system) HwBinder:1337_5 expire 2 lines
12-14 08:39:11.063  1337  1362 I chatty  : uid=1000(system) android.fg expire 10 lines
12-14 08:39:11.373  1337  1355 I chatty  : uid=1000(system) ActivityManager expire 24 lines
12-14 08:39:11.375  1337  1363 I chatty  : uid=1000(system) android.io expire 3 lines
12-14 08:39:11.454  1337  1354 I chatty  : uid=1000(system) android.bg expire 4 lines
12-14 08:39:21.908  1337  1948 I chatty  : uid=1000(system) HwBinder:1337_4 expire 40 lines
12-14 08:39:21.954  1337  1364 I chatty  : uid=1000(system) android.display expire 4 lines
12-14 08:39:42.038  1337  1667 I chatty  : uid=1000(system) HwBinder:1337_1 expire 72 lines
12-14 08:41:07.722  1337  1360 I chatty  : uid=1000(system) batterystats-wo expire 4 lines
12-14 08:48:40.687   955   955 E TLOC    : [TLOCChannel]"Can't receive message due to timeout"
12-14 08:48:40.687   955   955 I TLOC    : [TLOCDaemon ]"timeout passed - start periodic warm-up"
12-14 08:48:40.691   955   955 I TLOC    : [ModemComm  ]"Start a session successfully"
12-14 08:48:40.691   955   955 D TLOC    : [TLOCDaemon ]"The command finished successfully"
12-14 08:48:40.691   955   955 D TLOC    : [TLOCDaemon ]"waiting for command"
12-14 08:48:40.691   955   955 D TLOC    : [TLOCChannel] "Going to receive message for TLOCD"
12-14 08:48:40.691   955   955 D TLOC    : [TLOCChannel] "wait for message for user TLOCD"
12-14 08:48:41.334  1337  1948 I chatty  : uid=1000(system) HwBinder:1337_4 expire 20 lines
12-14 08:48:46.683   955  1326 I TLOC    : [Modem      ]"Received event indication of position report with status SUCCESS"
12-14 08:48:46.683   955  1326 D TLOC    : [Modem      ] "*********** Position Report: ***********"
12-14 08:48:46.683   955  1326 D TLOC    : [Modem      ] "	Latitude:	38.671979"
12-14 08:48:46.683   955  1326 D TLOC    : [Modem      ] "	Longitude:	-121.504617"
12-14 08:48:46.683   955  1326 D TLOC    : [Modem      ] "	Accuracy:	25.000000"
12-14 08:48:46.683   955  1326 D TLOC    : [Modem      ] "	Technology:	5"
12-14 08:48:46.683   955  1326 D TLOC    : [Modem      ] "	Time:		1576342127000"
12-14 08:48:46.683   955  1326 D TLOC    : [Modem      ] "	Altitude:	-3.147993"
12-14 08:48:46.683   955  1326 D TLOC    : [Modem      ] "	Speed:		0.000000"
12-14 08:48:46.683   955  1326 D TLOC    : [Modem      ] "****************************************"
12-14 08:48:46.683   955  1326 I TLOC    : [Modem      ]"Received location fix. Should close the session"
12-14 08:48:46.683   955  1326 D TLOC    : [TLOCChannel] "TLOCChannel is already initialized"
12-14 08:48:46.683   955  1326 D TLOC    : [TLOCChannel] "Going to send message to TLOCD"
12-14 08:48:46.684   955  1326 D TLOC    : [TLOCChannel]" --- message(id:10, size:0) ---> TLOCD"
12-14 08:48:46.684   955   955 D TLOC    : [TLOCChannel]" TLOCD <--- message(id:10, size:0) ---"
12-14 08:48:46.684   955   955 I TLOC    : [TLOCDaemon ]"WarmUp ended"
12-14 08:48:46.685   955   955 I TLOC    : [ModemComm  ]"Stopped the session successfully"
12-14 08:48:46.685   955   955 D TLOC    : [TLOCDaemon ]"The command finished successfully"
12-14 08:48:46.685   955   955 D TLOC    : [TLOCDaemon ]"waiting for command"
12-14 08:48:46.685   955   955 D TLOC    : [TLOCChannel] "Going to receive message for TLOCD"
12-14 08:48:46.685   955   955 D TLOC    : [TLOCChannel] "wait for message for user TLOCD"
12-14 08:49:41.794  1337  1667 I chatty  : uid=1000(system) HwBinder:1337_1 expire 14 lines
12-14 08:51:07.232  1337  1355 I chatty  : uid=1000(system) ActivityManager expire 23 lines
12-14 08:51:10.207  1337  1357 I chatty  : uid=1000(system) ActivityManager expire 13 lines
12-14 08:51:10.757  1337  1862 I chatty  : uid=1000(system) Binder:1337_5 expire 3 lines
12-14 08:51:10.823  1337  1746 I chatty  : uid=1000(system) Binder:1337_4 expire 4 lines
12-14 08:51:10.824  1337  2699 I chatty  : uid=1000(system) Binder:1337_A expire 3 lines
12-14 08:51:11.860  1337  4157 I chatty  : uid=1000(system) Binder:1337_13 expire 3 lines
12-14 08:51:13.042  1337  8630 I chatty  : uid=1000(system) Binder:1337_1D expire 3 lines
12-14 08:51:13.045  1337  2701 I chatty  : uid=1000(system) Binder:1337_C expire 5 lines
12-14 08:51:13.204  1337  1701 I chatty  : uid=1000(system) ConnectivitySer expire 3 lines
12-14 08:51:13.212  1337  8673 I chatty  : uid=1000(system) Binder:1337_1E expire 2 lines
12-14 08:51:14.158  1337  2332 I chatty  : uid=1000(system) Binder:1337_9 expire 4 lines
12-14 08:51:14.454  1337  9442 I chatty  : uid=1000(system) Binder:1337_1F expire 1 line
12-14 08:51:15.609  1337  2254 I chatty  : uid=1000(system) Binder:1337_7 expire 2 lines
12-14 08:51:17.232  1337  1366 I chatty  : uid=1000(system) PowerManagerSer expire 4 lines
12-14 08:51:17.241  1337  1337 I chatty  : uid=1000 system_server expire 10 lines
12-14 08:51:17.279  1337  6785 I chatty  : uid=1000(system) Binder:1337_19 expire 3 lines
12-14 08:51:17.338  1337  1349 I chatty  : uid=1000(system) Binder:1337_2 expire 2 lines
12-14 08:51:17.434  1337  2718 I chatty  : uid=1000(system) Binder:1337_E expire 1 line
12-14 08:51:17.637  1337  6161 I chatty  : uid=1000(system) Binder:1337_17 expire 5 lines
12-14 08:51:19.183  1337  1703 I chatty  : uid=1000(system) NsdService expire 3 lines
12-14 08:51:19.560 29590 30027 E ActivityThread: Failed to find provider info for com.teslacoilsw.notifier
12-14 08:51:19.563 29590 30027 I chatty  : uid=10071(com.google.android.apps.messaging) identical 1 line
12-14 08:51:19.565 29590 30027 E ActivityThread: Failed to find provider info for com.teslacoilsw.notifier
12-14 08:51:19.602  1337  1948 I chatty  : uid=1000(system) HwBinder:1337_4 expire 1 line
12-14 08:51:19.602  1337  1362 I chatty  : uid=1000(system) android.fg expire 1 line
12-14 08:51:21.237  1337  9887 I chatty  : uid=1000(system) Binder:1337_20 expire 1 line
12-14 08:51:23.313  1337  2282 I chatty  : uid=1000(system) Binder:1337_8 expire 1 line
12-14 08:51:25.062  1337  2719 I chatty  : uid=1000(system) Binder:1337_F expire 7 lines
12-14 08:51:25.571  1337  1746 I chatty  : uid=1000(system) Binder:1337_4 expire 1 line
12-14 08:51:26.711  1337  1357 I chatty  : uid=1000(system) ActivityManager expire 14 lines
12-14 08:51:28.584  1337  2700 I chatty  : uid=1000(system) Binder:1337_B expire 3 lines
12-14 08:51:29.422  1337  1366 I chatty  : uid=1000(system) PowerManagerSer expire 12 lines
12-14 08:51:29.422  1337  1337 I chatty  : uid=1000 system_server expire 27 lines
12-14 08:51:29.957  1337  1364 I chatty  : uid=1000(system) android.display expire 4 lines
12-14 08:51:29.964  1337  1600 I chatty  : uid=1000(system) android.anim expire 4 lines
12-14 08:51:30.224  1337  1948 I chatty  : uid=1000(system) HwBinder:1337_4 expire 77 lines
12-14 08:51:30.253 29804 30077 E ActivityThread: Failed to find provider info for com.teslacoilsw.notifier
12-14 08:51:30.390  1337  4153 I chatty  : uid=1000(system) Binder:1337_10 expire 1 line
12-14 08:51:30.391  1337  1701 I chatty  : uid=1000(system) ConnectivitySer expire 6 lines
12-14 08:51:45.334  1337  1667 I chatty  : uid=1000(system) HwBinder:1337_1 expire 62 lines
12-14 08:51:51.815  1337  2712 I chatty  : uid=1000(system) Binder:1337_D expire 3 lines
12-14 08:51:52.012  1337  1355 I chatty  : uid=1000(system) ActivityManager expire 20 lines
12-14 08:51:52.170  1337  2254 I chatty  : uid=1000(system) Binder:1337_7 expire 1 line
12-14 08:51:52.171  1337  4157 I chatty  : uid=1000(system) Binder:1337_13 expire 1 line
12-14 08:51:52.171  1337  5864 I chatty  : uid=1000(system) Binder:1337_16 expire 1 line
12-14 08:51:52.181  1337  6286 I chatty  : uid=1000(system) Binder:1337_18 expire 3 lines
12-14 08:52:31.376  1337  4155 I chatty  : uid=1000(system) Binder:1337_12 expire 6 lines
12-14 08:53:10.889  1337  1862 I chatty  : uid=1000(system) Binder:1337_5 expire 1 line
12-14 08:54:58.423  1337  1362 I chatty  : uid=1000(system) android.fg expire 7 lines
12-14 08:54:58.534  1337  1360 I chatty  : uid=1000(system) batterystats-wo expire 4 lines
12-14 08:55:00.655  1337  1363 I chatty  : uid=1000(system) android.io expire 1 line
12-14 08:55:00.729  1337  1354 I chatty  : uid=1000(system) android.bg expire 4 lines
12-14 08:58:42.514  1337  1739 I chatty  : uid=1000(system) Binder:1337_3 expire 3 lines
12-14 08:58:42.525  1337  2699 I chatty  : uid=1000(system) Binder:1337_A expire 2 lines
12-14 08:58:53.724  1337  1356 I chatty  : uid=1000(system) android.ui expire 9 lines
12-14 08:59:22.981  1337  2282 I chatty  : uid=1000(system) Binder:1337_8 expire 2 lines
12-14 09:02:55.929   902   967 E NetlinkEvent: NetlinkEvent::FindParam(): Parameter 'INTERFACE' not found
12-14 09:02:55.930   902   967 E NetlinkEvent: NetlinkEvent::FindParam(): Parameter 'STATE' not found
12-14 09:02:55.930   902   967 E NetlinkEvent: NetlinkEvent::FindParam(): Parameter 'TIME_NS' not found
12-14 09:02:55.930   902   967 E NetlinkEvent: NetlinkEvent::FindParam(): Parameter 'UID' not found
12-14 09:02:56.962  1337  1948 I chatty  : uid=1000(system) HwBinder:1337_4 expire 16 lines
12-14 09:03:12.181   902   967 E NetlinkEvent: NetlinkEvent::FindParam(): Parameter 'INTERFACE' not found
12-14 09:03:12.181   902   967 E NetlinkEvent: NetlinkEvent::FindParam(): Parameter 'STATE' not found
12-14 09:03:12.181   902   967 E NetlinkEvent: NetlinkEvent::FindParam(): Parameter 'TIME_NS' not found
12-14 09:03:12.181   902   967 E NetlinkEvent: NetlinkEvent::FindParam(): Parameter 'UID' not found
12-14 09:03:18.026   902   967 E NetlinkEvent: NetlinkEvent::FindParam(): Parameter 'INTERFACE' not found
12-14 09:03:18.026   902   967 E NetlinkEvent: NetlinkEvent::FindParam(): Parameter 'STATE' not found
12-14 09:03:18.026   902   967 E NetlinkEvent: NetlinkEvent::FindParam(): Parameter 'TIME_NS' not found
12-14 09:03:18.026   902   967 E NetlinkEvent: NetlinkEvent::FindParam(): Parameter 'UID' not found
12-14 09:03:23.854   902   967 E NetlinkEvent: NetlinkEvent::FindParam(): Parameter 'INTERFACE' not found
12-14 09:03:23.854   902   967 E NetlinkEvent: NetlinkEvent::FindParam(): Parameter 'STATE' not found
12-14 09:03:23.854   902   967 E NetlinkEvent: NetlinkEvent::FindParam(): Parameter 'TIME_NS' not found
12-14 09:03:23.854   902   967 E NetlinkEvent: NetlinkEvent::FindParam(): Parameter 'UID' not found
12-14 09:03:24.137 31829 31829 E SchedPolicy: set_timerslack_ns write failed: Operation not permitted
12-14 09:03:24.137 31829 31829 I chatty  : uid=10095(com.viber.voip) identical 6 lines
12-14 09:03:24.137 31829 31829 E SchedPolicy: set_timerslack_ns write failed: Operation not permitted
12-14 09:03:24.331 31829 31904 E ActivityThread: Failed to find provider info for com.facebook.katana.provider.AttributionIdProvider
12-14 09:03:24.365 31829 31848 E SchedPolicy: set_timerslack_ns write failed: Operation not permitted
12-14 09:03:24.365 31829 31848 I chatty  : uid=10095(com.viber.voip) identical 6 lines
12-14 09:03:24.365 31829 31848 E SchedPolicy: set_timerslack_ns write failed: Operation not permitted
12-14 09:03:25.421 31829 31848 E ActivityThread: Failed to find provider info for com.teslacoilsw.notifier
12-14 09:03:29.284 31829 31991 E ActivityThread: Failed to find provider info for com.facebook.katana.provider.AttributionIdProvider
12-14 09:03:29.686   902   967 E NetlinkEvent: NetlinkEvent::FindParam(): Parameter 'INTERFACE' not found
12-14 09:03:29.687   902   967 E NetlinkEvent: NetlinkEvent::FindParam(): Parameter 'STATE' not found
12-14 09:03:29.687   902   967 E NetlinkEvent: NetlinkEvent::FindParam(): Parameter 'TIME_NS' not found
12-14 09:03:29.687   902   967 E NetlinkEvent: NetlinkEvent::FindParam(): Parameter 'UID' not found
12-14 09:03:35.541   902   967 E NetlinkEvent: NetlinkEvent::FindParam(): Parameter 'INTERFACE' not found
12-14 09:03:35.542   902   967 E NetlinkEvent: NetlinkEvent::FindParam(): Parameter 'STATE' not found
12-14 09:03:35.542   902   967 E NetlinkEvent: NetlinkEvent::FindParam(): Parameter 'TIME_NS' not found
12-14 09:03:35.542   902   967 E NetlinkEvent: NetlinkEvent::FindParam(): Parameter 'UID' not found
12-14 09:03:42.451  1337  1337 I chatty  : uid=1000 system_server expire 8 lines
12-14 09:04:01.217  1337  1667 I chatty  : uid=1000(system) HwBinder:1337_1 expire 10 lines
12-14 09:05:01.142 32155 32155 D ActivityThread: Loading provider com.whatsapp.provider.contact: com.whatsapp.contact.ContactProvider
12-14 09:05:01.653  1337  1667 I chatty  : uid=1000(system) HwBinder:1337_1 expire 2 lines
12-14 09:05:01.752  1337  2701 I chatty  : uid=1000(system) Binder:1337_C expire 1 line
12-14 09:05:02.931  1337  1348 I chatty  : uid=1000(system) Binder:1337_1 expire 2 lines
12-14 09:05:03.852  1337  4154 I chatty  : uid=1000(system) Binder:1337_11 expire 1 line
12-14 09:05:04.414  1337  7615 I chatty  : uid=1000(system) Binder:1337_1A expire 1 line
12-14 09:05:04.661  1337  1355 I chatty  : uid=1000(system) ActivityManager expire 8 lines
12-14 09:05:04.667  1337  1366 I chatty  : uid=1000(system) PowerManagerSer expire 3 lines
12-14 09:05:04.798  1337  4158 I chatty  : uid=1000(system) Binder:1337_14 expire 4 lines
12-14 09:05:04.858  1337  4157 I chatty  : uid=1000(system) Binder:1337_13 expire 3 lines
12-14 09:05:04.890  1337  4154 I chatty  : uid=1000(system) Binder:1337_11 expire 8 lines
12-14 09:05:04.925  1337  1703 I chatty  : uid=1000(system) NsdService expire 2 lines
12-14 09:05:04.951  1337  2712 I chatty  : uid=1000(system) Binder:1337_D expire 5 lines
12-14 09:05:04.952  1337  1701 I chatty  : uid=1000(system) ConnectivitySer expire 12 lines
12-14 09:05:04.973  1337  1355 I chatty  : uid=1000(system) ActivityManager expire 11 lines
12-14 09:05:05.020  1337  1366 I chatty  : uid=1000(system) PowerManagerSer expire 13 lines
12-14 09:05:05.144  1337  1863 I chatty  : uid=1000(system) Binder:1337_6 expire 5 lines
12-14 09:05:05.196  1337  7615 I chatty  : uid=1000(system) Binder:1337_1A expire 4 lines
12-14 09:05:05.241  1337  6161 I chatty  : uid=1000(system) Binder:1337_17 expire 3 lines
12-14 09:05:06.836  1337  1667 I chatty  : uid=1000(system) HwBinder:1337_1 expire 19 lines
12-14 09:05:06.837  1337  1362 I chatty  : uid=1000(system) android.fg expire 3 lines
12-14 09:05:07.143  1337  1363 I chatty  : uid=1000(system) android.io expire 2 lines
12-14 09:05:07.187  1337  1337 I chatty  : uid=1000 system_server expire 13 lines
12-14 09:05:07.235  1337  1354 I chatty  : uid=1000(system) android.bg expire 3 lines
12-14 09:05:17.700  1337  1364 I chatty  : uid=1000(system) android.display expire 3 lines
12-14 09:05:17.703  1337  1600 I chatty  : uid=1000(system) android.anim expire 3 lines
12-14 09:05:25.100  1337  2701 I chatty  : uid=1000(system) Binder:1337_C expire 1 line
12-14 09:05:25.286  1337  1356 I chatty  : uid=1000(system) android.ui expire 7 lines
12-14 09:05:27.672  1337  9442 I chatty  : uid=1000(system) Binder:1337_1F expire 1 line
12-14 09:05:27.672  1337  1746 I chatty  : uid=1000(system) Binder:1337_4 expire 2 lines
12-14 09:05:32.773  1337  1948 I chatty  : uid=1000(system) HwBinder:1337_4 expire 25 lines
12-14 09:05:44.434  1337  1357 I chatty  : uid=1000(system) ActivityManager expire 10 lines
12-14 09:05:44.732  1310  1310 E SchedPolicy: set_timerslack_ns write failed: Operation not permitted
12-14 09:05:44.732  1310  1310 I chatty  : uid=10095(com.viber.voip) identical 6 lines
12-14 09:05:44.732  1310  1310 E SchedPolicy: set_timerslack_ns write failed: Operation not permitted
12-14 09:05:45.199  1310  1433 E ActivityThread: Failed to find provider info for com.facebook.katana.provider.AttributionIdProvider
12-14 09:05:45.368  1310  1373 E ActivityThread: Failed to find provider info for com.teslacoilsw.notifier
12-14 09:05:45.483  1310  1373 E SchedPolicy: set_timerslack_ns write failed: Operation not permitted
12-14 09:05:45.485  1310  1373 I chatty  : uid=10095(com.viber.voip) identical 6 lines
12-14 09:05:45.485  1310  1373 E SchedPolicy: set_timerslack_ns write failed: Operation not permitted
12-14 09:05:49.930  1310  1557 E ActivityThread: Failed to find provider info for com.facebook.katana.provider.AttributionIdProvider
12-14 09:05:51.529  1337  1348 I chatty  : uid=1000(system) Binder:1337_1 expire 1 line
12-14 09:06:03.971  1337  2718 I chatty  : uid=1000(system) Binder:1337_E expire 2 lines
12-14 09:06:04.369  1656  1830 E ActivityThread: Failed to find provider info for com.teslacoilsw.notifier
12-14 09:06:04.676  1337  6785 I chatty  : uid=1000(system) Binder:1337_19 expire 2 lines
12-14 09:06:05.197  1337  1355 I chatty  : uid=1000(system) ActivityManager expire 17 lines
12-14 09:06:05.221  1337  1337 I chatty  : uid=1000 system_server expire 12 lines
12-14 09:06:05.266  1337  1360 I chatty  : uid=1000(system) batterystats-wo expire 1 line
12-14 09:06:07.966  2056  2178 E ActivityThread: Failed to find provider info for com.facebook.katana.provider.AttributionIdProvider
12-14 09:06:22.055  1656  1788 E ActivityThread: Failed to find provider info for com.teslacoilsw.notifier
12-14 09:06:26.846  1337  1337 I chatty  : uid=1000 system_server expire 7 lines
12-14 09:06:32.117  1337  1355 I chatty  : uid=1000(system) ActivityManager expire 4 lines
12-14 09:06:42.300  1337  8630 I chatty  : uid=1000(system) Binder:1337_1D expire 2 lines
12-14 09:07:10.434  1337  9887 I chatty  : uid=1000(system) Binder:1337_20 expire 2 lines
12-14 09:07:23.639  1337  4155 I chatty  : uid=1000(system) Binder:1337_12 expire 2 lines
12-14 09:07:23.655  1337  2719 I chatty  : uid=1000(system) Binder:1337_F expire 6 lines
12-14 09:07:23.703  1337  7688 I chatty  : uid=1000(system) Binder:1337_1B expire 4 lines
12-14 09:07:41.127  1337  2699 I chatty  : uid=1000(system) Binder:1337_A expire 3 lines
12-14 09:07:41.185  1337  8673 I chatty  : uid=1000(system) Binder:1337_1E expire 2 lines
12-14 09:07:41.542  1337  6286 I chatty  : uid=1000(system) Binder:1337_18 expire 4 lines
12-14 09:07:51.202  2501  2555 E ActivityThread: Failed to find provider info for com.teslacoilsw.notifier
12-14 09:07:51.208  2501  2555 I chatty  : uid=10071(com.google.android.apps.messaging) identical 1 line
12-14 09:07:51.210  2501  2555 E ActivityThread: Failed to find provider info for com.teslacoilsw.notifier
12-14 09:07:53.891  1337  1948 I chatty  : uid=1000(system) HwBinder:1337_4 expire 21 lines
12-14 09:08:16.986  1337  1701 I chatty  : uid=1000(system) ConnectivitySer expire 4 lines
12-14 09:09:18.618  1337  1739 I chatty  : uid=1000(system) Binder:1337_3 expire 1 line
12-14 09:10:26.243  3012  3079 E ActivityThread: Failed to find provider info for com.teslacoilsw.notifier
12-14 09:10:30.046  1337  1948 I chatty  : uid=1000(system) HwBinder:1337_4 expire 6 lines
12-14 09:10:55.230  1337  1667 I chatty  : uid=1000(system) HwBinder:1337_1 expire 35 lines
12-14 09:11:31.068  1337  1337 I chatty  : uid=1000 system_server expire 12 lines
12-14 09:11:54.643  1337  1356 I chatty  : uid=1000(system) android.ui expire 13 lines
12-14 09:12:15.808  1337  1948 I chatty  : uid=1000(system) HwBinder:1337_4 expire 28 lines
12-14 09:13:01.435  1337  6785 I chatty  : uid=1000(system) Binder:1337_19 expire 2 lines
12-14 09:14:16.054  1337  1360 I chatty  : uid=1000(system) batterystats-wo expire 3 lines
12-14 09:14:20.349  1337  1357 I chatty  : uid=1000(system) ActivityManager expire 6 lines
12-14 09:14:34.352  1337  1348 I chatty  : uid=1000(system) Binder:1337_1 expire 1 line
12-14 09:14:40.179  1337  1362 I chatty  : uid=1000(system) android.fg expire 9 lines
12-14 09:16:07.777  1337  1739 I chatty  : uid=1000(system) Binder:1337_3 expire 2 lines
12-14 09:16:08.415  1337  7839 I chatty  : uid=1000(system) Binder:1337_1C expire 2 lines
12-14 09:16:08.529  1337  1746 I chatty  : uid=1000(system) Binder:1337_4 expire 2 lines
12-14 09:16:11.095  4030  4030 D ActivityThread: Loading provider com.whatsapp.provider.contact: com.whatsapp.contact.ContactProvider
12-14 09:16:11.705  1337  2712 I chatty  : uid=1000(system) Binder:1337_D expire 4 lines
12-14 09:16:12.660  1337  1948 I chatty  : uid=1000(system) HwBinder:1337_4 expire 10 lines
12-14 09:16:17.000  1337  1337 I chatty  : uid=1000 system_server expire 18 lines
12-14 09:16:25.686  1337  1667 I chatty  : uid=1000(system) HwBinder:1337_1 expire 15 lines
12-14 09:16:49.102  1337  5864 I chatty  : uid=1000(system) Binder:1337_16 expire 3 lines
12-14 09:17:48.671  1337  2718 I chatty  : uid=1000(system) Binder:1337_E expire 1 line
12-14 09:17:50.630  1337  4157 I chatty  : uid=1000(system) Binder:1337_13 expire 2 lines
12-14 09:17:50.712  1337  2699 I chatty  : uid=1000(system) Binder:1337_A expire 1 line
12-14 09:17:50.712  1337  8630 I chatty  : uid=1000(system) Binder:1337_1D expire 1 line
12-14 09:17:50.713  1337  2254 I chatty  : uid=1000(system) Binder:1337_7 expire 1 line
12-14 09:17:50.713  1337  1701 I chatty  : uid=1000(system) ConnectivitySer expire 3 lines
12-14 09:17:52.124  1337  1366 I chatty  : uid=1000(system) PowerManagerSer expire 7 lines
12-14 09:17:52.124  1337  2332 I chatty  : uid=1000(system) Binder:1337_9 expire 2 lines
12-14 09:17:52.142  1337  1364 I chatty  : uid=1000(system) android.display expire 2 lines
12-14 09:17:52.143  1337  1355 I chatty  : uid=1000(system) ActivityManager expire 17 lines
12-14 09:17:52.172  1337  1600 I chatty  : uid=1000(system) android.anim expire 2 lines
12-14 09:17:52.469  1337  9887 I chatty  : uid=1000(system) Binder:1337_20 expire 1 line
12-14 09:17:54.732  1337  1363 I chatty  : uid=1000(system) android.io expire 1 line
12-14 09:17:54.787  1337  1354 I chatty  : uid=1000(system) android.bg expire 3 lines
12-14 09:18:10.146  1337  1677 I chatty  : uid=1000(system) HwBinder:1337_2 expire 10 lines
12-14 09:18:46.686   955   955 E TLOC    : [TLOCChannel]"Can't receive message due to timeout"
12-14 09:18:46.686   955   955 I TLOC    : [TLOCDaemon ]"timeout passed - start periodic warm-up"
12-14 09:18:46.688   955   955 I TLOC    : [ModemComm  ]"Start a session successfully"
12-14 09:18:46.688   955   955 D TLOC    : [TLOCDaemon ]"The command finished successfully"
12-14 09:18:46.688   955   955 D TLOC    : [TLOCDaemon ]"waiting for command"
12-14 09:18:46.688   955   955 D TLOC    : [TLOCChannel] "Going to receive message for TLOCD"
12-14 09:18:46.688   955   955 D TLOC    : [TLOCChannel] "wait for message for user TLOCD"
12-14 09:18:55.684   955  1326 I TLOC    : [Modem      ]"Received event indication of position report with status SUCCESS"
12-14 09:18:55.684   955  1326 D TLOC    : [Modem      ] "*********** Position Report: ***********"
12-14 09:18:55.684   955  1326 D TLOC    : [Modem      ] "	Latitude:	38.671786"
12-14 09:18:55.684   955  1326 D TLOC    : [Modem      ] "	Longitude:	-121.504652"
12-14 09:18:55.684   955  1326 D TLOC    : [Modem      ] "	Accuracy:	45.000000"
12-14 09:18:55.684   955  1326 D TLOC    : [Modem      ] "	Technology:	5"
12-14 09:18:55.684   955  1326 D TLOC    : [Modem      ] "	Time:		1576343936000"
12-14 09:18:55.684   955  1326 D TLOC    : [Modem      ] "	Altitude:	5.157234"
12-14 09:18:55.684   955  1326 D TLOC    : [Modem      ] "	Speed:		0.000000"
12-14 09:18:55.684   955  1326 D TLOC    : [Modem      ] "****************************************"
12-14 09:18:55.684   955  1326 I TLOC    : [Modem      ]"Received location fix. Should close the session"
12-14 09:18:55.684   955  1326 D TLOC    : [TLOCChannel] "TLOCChannel is already initialized"
12-14 09:18:55.684   955  1326 D TLOC    : [TLOCChannel] "Going to send message to TLOCD"
12-14 09:18:55.684   955  1326 D TLOC    : [TLOCChannel]" --- message(id:10, size:0) ---> TLOCD"
12-14 09:18:55.684   955   955 D TLOC    : [TLOCChannel]" TLOCD <--- message(id:10, size:0) ---"
12-14 09:18:55.684   955   955 I TLOC    : [TLOCDaemon ]"WarmUp ended"
12-14 09:18:55.686   955   955 I TLOC    : [ModemComm  ]"Stopped the session successfully"
12-14 09:18:55.686   955   955 D TLOC    : [TLOCDaemon ]"The command finished successfully"
12-14 09:18:55.686   955   955 D TLOC    : [TLOCDaemon ]"waiting for command"
12-14 09:18:55.686   955   955 D TLOC    : [TLOCChannel] "Going to receive message for TLOCD"
12-14 09:18:55.686   955   955 D TLOC    : [TLOCChannel] "wait for message for user TLOCD"
12-14 09:18:59.096  1337  1337 I chatty  : uid=1000 system_server expire 18 lines
12-14 09:19:00.522  1337  1948 I chatty  : uid=1000(system) HwBinder:1337_4 expire 15 lines
12-14 09:19:04.312  1337  1862 I chatty  : uid=1000(system) Binder:1337_5 expire 1 line
12-14 09:19:04.357  1337  2700 I chatty  : uid=1000(system) Binder:1337_B expire 1 line
12-14 09:19:05.570  1337  1677 I chatty  : uid=1000(system) HwBinder:1337_2 expire 29 lines
12-14 09:19:30.980  1337  1356 I chatty  : uid=1000(system) android.ui expire 15 lines
12-14 09:22:37.483  1337  1948 I chatty  : uid=1000(system) HwBinder:1337_4 expire 25 lines
12-14 09:22:48.658  1337  1337 I chatty  : uid=1000 system_server expire 39 lines
12-14 09:22:52.589  1337  1677 I chatty  : uid=1000(system) HwBinder:1337_2 expire 24 lines
12-14 09:23:20.754  1337  1362 I chatty  : uid=1000(system) android.fg expire 8 lines
12-14 09:23:20.777  1337  1366 I chatty  : uid=1000(system) PowerManagerSer expire 16 lines
12-14 09:23:20.780  1337  1355 I chatty  : uid=1000(system) ActivityManager expire 32 lines
12-14 09:23:20.805  1337  1364 I chatty  : uid=1000(system) android.display expire 7 lines
12-14 09:23:20.836  1337  1600 I chatty  : uid=1000(system) android.anim expire 7 lines
12-14 09:23:20.885  1337  1360 I chatty  : uid=1000(system) batterystats-wo expire 4 lines
12-14 09:23:22.930  1337  1363 I chatty  : uid=1000(system) android.io expire 3 lines
12-14 09:23:23.005  1337  1354 I chatty  : uid=1000(system) android.bg expire 3 lines
12-14 09:26:20.629  1337  2712 I chatty  : uid=1000(system) Binder:1337_D expire 2 lines
12-14 09:26:37.332  1337  1987 I chatty  : uid=1000(system) HwBinder:1337_5 expire 10 lines
12-14 09:26:50.633  1337  7688 I chatty  : uid=1000(system) Binder:1337_1B expire 3 lines
12-14 09:27:03.780  1337  1357 I chatty  : uid=1000(system) ActivityManager expire 6 lines
12-14 09:27:04.266  1337  7839 I chatty  : uid=1000(system) Binder:1337_1C expire 3 lines
12-14 09:27:06.312  5202  5334 E ActivityThread: Failed to find provider info for com.facebook.katana.provider.AttributionIdProvider
12-14 09:27:07.159  1337  1862 I chatty  : uid=1000(system) Binder:1337_5 expire 1 line
12-14 09:27:07.416  1337  1863 I chatty  : uid=1000(system) Binder:1337_6 expire 4 lines
12-14 09:27:07.626  1337  9442 I chatty  : uid=1000(system) Binder:1337_1F expire 1 line
12-14 09:27:07.627  1337  1701 I chatty  : uid=1000(system) ConnectivitySer expire 2 lines
12-14 09:27:17.825  1337  4159 I chatty  : uid=1000(system) Binder:1337_15 expire 2 lines
12-14 09:27:27.700  1337  1677 I chatty  : uid=1000(system) HwBinder:1337_2 expire 12 lines
12-14 09:27:31.207  1337  1355 I chatty  : uid=1000(system) ActivityManager expire 24 lines
12-14 09:27:31.273  1337  1349 I chatty  : uid=1000(system) Binder:1337_2 expire 1 line
12-14 09:27:31.890  1337  1366 I chatty  : uid=1000(system) PowerManagerSer expire 10 lines
12-14 09:27:31.906  1337  1337 I chatty  : uid=1000 system_server expire 36 lines
12-14 09:28:17.858  1337  1360 I chatty  : uid=1000(system) batterystats-wo expire 6 lines
12-14 09:28:17.882  1337  1355 I chatty  : uid=1000(system) ActivityManager expire 25 lines
12-14 09:28:18.093  1337  1366 I chatty  : uid=1000(system) PowerManagerSer expire 14 lines
12-14 09:28:19.936  1337  1677 I chatty  : uid=1000(system) HwBinder:1337_2 expire 62 lines
12-14 09:28:19.937  1337  1362 I chatty  : uid=1000(system) android.fg expire 9 lines
12-14 09:28:20.203  1337  1363 I chatty  : uid=1000(system) android.io expire 4 lines
12-14 09:28:20.269  1337  1354 I chatty  : uid=1000(system) android.bg expire 5 lines
12-14 09:28:21.795  1337  1357 I chatty  : uid=1000(system) ActivityManager expire 5 lines
12-14 09:28:30.763  1337  1364 I chatty  : uid=1000(system) android.display expire 7 lines
12-14 09:28:30.772  1337  1600 I chatty  : uid=1000(system) android.anim expire 6 lines
12-14 09:28:43.057  1337  2282 I chatty  : uid=1000(system) Binder:1337_8 expire 1 line
12-14 09:28:43.099  1337  8673 I chatty  : uid=1000(system) Binder:1337_1E expire 2 lines
12-14 09:28:43.258  1337  9887 I chatty  : uid=1000(system) Binder:1337_20 expire 2 lines
12-14 09:28:43.341  1337  1746 I chatty  : uid=1000(system) Binder:1337_4 expire 1 line
12-14 09:28:43.341  1337  4159 I chatty  : uid=1000(system) Binder:1337_15 expire 1 line
12-14 09:28:43.342  1337  1701 I chatty  : uid=1000(system) ConnectivitySer expire 3 lines
12-14 09:28:43.353  1337  4154 I chatty  : uid=1000(system) Binder:1337_11 expire 3 lines
12-14 09:29:06.087  1337  1987 I chatty  : uid=1000(system) HwBinder:1337_5 expire 48 lines
12-14 09:31:11.141  1337  8630 I chatty  : uid=1000(system) Binder:1337_1D expire 1 line
12-14 09:31:11.672  1337  2701 I chatty  : uid=1000(system) Binder:1337_C expire 1 line
12-14 09:31:24.025  1337  7688 I chatty  : uid=1000(system) Binder:1337_1B expire 1 line
12-14 09:37:16.109  1760  1760 I PowerUI : avg=27.539223,min=27.018002,max=28.944002
12-14 09:37:18.712  1337  1677 I chatty  : uid=1000(system) HwBinder:1337_2 expire 22 lines
12-14 09:38:59.440  1337  1987 I chatty  : uid=1000(system) HwBinder:1337_5 expire 34 lines
12-14 09:38:59.457  1337  1366 I chatty  : uid=1000(system) PowerManagerSer expire 16 lines
