12-14 12:36:23.870  1337  7615 I chatty  : uid=1000(system) Binder:1337_1A expire 9 lines
12-14 12:36:23.877  1337  4153 I chatty  : uid=1000(system) Binder:1337_10 expire 7 lines
12-14 12:36:23.933  1337  2719 I chatty  : uid=1000(system) Binder:1337_F expire 6 lines
12-14 12:36:24.031  1337  2332 I chatty  : uid=1000(system) Binder:1337_9 expire 2 lines
12-14 12:36:24.114  1337  1863 I chatty  : uid=1000(system) Binder:1337_6 expire 1 line
12-14 12:36:24.114  1337  4157 I chatty  : uid=1000(system) Binder:1337_13 expire 6 lines
12-14 12:36:24.115  1337  1701 I chatty  : uid=1000(system) ConnectivitySer expire 11 lines
12-14 12:36:27.223   902   967 E NetlinkEvent: NetlinkEvent::FindParam(): Parameter 'INTERFACE' not found
12-14 12:36:27.223   902   967 E NetlinkEvent: NetlinkEvent::FindParam(): Parameter 'STATE' not found
12-14 12:36:27.223   902   967 E NetlinkEvent: NetlinkEvent::FindParam(): Parameter 'TIME_NS' not found
12-14 12:36:27.223   902   967 E NetlinkEvent: NetlinkEvent::FindParam(): Parameter 'UID' not found
12-14 12:36:28.243  1337  7688 I chatty  : uid=1000(system) Binder:1337_1B expire 9 lines
12-14 12:36:28.371  1337  1356 I chatty  : uid=1000(system) android.ui expire 11 lines
12-14 12:36:33.054   902   967 E NetlinkEvent: NetlinkEvent::FindParam(): Parameter 'INTERFACE' not found
12-14 12:36:33.054   902   967 E NetlinkEvent: NetlinkEvent::FindParam(): Parameter 'STATE' not found
12-14 12:36:33.054   902   967 E NetlinkEvent: NetlinkEvent::FindParam(): Parameter 'TIME_NS' not found
12-14 12:36:33.054   902   967 E NetlinkEvent: NetlinkEvent::FindParam(): Parameter 'UID' not found
12-14 12:36:34.402  1337  2712 I chatty  : uid=1000(system) Binder:1337_D expire 10 lines
12-14 12:36:38.883   902   967 E NetlinkEvent: NetlinkEvent::FindParam(): Parameter 'INTERFACE' not found
12-14 12:36:38.883   902   967 E NetlinkEvent: NetlinkEvent::FindParam(): Parameter 'STATE' not found
12-14 12:36:38.883   902   967 E NetlinkEvent: NetlinkEvent::FindParam(): Parameter 'TIME_NS' not found
12-14 12:36:38.883   902   967 E NetlinkEvent: NetlinkEvent::FindParam(): Parameter 'UID' not found
12-14 12:36:40.385  1337  2699 I chatty  : uid=1000(system) Binder:1337_A expire 6 lines
12-14 12:36:44.455 10461 10506 E ActivityThread: Failed to find provider info for com.teslacoilsw.notifier
12-14 12:36:44.458 10461 10506 I chatty  : uid=10071(com.google.android.apps.messaging) identical 1 line
12-14 12:36:44.462 10461 10506 E ActivityThread: Failed to find provider info for com.teslacoilsw.notifier
12-14 12:36:50.187  1337  2254 I chatty  : uid=1000(system) Binder:1337_7 expire 2 lines
12-14 12:36:50.553  1337  9442 I chatty  : uid=1000(system) Binder:1337_1F expire 2 lines
12-14 12:36:54.487  1337  5864 I chatty  : uid=1000(system) Binder:1337_16 expire 12 lines
12-14 12:36:56.950  1337  1600 I chatty  : uid=1000(system) android.anim expire 1 line
12-14 12:36:57.134  1337  1679 I chatty  : uid=1000(system) InputDispatcher expire 1 line
12-14 12:37:03.728  1337  1360 I chatty  : uid=1000(system) batterystats-wo expire 4 lines
12-14 12:37:38.856  1337  1862 I chatty  : uid=1000(system) Binder:1337_5 expire 5 lines
12-14 12:38:34.455  1337  8673 I chatty  : uid=1000(system) Binder:1337_1E expire 2 lines
12-14 12:38:39.667  1337  4159 I chatty  : uid=1000(system) Binder:1337_15 expire 4 lines
12-14 12:41:16.087  1337  1746 I chatty  : uid=1000(system) Binder:1337_4 expire 3 lines
12-14 12:41:16.111  1337  4154 I chatty  : uid=1000(system) Binder:1337_11 expire 5 lines
12-14 12:41:16.830  1337  6785 I chatty  : uid=1000(system) Binder:1337_19 expire 6 lines
12-14 12:41:28.885  1337  1349 I chatty  : uid=1000(system) Binder:1337_2 expire 4 lines
12-14 12:41:31.508  1337  7839 I chatty  : uid=1000(system) Binder:1337_1C expire 6 lines
12-14 12:41:33.689 12748 12748 E SchedPolicy: set_timerslack_ns write failed: Operation not permitted
12-14 12:41:33.690 12748 12748 I chatty  : uid=10095(com.viber.voip) pool-54-thread- identical 6 lines
12-14 12:41:33.690 12748 12748 E SchedPolicy: set_timerslack_ns write failed: Operation not permitted
12-14 12:41:33.855 12748 12823 E ActivityThread: Failed to find provider info for com.facebook.katana.provider.AttributionIdProvider
12-14 12:41:33.912 12748 12769 E SchedPolicy: set_timerslack_ns write failed: Operation not permitted
12-14 12:41:33.916 12748 12769 I chatty  : uid=10095(com.viber.voip) Jit thread pool identical 6 lines
12-14 12:41:33.916 12748 12769 E SchedPolicy: set_timerslack_ns write failed: Operation not permitted
12-14 12:41:34.448 12329 12442 E ActivityThread: Failed to find provider info for com.teslacoilsw.notifier
12-14 12:41:34.585 12748 12769 E ActivityThread: Failed to find provider info for com.teslacoilsw.notifier
12-14 12:41:38.804 12748 12918 E ActivityThread: Failed to find provider info for com.facebook.katana.provider.AttributionIdProvider
12-14 12:41:53.222  1760  1760 I PowerUI : avg=33.688534,min=28.256,max=36.25
12-14 12:41:54.140  1337  1355 I chatty  : uid=1000(system) ActivityManager expire 4 lines
12-14 12:42:32.030  1337  1337 I chatty  : uid=1000 system_server expire 12 lines
12-14 12:43:30.287   955   955 E TLOC    : [TLOCChannel]"Can't receive message due to timeout"
12-14 12:43:30.287   955   955 I TLOC    : [TLOCDaemon ]"timeout passed - start periodic warm-up"
12-14 12:43:30.290   955   955 I TLOC    : [ModemComm  ]"Start a session successfully"
12-14 12:43:30.290   955   955 D TLOC    : [TLOCDaemon ]"The command finished successfully"
12-14 12:43:30.290   955   955 D TLOC    : [TLOCDaemon ]"waiting for command"
12-14 12:43:30.290   955   955 D TLOC    : [TLOCChannel] "Going to receive message for TLOCD"
12-14 12:43:30.290   955   955 D TLOC    : [TLOCChannel] "wait for message for user TLOCD"
12-14 12:43:30.734  1337  8630 I chatty  : uid=1000(system) Binder:1337_1D expire 5 lines
12-14 12:43:30.839  1337  1357 I chatty  : uid=1000(system) ActivityManager expire 10 lines
12-14 12:43:30.968  1337  1348 I chatty  : uid=1000(system) Binder:1337_1 expire 1 line
12-14 12:43:31.041  1337  1366 I chatty  : uid=1000(system) PowerManagerSer expire 7 lines
12-14 12:43:31.678  1337  2701 I chatty  : uid=1000(system) Binder:1337_C expire 5 lines
12-14 12:43:43.104  1337  1356 I chatty  : uid=1000(system) android.ui expire 3 lines
12-14 12:43:47.313  1337  4158 I chatty  : uid=1000(system) Binder:1337_14 expire 1 line
12-14 12:43:47.322  1337  6286 I chatty  : uid=1000(system) Binder:1337_18 expire 2 lines
12-14 12:43:50.290   955   955 E TLOC    : [TLOCChannel]"Can't receive message due to timeout"
12-14 12:43:50.290   955   955 I TLOC    : [TLOCDaemon ]"timeout passed with no location fix - close the session"
12-14 12:43:50.292   955  1326 I TLOC    : [Modem      ]"Received event indication of position report with status USER_END"
12-14 12:43:50.292   955   955 I TLOC    : [ModemComm  ]"Stopped the session successfully"
12-14 12:43:50.292   955   955 D TLOC    : [TLOCDaemon ]"The command finished successfully"
12-14 12:43:50.292   955   955 D TLOC    : [TLOCDaemon ]"waiting for command"
12-14 12:43:50.292   955   955 D TLOC    : [TLOCChannel] "Going to receive message for TLOCD"
12-14 12:43:50.292   955   955 D TLOC    : [TLOCChannel] "wait for message for user TLOCD"
12-14 12:44:13.192  1337  1354 I chatty  : uid=1000(system) android.bg expire 1 line
12-14 12:44:13.303  1337  1337 I chatty  : uid=1000 system_server expire 5 lines
12-14 12:44:27.397  1337  1357 I chatty  : uid=1000(system) ActivityManager expire 1 line
12-14 12:44:27.452  1337  4155 I chatty  : uid=1000(system) Binder:1337_12 expire 2 lines
12-14 12:44:27.920  1337  1357 I chatty  : uid=1000(system) ActivityManager expire 10 lines
12-14 12:44:28.053  1337  1355 I chatty  : uid=1000(system) ActivityManager expire 10 lines
12-14 12:44:28.277  1337  2712 I chatty  : uid=1000(system) Binder:1337_D expire 34 lines
12-14 12:44:28.286  1337  2254 I chatty  : uid=1000(system) Binder:1337_7 expire 1 line
12-14 12:44:29.596  1337  1337 I chatty  : uid=1000 system_server expire 12 lines
12-14 12:44:30.324  1337  1862 I chatty  : uid=1000(system) Binder:1337_5 expire 4 lines
12-14 12:44:31.419  1337  1364 I chatty  : uid=1000(system) android.display expire 2 lines
12-14 12:44:41.869  1337  8673 I chatty  : uid=1000(system) Binder:1337_1E expire 8 lines
12-14 12:44:42.073  1337  4153 I chatty  : uid=1000(system) Binder:1337_10 expire 10 lines
12-14 12:44:42.073  1337  1701 I chatty  : uid=1000(system) ConnectivitySer expire 6 lines
12-14 12:44:42.836  1337  6286 I chatty  : uid=1000(system) Binder:1337_18 expire 8 lines
12-14 12:44:42.938  1337  2701 I chatty  : uid=1000(system) Binder:1337_C expire 10 lines
12-14 12:44:43.008  1337  4157 I chatty  : uid=1000(system) Binder:1337_13 expire 2 lines
12-14 12:44:43.014  1974  1974 I Telephony: TelephonyConnectionService: onCreateIncomingConnection, request: ConnectionRequest xxxxxxxxxxxxxxxxxx Bundle[{android.telecom.extra.INCOMING_CALL_ADDRESS=tel:%2B19165198208, android.telecom.extra.CALL_CREATED_TIME_MILLIS=528719582, android.telecom.extra.CALL_TELECOM_ROUTING_START_TIME_MILLIS=528719618}]: (SBC.oSC)->CS.crCo->H.CS.crCo->H.CS.crCo.pICR@E-y2I
12-14 12:44:43.033  1974  1974 I Telephony: GsmConnection: isAddParticipantCapable: isCapable = false: (SBC.oSC)->CS.crCo->H.CS.crCo->H.CS.crCo.pICR@E-y2I
12-14 12:44:43.055  1974  1974 I Telephony: GsmConnection: isAddParticipantCapable: isCapable = false: (SBC.oSC)->CS.crCo->H.CS.crCo->H.CS.crCo.pICR@E-y2I
12-14 12:44:43.057  1974  1974 I chatty  : uid=1001(radio) com.android.phone identical 4 lines
12-14 12:44:43.066  1974  1974 I Telephony: GsmConnection: isAddParticipantCapable: isCapable = false: (SBC.oSC)->CS.crCo->H.CS.crCo->H.CS.crCo.pICR@E-y2I
12-14 12:44:43.075  1337 14420 I chatty  : uid=1000(system) pool-87-thread- expire 1 line
12-14 12:44:43.081  1974  1974 I Telephony: TelephonyConnectionService: notifyCreateConnectionComplete TC@7_1: (...->CSW.hCCC)->CS.crCoC->H.CS.crCoC@E-E-E-y2I
12-14 12:44:43.081  1337  1337 I chatty  : uid=1000 system_server expire 25 lines
12-14 12:44:43.081  1974  1974 I Telephony: TelephonyConnectionService: updatePhoneAccount setPhoneAccountHandle, account = ComponentInfo{com.android.phone/com.android.services.telephony.TelephonyConnectionService}, ***, UserHandle{0}: (...->CSW.hCCC)->CS.crCoC->H.CS.crCoC@E-E-E-y2I
12-14 12:44:43.504  1337  2062 I chatty  : uid=1000(system) uteStateMachine expire 9 lines
12-14 12:44:43.504  1337  2066 I chatty  : uid=1000(system) CallAudioModeSt expire 7 lines
12-14 12:44:43.640 14422 14422 E ActivityThread: Failed to find provider info for google.ims.sipmsgprovider
12-14 12:44:43.963  1337  1355 I chatty  : uid=1000(system) ActivityManager expire 12 lines
12-14 12:44:44.325 14524 14590 E ActivityThread: Failed to find provider info for com.teslacoilsw.notifier
12-14 12:44:53.509  1337  1356 I chatty  : uid=1000(system) android.ui expire 3 lines
12-14 12:45:03.544  1337  1746 I chatty  : uid=1000(system) Binder:1337_4 expire 1 line
12-14 12:45:04.162  1337  1739 I chatty  : uid=1000(system) Binder:1337_3 expire 11 lines
12-14 12:45:04.168  1974 14419 I Telephony: : onDisconnect: callId=TC@7_1, cause=INCOMING_MISSED
12-14 12:45:04.178  1974  1974 I Telephony: GsmConnection: isAddParticipantCapable: isCapable = false
12-14 12:45:04.178  1974  1974 I Telephony: GsmConnection: isAddParticipantCapable: isCapable = false
12-14 12:45:04.187  1337  9887 I chatty  : uid=1000(system) Binder:1337_20 expire 4 lines
12-14 12:45:04.235  1337  7688 I chatty  : uid=1000(system) Binder:1337_1B expire 3 lines
12-14 12:45:04.331  1337  1337 I chatty  : uid=1000 system_server expire 11 lines
12-14 12:45:04.539 14422 14657 E ActivityThread: Failed to find provider info for com.teslacoilsw.notifier
12-14 12:45:06.332  1337  1348 I chatty  : uid=1000(system) Binder:1337_1 expire 2 lines
12-14 12:45:13.720  1337  6785 I chatty  : uid=1000(system) Binder:1337_19 expire 1 line
12-14 12:45:19.994  1337  1357 I chatty  : uid=1000(system) ActivityManager expire 5 lines
12-14 12:45:20.226  1337  2700 I chatty  : uid=1000(system) Binder:1337_B expire 1 line
12-14 12:45:24.723  1337  7615 I chatty  : uid=1000(system) Binder:1337_1A expire 2 lines
12-14 12:45:25.228  1337  5864 I chatty  : uid=1000(system) Binder:1337_16 expire 2 lines
12-14 12:45:26.190  1337  2699 I chatty  : uid=1000(system) Binder:1337_A expire 2 lines
12-14 12:45:52.305 15290 15290 E SchedPolicy: set_timerslack_ns write failed: Operation not permitted
12-14 12:45:52.305 15290 15290 I chatty  : uid=10095(com.viber.voip) identical 6 lines
12-14 12:45:52.305 15290 15290 E SchedPolicy: set_timerslack_ns write failed: Operation not permitted
12-14 12:45:52.473 15290 15359 E ActivityThread: Failed to find provider info for com.facebook.katana.provider.AttributionIdProvider
12-14 12:45:52.582 15290 15308 E SchedPolicy: set_timerslack_ns write failed: Operation not permitted
12-14 12:45:52.582 15290 15308 I chatty  : uid=10095(com.viber.voip) identical 18 lines
12-14 12:45:52.582 15290 15308 E SchedPolicy: set_timerslack_ns write failed: Operation not permitted
12-14 12:45:52.714 15290 15308 E ActivityThread: Failed to find provider info for com.teslacoilsw.notifier
12-14 12:45:52.806 15290 15308 E SchedPolicy: set_timerslack_ns write failed: Operation not permitted
12-14 12:45:52.807 15290 15308 E SchedPolicy: set_timerslack_ns write failed: Operation not permitted
12-14 12:45:52.956  1337  1863 I chatty  : uid=1000(system) Binder:1337_6 expire 9 lines
12-14 12:45:54.150 15290 15308 E SchedPolicy: set_timerslack_ns write failed: Operation not permitted
12-14 12:45:54.150 15290 15308 E SchedPolicy: set_timerslack_ns write failed: Operation not permitted
12-14 12:45:57.416 15290 15552 E ActivityThread: Failed to find provider info for com.facebook.katana.provider.AttributionIdProvider
12-14 12:46:00.734   902   967 E NetlinkEvent: NetlinkEvent::FindParam(): Parameter 'INTERFACE' not found
12-14 12:46:00.734   902   967 E NetlinkEvent: NetlinkEvent::FindParam(): Parameter 'STATE' not found
12-14 12:46:00.734   902   967 E NetlinkEvent: NetlinkEvent::FindParam(): Parameter 'TIME_NS' not found
12-14 12:46:00.734   902   967 E NetlinkEvent: NetlinkEvent::FindParam(): Parameter 'UID' not found
12-14 12:46:01.011  1337  1337 I chatty  : uid=1000 system_server expire 26 lines
12-14 12:46:01.029  1974  1974 I Telephony: TelephonyConnectionService: onCreateIncomingConnection, request: ConnectionRequest xxxxxxxxxxxxxxxxxx Bundle[{android.telecom.extra.INCOMING_CALL_ADDRESS=tel:%2B19165198208, android.telecom.extra.CALL_CREATED_TIME_MILLIS=528797633, android.telecom.extra.CALL_TELECOM_ROUTING_START_TIME_MILLIS=528797640}]: (SBC.oSC)->CS.crCo->H.CS.crCo->H.CS.crCo.pICR@E-y8E
12-14 12:46:01.036  1974  1974 I Telephony: GsmConnection: isAddParticipantCapable: isCapable = false: (SBC.oSC)->CS.crCo->H.CS.crCo->H.CS.crCo.pICR@E-y8E
12-14 12:46:01.060  1974  1974 I Telephony: GsmConnection: isAddParticipantCapable: isCapable = false: (SBC.oSC)->CS.crCo->H.CS.crCo->H.CS.crCo.pICR@E-y8E
12-14 12:46:01.085  1974  1974 I Telephony: GsmConnection: isAddParticipantCapable: isCapable = false: (SBC.oSC)->CS.crCo->H.CS.crCo->H.CS.crCo.pICR@E-y8E
12-14 12:46:01.095  1337 15575 I chatty  : uid=1000 system_server expire 1 line
12-14 12:46:01.106  1974  1974 I Telephony: TelephonyConnectionService: notifyCreateConnectionComplete TC@8_1: (...->CSW.hCCC)->CS.crCoC->H.CS.crCoC@E-E-E-y8E
12-14 12:46:01.106  1974  1974 I Telephony: TelephonyConnectionService: updatePhoneAccount setPhoneAccountHandle, account = ComponentInfo{com.android.phone/com.android.services.telephony.TelephonyConnectionService}, ***, UserHandle{0}: (...->CSW.hCCC)->CS.crCoC->H.CS.crCoC@E-E-E-y8E
12-14 12:46:01.176  1337  1739 I chatty  : uid=1000(system) Binder:1337_3 expire 8 lines
12-14 12:46:01.217  1337  1337 I chatty  : uid=1000 system_server expire 17 lines
12-14 12:46:01.217  1337  9887 I chatty  : uid=1000(system) Binder:1337_20 expire 3 lines
12-14 12:46:01.218  1337  1355 I chatty  : uid=1000(system) ActivityManager expire 25 lines
12-14 12:46:01.224  1337  2066 I chatty  : uid=1000(system) CallAudioModeSt expire 14 lines
12-14 12:46:01.224  1337  2062 I chatty  : uid=1000(system) uteStateMachine expire 15 lines
12-14 12:46:01.251  1337  7839 I chatty  : uid=1000(system) Binder:1337_1C expire 1 line
12-14 12:46:01.305 14422 14422 E ActivityThread: Failed to find provider info for google.ims.sipmsgprovider
12-14 12:46:03.468  1337  1667 I chatty  : uid=1000(system) HwBinder:1337_1 expire 1 line
12-14 12:46:03.469  1337  1362 I chatty  : uid=1000(system) android.fg expire 2 lines
12-14 12:46:03.578  1337  1360 I chatty  : uid=1000(system) batterystats-wo expire 4 lines
12-14 12:46:04.512  1337  6161 I chatty  : uid=1000(system) Binder:1337_17 expire 26 lines
12-14 12:46:04.514  1337  1746 I chatty  : uid=1000(system) Binder:1337_4 expire 10 lines
12-14 12:46:04.547  1337  1863 I chatty  : uid=1000(system) Binder:1337_6 expire 2 lines
12-14 12:46:04.552  1974  1974 I Telephony: GsmConnection: isAddParticipantCapable: isCapable = false
12-14 12:46:04.581  1974  1974 I Telephony: GsmConnection: isAddParticipantCapable: isCapable = true
12-14 12:46:04.585  1974  1974 I Telephony: GsmConnection: isAddParticipantCapable: isCapable = true
12-14 12:46:04.824  1337  2699 I chatty  : uid=1000(system) Binder:1337_A expire 7 lines
12-14 12:46:04.987  1337  1357 I chatty  : uid=1000(system) ActivityManager expire 10 lines
12-14 12:46:05.935  1337  1364 I chatty  : uid=1000(system) android.display expire 4 lines
12-14 12:46:06.626  1337  1862 I chatty  : uid=1000(system) Binder:1337_5 expire 2 lines
12-14 12:46:06.987  1337  9442 I chatty  : uid=1000(system) Binder:1337_1F expire 5 lines
12-14 12:46:16.559   902   967 E NetlinkEvent: NetlinkEvent::FindParam(): Parameter 'INTERFACE' not found
12-14 12:46:16.559   902   967 E NetlinkEvent: NetlinkEvent::FindParam(): Parameter 'STATE' not found
12-14 12:46:16.559   902   967 E NetlinkEvent: NetlinkEvent::FindParam(): Parameter 'TIME_NS' not found
12-14 12:46:16.559   902   967 E NetlinkEvent: NetlinkEvent::FindParam(): Parameter 'UID' not found
12-14 12:46:22.403   902   967 E NetlinkEvent: NetlinkEvent::FindParam(): Parameter 'INTERFACE' not found
12-14 12:46:22.404   902   967 E NetlinkEvent: NetlinkEvent::FindParam(): Parameter 'STATE' not found
12-14 12:46:22.404   902   967 E NetlinkEvent: NetlinkEvent::FindParam(): Parameter 'TIME_NS' not found
12-14 12:46:22.404   902   967 E NetlinkEvent: NetlinkEvent::FindParam(): Parameter 'UID' not found
12-14 12:46:22.574  1337  6161 I chatty  : uid=1000(system) Binder:1337_17 expire 14 lines
12-14 12:46:26.257  1974  1974 I Telephony: GsmConnection: isAddParticipantCapable: isCapable = false
12-14 12:46:26.262  1974  1974 I Telephony: GsmConnection: isAddParticipantCapable: isCapable = false
12-14 12:46:26.408  1974 15573 I Telephony: : onDisconnect: callId=TC@8_1, cause=LOCAL
12-14 12:46:26.408  1337  1746 I chatty  : uid=1000(system) Binder:1337_4 expire 22 lines
12-14 12:46:26.409  1974  1974 I Telephony: GsmConnection: isAddParticipantCapable: isCapable = false
12-14 12:46:26.415  1974  1974 I Telephony: GsmConnection: isAddParticipantCapable: isCapable = false
12-14 12:46:26.415  1974  1974 I Telephony: GsmConnection: isAddParticipantCapable: isCapable = false
12-14 12:46:26.438  1337  1355 I chatty  : uid=1000(system) ActivityManager expire 14 lines
12-14 12:46:26.442  1337  2062 I chatty  : uid=1000(system) uteStateMachine expire 12 lines
12-14 12:46:26.448  1337  2052 I chatty  : uid=1000(system) BluetoothRouteM expire 1 line
12-14 12:46:26.973  1337  1679 I chatty  : uid=1000(system) InputDispatcher expire 1 line
12-14 12:46:27.338  1337  1680 I chatty  : uid=1000(system) InputReader expire 3 lines
12-14 12:46:27.342  1337  1366 I chatty  : uid=1000(system) PowerManagerSer expire 6 lines
12-14 12:46:27.477  1337  8673 I chatty  : uid=1000(system) Binder:1337_1E expire 1 line
12-14 12:46:28.223  1337  1348 I chatty  : uid=1000(system) Binder:1337_1 expire 2 lines
12-14 12:46:28.530  1337  7688 I chatty  : uid=1000(system) Binder:1337_1B expire 3 lines
12-14 12:46:29.232  1337  2332 I chatty  : uid=1000(system) Binder:1337_9 expire 4 lines
12-14 12:46:29.410  1337  1349 I chatty  : uid=1000(system) Binder:1337_2 expire 2 lines
12-14 12:46:29.594  1337  1701 I chatty  : uid=1000(system) ConnectivitySer expire 1 line
12-14 12:46:34.113   902   967 E NetlinkEvent: NetlinkEvent::FindParam(): Parameter 'INTERFACE' not found
12-14 12:46:34.113   902   967 E NetlinkEvent: NetlinkEvent::FindParam(): Parameter 'STATE' not found
12-14 12:46:34.113   902   967 E NetlinkEvent: NetlinkEvent::FindParam(): Parameter 'TIME_NS' not found
12-14 12:46:34.113   902   967 E NetlinkEvent: NetlinkEvent::FindParam(): Parameter 'UID' not found
12-14 12:46:39.105 15290 15355 E ActivityThread: Failed to find provider info for com.teslacoilsw.notifier
12-14 12:46:43.697  1337  1355 I chatty  : uid=1000(system) ActivityManager expire 9 lines
12-14 12:46:43.957   902   967 E NetlinkEvent: NetlinkEvent::FindParam(): Parameter 'INTERFACE' not found
12-14 12:46:43.958   902   967 E NetlinkEvent: NetlinkEvent::FindParam(): Parameter 'STATE' not found
12-14 12:46:43.958   902   967 E NetlinkEvent: NetlinkEvent::FindParam(): Parameter 'TIME_NS' not found
12-14 12:46:43.958   902   967 E NetlinkEvent: NetlinkEvent::FindParam(): Parameter 'UID' not found
12-14 12:46:49.707   902   967 E NetlinkEvent: NetlinkEvent::FindParam(): Parameter 'INTERFACE' not found
12-14 12:46:49.707   902   967 E NetlinkEvent: NetlinkEvent::FindParam(): Parameter 'STATE' not found
12-14 12:46:49.707   902   967 E NetlinkEvent: NetlinkEvent::FindParam(): Parameter 'TIME_NS' not found
12-14 12:46:49.707   902   967 E NetlinkEvent: NetlinkEvent::FindParam(): Parameter 'UID' not found
12-14 12:46:55.693  1337  1354 I chatty  : uid=1000(system) android.bg expire 1 line
12-14 12:46:55.762  1337  2719 I chatty  : uid=1000(system) Binder:1337_F expire 1 line
12-14 12:48:35.904  1337  1337 I chatty  : uid=1000 system_server expire 49 lines
12-14 12:48:36.286  1337  1355 I chatty  : uid=1000(system) ActivityManager expire 69 lines
12-14 12:48:37.778  1337  1357 I chatty  : uid=1000(system) ActivityManager expire 16 lines
12-14 12:48:37.817  1337  1863 I chatty  : uid=1000(system) Binder:1337_6 expire 2 lines
12-14 12:48:37.857  1337  4154 I chatty  : uid=1000(system) Binder:1337_11 expire 3 lines
12-14 12:48:38.429  1337  2701 I chatty  : uid=1000(system) Binder:1337_C expire 4 lines
12-14 12:48:38.451  1337  4155 I chatty  : uid=1000(system) Binder:1337_12 expire 3 lines
12-14 12:48:40.951 15290 15355 E ActivityThread: Failed to find provider info for com.teslacoilsw.notifier
12-14 12:48:41.597  1337  1680 I chatty  : uid=1000(system) InputReader expire 6 lines
12-14 12:48:41.599  1337  1366 I chatty  : uid=1000(system) PowerManagerSer expire 13 lines
12-14 12:48:42.158  1337  1364 I chatty  : uid=1000(system) android.display expire 7 lines
12-14 12:49:52.814  1337  1349 I chatty  : uid=1000(system) Binder:1337_2 expire 8 lines
12-14 12:50:39.766  1337  6286 I chatty  : uid=1000(system) Binder:1337_18 expire 3 lines
12-14 12:50:39.809  1337  1701 I chatty  : uid=1000(system) ConnectivitySer expire 4 lines
12-14 12:52:07.166  1337  1360 I chatty  : uid=1000(system) batterystats-wo expire 4 lines
12-14 12:58:09.003  1337  9442 I chatty  : uid=1000(system) Binder:1337_1F expire 7 lines
12-14 12:58:09.010  1337  5864 I chatty  : uid=1000(system) Binder:1337_16 expire 3 lines
12-14 12:58:10.068  1337  2719 I chatty  : uid=1000(system) Binder:1337_F expire 2 lines
12-14 12:58:10.416  1337  2712 I chatty  : uid=1000(system) Binder:1337_D expire 2 lines
12-14 12:58:19.443  1337  1354 I chatty  : uid=1000(system) android.bg expire 2 lines
12-14 12:58:38.238  1337  7615 I chatty  : uid=1000(system) Binder:1337_1A expire 2 lines
12-14 13:06:03.832  1337  8673 I chatty  : uid=1000(system) Binder:1337_1E expire 4 lines
12-14 13:06:46.789  1337  1363 I chatty  : uid=1000(system) android.io expire 1 line
12-14 13:06:47.344  1337  2718 I chatty  : uid=1000(system) Binder:1337_E expire 2 lines
12-14 13:06:47.622  1337  8630 I chatty  : uid=1000(system) Binder:1337_1D expire 3 lines
12-14 13:06:48.361  1337  1718 I chatty  : uid=1000(system) HwBinder:1337_3 expire 1 line
12-14 13:06:48.362  1337  1362 I chatty  : uid=1000(system) android.fg expire 1 line
12-14 13:06:48.570  1337  1677 I chatty  : uid=1000(system) HwBinder:1337_2 expire 2 lines
12-14 13:06:50.357  1337  6161 I chatty  : uid=1000(system) Binder:1337_17 expire 5 lines
12-14 13:06:50.631 17329 17582 E ActivityThread: Failed to find provider info for com.facebook.katana.provider.AttributionIdProvider
12-14 13:06:52.521  1337  7688 I chatty  : uid=1000(system) Binder:1337_1B expire 4 lines
12-14 13:06:56.801  1337  1366 I chatty  : uid=1000(system) PowerManagerSer expire 7 lines
12-14 13:06:56.804  1337  1337 I chatty  : uid=1000 system_server expire 12 lines
12-14 13:07:02.654  1337  1357 I chatty  : uid=1000(system) ActivityManager expire 3 lines
12-14 13:07:02.734  1337  1355 I chatty  : uid=1000(system) ActivityManager expire 7 lines
12-14 13:07:03.060  1337  2254 I chatty  : uid=1000(system) Binder:1337_7 expire 3 lines
12-14 13:07:03.068  1337  7688 I chatty  : uid=1000(system) Binder:1337_1B expire 10 lines
12-14 13:07:03.101  1337  1349 I chatty  : uid=1000(system) Binder:1337_2 expire 9 lines
12-14 13:07:03.101  1337  5864 I chatty  : uid=1000(system) Binder:1337_16 expire 8 lines
12-14 13:07:03.102  1337  1701 I chatty  : uid=1000(system) ConnectivitySer expire 7 lines
12-14 13:07:07.976  1337  2282 I chatty  : uid=1000(system) Binder:1337_8 expire 3 lines
12-14 13:07:08.031  1337  1357 I chatty  : uid=1000(system) ActivityManager expire 15 lines
12-14 13:07:12.440  1337  8673 I chatty  : uid=1000(system) Binder:1337_1E expire 7 lines
12-14 13:07:12.473  1337  2712 I chatty  : uid=1000(system) Binder:1337_D expire 1 line
12-14 13:07:50.824  1337  1863 I chatty  : uid=1000(system) Binder:1337_6 expire 1 line
12-14 13:07:57.796  1337  1677 I chatty  : uid=1000(system) HwBinder:1337_2 expire 6 lines
12-14 13:07:57.797  1337  1362 I chatty  : uid=1000(system) android.fg expire 6 lines
12-14 13:07:57.822  1337  1355 I chatty  : uid=1000(system) ActivityManager expire 35 lines
12-14 13:07:57.857  1337  1337 I chatty  : uid=1000 system_server expire 12 lines
12-14 13:07:57.919  1337  1360 I chatty  : uid=1000(system) batterystats-wo expire 2 lines
12-14 13:08:00.697  1337  1718 I chatty  : uid=1000(system) HwBinder:1337_3 expire 2 lines
12-14 13:08:00.708  1337  1363 I chatty  : uid=1000(system) android.io expire 2 lines
12-14 13:08:00.776  1337  1354 I chatty  : uid=1000(system) android.bg expire 2 lines
12-14 13:08:12.807  1337  2332 I chatty  : uid=1000(system) Binder:1337_9 expire 7 lines
12-14 13:08:17.780  1337  2701 I chatty  : uid=1000(system) Binder:1337_C expire 2 lines
12-14 13:08:17.939  1337  2718 I chatty  : uid=1000(system) Binder:1337_E expire 1 line
12-14 13:08:17.958  1337  8630 I chatty  : uid=1000(system) Binder:1337_1D expire 4 lines
12-14 13:08:18.114  1337  4157 I chatty  : uid=1000(system) Binder:1337_13 expire 1 line
12-14 13:08:18.131  1337  6785 I chatty  : uid=1000(system) Binder:1337_19 expire 15 lines
12-14 13:08:18.293  1337  6286 I chatty  : uid=1000(system) Binder:1337_18 expire 7 lines
12-14 13:08:18.540  1337  1862 I chatty  : uid=1000(system) Binder:1337_5 expire 1 line
12-14 13:08:19.191  1337  4153 I chatty  : uid=1000(system) Binder:1337_10 expire 1 line
12-14 13:08:19.384  1337  1364 I chatty  : uid=1000(system) android.display expire 2 lines
12-14 13:08:25.423  1337  4155 I chatty  : uid=1000(system) Binder:1337_12 expire 10 lines
12-14 13:08:42.937  1337  9887 I chatty  : uid=1000(system) Binder:1337_20 expire 8 lines
12-14 13:08:42.970  1974  1974 I Telephony: TelephonyConnectionService: onCreateIncomingConnection, request: ConnectionRequest xxxxxxxxxxxxxxxxxx Bundle[{android.telecom.extra.INCOMING_CALL_ADDRESS=tel:%2B16506565155, android.telecom.extra.CALL_CREATED_TIME_MILLIS=530159576, android.telecom.extra.CALL_TELECOM_ROUTING_START_TIME_MILLIS=530159589}]: (SBC.oSC)->CS.crCo->H.CS.crCo->H.CS.crCo.pICR@E-zM8
12-14 13:08:42.976  1974  1974 I Telephony: GsmConnection: isAddParticipantCapable: isCapable = false: (SBC.oSC)->CS.crCo->H.CS.crCo->H.CS.crCo.pICR@E-zM8
12-14 13:08:42.979  1337  1357 I chatty  : uid=1000(system) ActivityManager expire 4 lines
12-14 13:08:42.994  1974  1974 I Telephony: GsmConnection: isAddParticipantCapable: isCapable = false: (SBC.oSC)->CS.crCo->H.CS.crCo->H.CS.crCo.pICR@E-zM8
12-14 13:08:43.000  1974  1974 I chatty  : uid=1001(radio) com.android.phone identical 2 lines
12-14 13:08:43.016  1974  1974 I Telephony: GsmConnection: isAddParticipantCapable: isCapable = false: (SBC.oSC)->CS.crCo->H.CS.crCo->H.CS.crCo.pICR@E-zM8
12-14 13:08:43.027  1974  1974 I Telephony: TelephonyConnectionService: notifyCreateConnectionComplete TC@9_1: (...->CSW.hCCC)->CS.crCoC->H.CS.crCoC@E-E-E-zM8
12-14 13:08:43.027  1974  1974 I Telephony: TelephonyConnectionService: updatePhoneAccount setPhoneAccountHandle, account = ComponentInfo{com.android.phone/com.android.services.telephony.TelephonyConnectionService}, ***, UserHandle{0}: (...->CSW.hCCC)->CS.crCoC->H.CS.crCoC@E-E-E-zM8
12-14 13:08:43.028  1337 19146 I chatty  : uid=1000 system_server expire 1 line
12-14 13:08:43.122  1337  1337 I chatty  : uid=1000 system_server expire 26 lines
12-14 13:08:43.187  1337 29275 I chatty  : uid=1000(system) ContactsAsyncWo expire 1 line
12-14 13:08:43.341  1337  1355 I chatty  : uid=1000(system) ActivityManager expire 19 lines
12-14 13:08:43.358  1337  2066 I chatty  : uid=1000(system) CallAudioModeSt expire 7 lines
12-14 13:08:43.358  1337  2062 I chatty  : uid=1000(system) uteStateMachine expire 7 lines
12-14 13:08:43.491 19148 19148 E ActivityThread: Failed to find provider info for google.ims.sipmsgprovider
12-14 13:08:43.882 19227 19285 E ActivityThread: Failed to find provider info for com.teslacoilsw.notifier
12-14 13:08:49.422  1974  1974 I Telephony: GsmConnection: isAddParticipantCapable: isCapable = false
12-14 13:08:49.430  1337  7688 I chatty  : uid=1000(system) Binder:1337_1B expire 1 line
12-14 13:08:49.435  1974  1974 I Telephony: GsmConnection: isAddParticipantCapable: isCapable = true
12-14 13:08:49.438  1974  1974 I Telephony: GsmConnection: isAddParticipantCapable: isCapable = true
12-14 13:08:49.473  1337  4159 I chatty  : uid=1000(system) Binder:1337_15 expire 1 line
12-14 13:08:49.497  1337  7615 I chatty  : uid=1000(system) Binder:1337_1A expire 4 lines
12-14 13:08:49.504  1337  1355 I chatty  : uid=1000(system) ActivityManager expire 20 lines
12-14 13:08:49.616  1337  6785 I chatty  : uid=1000(system) Binder:1337_19 expire 10 lines
12-14 13:08:49.646  1337  2066 I chatty  : uid=1000(system) CallAudioModeSt expire 7 lines
12-14 13:08:49.646  1337  2062 I chatty  : uid=1000(system) uteStateMachine expire 20 lines
12-14 13:08:49.884  1337  1357 I chatty  : uid=1000(system) ActivityManager expire 16 lines
12-14 13:08:50.195  1337  5864 I chatty  : uid=1000(system) Binder:1337_16 expire 1 line
12-14 13:08:50.383  1337  4159 I chatty  : uid=1000(system) Binder:1337_15 expire 4 lines
12-14 13:08:50.507  1337  1364 I chatty  : uid=1000(system) android.display expire 8 lines
12-14 13:09:15.620  1337  1863 I chatty  : uid=1000(system) Binder:1337_6 expire 5 lines
12-14 13:09:18.802  1337  2254 I chatty  : uid=1000(system) Binder:1337_7 expire 6 lines
12-14 13:09:18.806  1974 19130 I Telephony: : onDisconnect: callId=TC@9_1, cause=NORMAL
12-14 13:09:18.807  1974  1974 I Telephony: GsmConnection: isAddParticipantCapable: isCapable = true
12-14 13:09:18.809  1337  8673 I chatty  : uid=1000(system) Binder:1337_1E expire 32 lines
12-14 13:09:18.811  1974  1974 I Telephony: GsmConnection: isAddParticipantCapable: isCapable = false
12-14 13:09:18.811  1974  1974 I Telephony: GsmConnection: isAddParticipantCapable: isCapable = false
12-14 13:09:18.858  1337  2052 I chatty  : uid=1000(system) BluetoothRouteM expire 1 line
12-14 13:09:18.891  1337  9442 I chatty  : uid=1000(system) Binder:1337_1F expire 8 lines
12-14 13:09:19.000  1337  1337 I chatty  : uid=1000 system_server expire 11 lines
12-14 13:09:20.927  1337  1680 I chatty  : uid=1000(system) InputReader expire 3 lines
12-14 13:09:20.928  1337  1366 I chatty  : uid=1000(system) PowerManagerSer expire 7 lines
12-14 13:09:21.012  1337  4157 I chatty  : uid=1000(system) Binder:1337_13 expire 3 lines
12-14 13:09:22.760  1337  6161 I chatty  : uid=1000(system) Binder:1337_17 expire 8 lines
12-14 13:09:40.472  1337  1862 I chatty  : uid=1000(system) Binder:1337_5 expire 3 lines
12-14 13:09:40.525  1337  7688 I chatty  : uid=1000(system) Binder:1337_1B expire 1 line
12-14 13:09:40.526  1337  1701 I chatty  : uid=1000(system) ConnectivitySer expire 8 lines
12-14 13:09:41.229  1337  1746 I chatty  : uid=1000(system) Binder:1337_4 expire 3 lines
12-14 13:12:11.785  1337  2700 I chatty  : uid=1000(system) Binder:1337_B expire 14 lines
12-14 13:12:12.050  1337  2701 I chatty  : uid=1000(system) Binder:1337_C expire 3 lines
12-14 13:12:13.487 19917 19917 E SchedPolicy: set_timerslack_ns write failed: Operation not permitted
12-14 13:12:13.487 19917 19917 I chatty  : uid=10095(com.viber.voip) identical 6 lines
12-14 13:12:13.487 19917 19917 E SchedPolicy: set_timerslack_ns write failed: Operation not permitted
12-14 13:12:13.534  1337  2282 I chatty  : uid=1000(system) Binder:1337_8 expire 2 lines
12-14 13:12:13.540  1337  1337 I chatty  : uid=1000 system_server expire 10 lines
12-14 13:12:13.665  1337  1357 I chatty  : uid=1000(system) ActivityManager expire 7 lines
12-14 13:12:16.596  1337  2718 I chatty  : uid=1000(system) Binder:1337_E expire 5 lines
12-14 13:12:17.628  1337  4155 I chatty  : uid=1000(system) Binder:1337_12 expire 1 line
12-14 13:12:18.533  1337  1355 I chatty  : uid=1000(system) ActivityManager expire 5 lines
12-14 13:12:18.577 19917 20676 E ActivityThread: Failed to find provider info for com.facebook.katana.provider.AttributionIdProvider
12-14 13:12:29.154  1337  8630 I chatty  : uid=1000(system) Binder:1337_1D expire 7 lines
12-14 13:12:29.547  1337  4154 I chatty  : uid=1000(system) Binder:1337_11 expire 1 line
12-14 13:12:39.716  1337  2699 I chatty  : uid=1000(system) Binder:1337_A expire 5 lines
12-14 13:12:39.768  1337  6286 I chatty  : uid=1000(system) Binder:1337_18 expire 2 lines
12-14 13:12:40.063  1337  2719 I chatty  : uid=1000(system) Binder:1337_F expire 2 lines
12-14 13:12:40.064  1337  4158 I chatty  : uid=1000(system) Binder:1337_14 expire 1 line
12-14 13:12:41.537  1337  1348 I chatty  : uid=1000(system) Binder:1337_1 expire 1 line
12-14 13:12:41.603  1337  1739 I chatty  : uid=1000(system) Binder:1337_3 expire 1 line
12-14 13:12:50.633  1337  1349 I chatty  : uid=1000(system) Binder:1337_2 expire 5 lines
12-14 13:12:54.095  1337  1863 I chatty  : uid=1000(system) Binder:1337_6 expire 8 lines
12-14 13:12:54.492  1337  1357 I chatty  : uid=1000(system) ActivityManager expire 11 lines
12-14 13:12:55.950  1337  8630 I chatty  : uid=1000(system) Binder:1337_1D expire 4 lines
12-14 13:12:57.845  1337  1701 I chatty  : uid=1000(system) ConnectivitySer expire 14 lines
12-14 13:13:52.874  1337  1862 I chatty  : uid=1000(system) Binder:1337_5 expire 1 line
12-14 13:14:08.018  1337  6161 I chatty  : uid=1000(system) Binder:1337_17 expire 4 lines
12-14 13:16:51.727 21841 21921 E ActivityThread: Failed to find provider info for com.facebook.katana.provider.AttributionIdProvider
12-14 13:16:53.259  1337  6286 I chatty  : uid=1000(system) Binder:1337_18 expire 4 lines
12-14 13:16:53.393  1337  2254 I chatty  : uid=1000(system) Binder:1337_7 expire 2 lines
12-14 13:16:53.393  1337  2719 I chatty  : uid=1000(system) Binder:1337_F expire 1 line
12-14 13:17:01.771  1337  2282 I chatty  : uid=1000(system) Binder:1337_8 expire 1 line
12-14 13:17:05.338  1337  1739 I chatty  : uid=1000(system) Binder:1337_3 expire 6 lines
12-14 13:17:05.431  1337  1355 I chatty  : uid=1000(system) ActivityManager expire 7 lines
12-14 13:17:05.507  1337  9887 I chatty  : uid=1000(system) Binder:1337_20 expire 8 lines
12-14 13:17:06.037  1337  4155 I chatty  : uid=1000(system) Binder:1337_12 expire 3 lines
12-14 13:17:06.230 22134 22134 E SchedPolicy: set_timerslack_ns write failed: Operation not permitted
12-14 13:17:06.230 22134 22134 I chatty  : uid=10095(com.viber.voip) identical 6 lines
12-14 13:17:06.230 22134 22134 E SchedPolicy: set_timerslack_ns write failed: Operation not permitted
12-14 13:17:06.687  1337  6785 I chatty  : uid=1000(system) Binder:1337_19 expire 8 lines
12-14 13:17:06.734  1337  1337 I chatty  : uid=1000 system_server expire 10 lines
12-14 13:17:06.962  1337  2718 I chatty  : uid=1000(system) Binder:1337_E expire 5 lines
12-14 13:17:06.984  1337  1357 I chatty  : uid=1000(system) ActivityManager expire 17 lines
12-14 13:17:10.436  1337  4159 I chatty  : uid=1000(system) Binder:1337_15 expire 15 lines
12-14 13:17:10.475  1337  1364 I chatty  : uid=1000(system) android.display expire 4 lines
12-14 13:17:11.371 22134 22692 E ActivityThread: Failed to find provider info for com.facebook.katana.provider.AttributionIdProvider
12-14 13:17:24.811  1337  2332 I chatty  : uid=1000(system) Binder:1337_9 expire 6 lines
12-14 13:17:26.582  1337  1746 I chatty  : uid=1000(system) Binder:1337_4 expire 10 lines
12-14 13:17:50.253  1337  7839 I chatty  : uid=1000(system) Binder:1337_1C expire 14 lines
12-14 13:17:50.445  1337  4153 I chatty  : uid=1000(system) Binder:1337_10 expire 6 lines
12-14 13:17:50.536  1337  4158 I chatty  : uid=1000(system) Binder:1337_14 expire 3 lines
12-14 13:17:50.725  1337  8673 I chatty  : uid=1000(system) Binder:1337_1E expire 3 lines
12-14 13:17:50.799  1337  1360 I chatty  : uid=1000(system) batterystats-wo expire 5 lines
12-14 13:17:50.831  1337  5864 I chatty  : uid=1000(system) Binder:1337_16 expire 1 line
12-14 13:17:52.978  1337  2701 I chatty  : uid=1000(system) Binder:1337_C expire 9 lines
12-14 13:18:04.636  1337  9442 I chatty  : uid=1000(system) Binder:1337_1F expire 2 lines
12-14 13:18:06.023  1337  1356 I chatty  : uid=1000(system) android.ui expire 4 lines
12-14 13:18:06.352 23576 23576 D ActivityThread: Loading provider com.whatsapp.provider.contact: com.whatsapp.contact.ContactProvider
12-14 13:18:06.502  1337  1337 I chatty  : uid=1000 system_server expire 12 lines
12-14 13:18:06.503  1337  7688 I chatty  : uid=1000(system) Binder:1337_1B expire 4 lines
12-14 13:18:06.530  1337  1357 I chatty  : uid=1000(system) ActivityManager expire 13 lines
12-14 13:18:07.617  1337  2700 I chatty  : uid=1000(system) Binder:1337_B expire 3 lines
12-14 13:18:07.711  1337  7615 I chatty  : uid=1000(system) Binder:1337_1A expire 6 lines
12-14 13:18:13.622 23439 23837 E ActivityThread: Failed to find provider info for com.teslacoilsw.notifier
12-14 13:18:13.626 23439 23837 I chatty  : uid=10071(com.google.android.apps.messaging) Binder:23399_1 identical 1 line
12-14 13:18:13.628 23439 23837 E ActivityThread: Failed to find provider info for com.teslacoilsw.notifier
12-14 13:18:13.713  1337  1701 I chatty  : uid=1000(system) ConnectivitySer expire 5 lines
12-14 13:18:13.959  1337  4159 I chatty  : uid=1000(system) Binder:1337_15 expire 8 lines
12-14 13:18:17.312  1337  2699 I chatty  : uid=1000(system) Binder:1337_A expire 1 line
12-14 13:18:17.606  1337  1354 I chatty  : uid=1000(system) android.bg expire 1 line
12-14 13:18:25.108 23719 23947 E ActivityThread: Failed to find provider info for com.teslacoilsw.notifier
12-14 13:18:26.671  1337  7839 I chatty  : uid=1000(system) Binder:1337_1C expire 1 line
12-14 13:19:25.618  1337  1675 I chatty  : uid=1000(system) AlarmManager expire 1 line
12-14 13:19:27.177  1337  1337 I chatty  : uid=1000 system_server expire 12 lines
12-14 13:19:27.180  1337  1356 I chatty  : uid=1000(system) android.ui expire 12 lines
12-14 13:19:33.896  1337  4159 I chatty  : uid=1000(system) Binder:1337_15 expire 4 lines
12-14 13:19:33.955  1337  1357 I chatty  : uid=1000(system) ActivityManager expire 14 lines
12-14 13:19:40.577  1337  2700 I chatty  : uid=1000(system) Binder:1337_B expire 3 lines
12-14 13:19:40.579  1337  1355 I chatty  : uid=1000(system) ActivityManager expire 16 lines
12-14 13:19:40.601  1337  4158 I chatty  : uid=1000(system) Binder:1337_14 expire 7 lines
12-14 13:19:40.912   902   967 E NetlinkEvent: NetlinkEvent::FindParam(): Parameter 'INTERFACE' not found
12-14 13:19:40.912   902   967 E NetlinkEvent: NetlinkEvent::FindParam(): Parameter 'STATE' not found
12-14 13:19:40.912   902   967 E NetlinkEvent: NetlinkEvent::FindParam(): Parameter 'TIME_NS' not found
12-14 13:19:40.912   902   967 E NetlinkEvent: NetlinkEvent::FindParam(): Parameter 'UID' not found
12-14 13:19:41.080  1337  2712 I chatty  : uid=1000(system) Binder:1337_D expire 3 lines
12-14 13:19:41.911   902   967 E NetlinkEvent: NetlinkEvent::FindParam(): Parameter 'INTERFACE' not found
12-14 13:19:41.911   902   967 E NetlinkEvent: NetlinkEvent::FindParam(): Parameter 'STATE' not found
12-14 13:19:41.911   902   967 E NetlinkEvent: NetlinkEvent::FindParam(): Parameter 'TIME_NS' not found
12-14 13:19:41.911   902   967 E NetlinkEvent: NetlinkEvent::FindParam(): Parameter 'UID' not found
12-14 13:19:42.036  1337  1701 I chatty  : uid=1000(system) ConnectivitySer expire 20 lines
12-14 13:19:43.182   902   967 E NetlinkEvent: NetlinkEvent::FindParam(): Parameter 'INTERFACE' not found
12-14 13:19:43.182   902   967 E NetlinkEvent: NetlinkEvent::FindParam(): Parameter 'STATE' not found
12-14 13:19:43.182   902   967 E NetlinkEvent: NetlinkEvent::FindParam(): Parameter 'TIME_NS' not found
12-14 13:19:43.182   902   967 E NetlinkEvent: NetlinkEvent::FindParam(): Parameter 'UID' not found
12-14 13:19:44.920   902   968 D NetlinkEvent: Unknown ifindex 72 in RTM_DELADDR
12-14 13:19:47.148  1337  1348 I chatty  : uid=1000(system) Binder:1337_1 expire 3 lines
12-14 13:20:00.669  1337  9887 I chatty  : uid=1000(system) Binder:1337_20 expire 11 lines
12-14 13:20:01.221   902   967 E NetlinkEvent: NetlinkEvent::FindParam(): Parameter 'INTERFACE' not found
12-14 13:20:01.221   902   967 E NetlinkEvent: NetlinkEvent::FindParam(): Parameter 'STATE' not found
12-14 13:20:01.221   902   967 E NetlinkEvent: NetlinkEvent::FindParam(): Parameter 'TIME_NS' not found
12-14 13:20:01.221   902   967 E NetlinkEvent: NetlinkEvent::FindParam(): Parameter 'UID' not found
12-14 13:20:06.525  1337  2699 I chatty  : uid=1000(system) Binder:1337_A expire 8 lines
12-14 13:20:06.665  1337  5864 I chatty  : uid=1000(system) Binder:1337_16 expire 10 lines
12-14 13:20:06.667  1337  1701 I chatty  : uid=1000(system) ConnectivitySer expire 11 lines
12-14 13:20:06.970   902   967 E NetlinkEvent: NetlinkEvent::FindParam(): Parameter 'INTERFACE' not found
12-14 13:20:06.971   902   967 E NetlinkEvent: NetlinkEvent::FindParam(): Parameter 'STATE' not found
12-14 13:20:06.971   902   967 E NetlinkEvent: NetlinkEvent::FindParam(): Parameter 'TIME_NS' not found
12-14 13:20:06.971   902   967 E NetlinkEvent: NetlinkEvent::FindParam(): Parameter 'UID' not found
12-14 13:20:08.878  1337  2282 I chatty  : uid=1000(system) Binder:1337_8 expire 2 lines
12-14 13:20:12.828   902   967 E NetlinkEvent: NetlinkEvent::FindParam(): Parameter 'INTERFACE' not found
12-14 13:20:12.828   902   967 E NetlinkEvent: NetlinkEvent::FindParam(): Parameter 'STATE' not found
12-14 13:20:12.828   902   967 E NetlinkEvent: NetlinkEvent::FindParam(): Parameter 'TIME_NS' not found
12-14 13:20:12.828   902   967 E NetlinkEvent: NetlinkEvent::FindParam(): Parameter 'UID' not found
12-14 13:20:18.664   902   967 E NetlinkEvent: NetlinkEvent::FindParam(): Parameter 'INTERFACE' not found
12-14 13:20:18.664   902   967 E NetlinkEvent: NetlinkEvent::FindParam(): Parameter 'STATE' not found
12-14 13:20:18.664   902   967 E NetlinkEvent: NetlinkEvent::FindParam(): Parameter 'TIME_NS' not found
12-14 13:20:18.664   902   967 E NetlinkEvent: NetlinkEvent::FindParam(): Parameter 'UID' not found
12-14 13:20:24.506   902   967 E NetlinkEvent: NetlinkEvent::FindParam(): Parameter 'INTERFACE' not found
12-14 13:20:24.506   902   967 E NetlinkEvent: NetlinkEvent::FindParam(): Parameter 'STATE' not found
12-14 13:20:24.506   902   967 E NetlinkEvent: NetlinkEvent::FindParam(): Parameter 'TIME_NS' not found
12-14 13:20:24.506   902   967 E NetlinkEvent: NetlinkEvent::FindParam(): Parameter 'UID' not found
12-14 13:20:45.691  1337  4155 I chatty  : uid=1000(system) Binder:1337_12 expire 6 lines
12-14 13:21:11.928  1337  1354 I chatty  : uid=1000(system) android.bg expire 1 line
12-14 13:21:38.612  1337  7615 I chatty  : uid=1000(system) Binder:1337_1A expire 4 lines
12-14 13:21:38.626  1337  4154 I chatty  : uid=1000(system) Binder:1337_11 expire 13 lines
12-14 13:21:38.979  1337  6785 I chatty  : uid=1000(system) Binder:1337_19 expire 2 lines
12-14 13:21:38.979  1337  8630 I chatty  : uid=1000(system) Binder:1337_1D expire 3 lines
12-14 13:21:38.983  1337  1364 I chatty  : uid=1000(system) android.display expire 5 lines
12-14 13:21:40.097  1337  1366 I chatty  : uid=1000(system) PowerManagerSer expire 8 lines
12-14 13:21:42.188  1337  1680 I chatty  : uid=1000(system) InputReader expire 1 line
12-14 13:21:50.146  1337  1355 I chatty  : uid=1000(system) ActivityManager expire 11 lines
12-14 13:21:50.262  1337  1739 I chatty  : uid=1000(system) Binder:1337_3 expire 3 lines
12-14 13:21:50.367  1337  7688 I chatty  : uid=1000(system) Binder:1337_1B expire 3 lines
12-14 13:21:50.685  1337  1746 I chatty  : uid=1000(system) Binder:1337_4 expire 1 line
12-14 13:21:50.939  1337  2718 I chatty  : uid=1000(system) Binder:1337_E expire 3 lines
12-14 13:21:51.058 26424 26424 E SchedPolicy: set_timerslack_ns write failed: Operation not permitted
12-14 13:21:51.059 26424 26424 I chatty  : uid=10095(com.viber.voip) identical 6 lines
12-14 13:21:51.059 26424 26424 E SchedPolicy: set_timerslack_ns write failed: Operation not permitted
12-14 13:21:51.916  1337  1357 I chatty  : uid=1000(system) ActivityManager expire 10 lines
12-14 13:21:52.351  1337  1337 I chatty  : uid=1000 system_server expire 12 lines
12-14 13:21:52.647  1337  4153 I chatty  : uid=1000(system) Binder:1337_10 expire 2 lines
12-14 13:21:52.647  1337  8673 I chatty  : uid=1000(system) Binder:1337_1E expire 4 lines
12-14 13:21:56.351 26424 27226 E ActivityThread: Failed to find provider info for com.facebook.katana.provider.AttributionIdProvider
12-14 13:22:03.191 26424 27631 E ActivityThread: Failed to find provider info for com.facebook.katana.provider.AttributionIdProvider
12-14 13:22:03.272 26424 26550 E SchedPolicy: set_timerslack_ns write failed: Operation not permitted
12-14 13:22:03.275 26424 26550 I chatty  : uid=10095(com.viber.voip) identical 6 lines
12-14 13:22:03.275 26424 26550 E SchedPolicy: set_timerslack_ns write failed: Operation not permitted
12-14 13:22:04.249 26424 26550 E ActivityThread: Failed to find provider info for com.teslacoilsw.notifier
12-14 13:22:30.798  1337  1349 I chatty  : uid=1000(system) Binder:1337_2 expire 1 line
12-14 13:22:30.799  1337  1701 I chatty  : uid=1000(system) ConnectivitySer expire 4 lines
12-14 13:22:50.010  1337  6161 I chatty  : uid=1000(system) Binder:1337_17 expire 6 lines
12-14 13:23:19.776  1337  7839 I chatty  : uid=1000(system) Binder:1337_1C expire 9 lines
12-14 13:23:20.213 27827 27906 E ActivityThread: Failed to find provider info for com.facebook.katana.provider.AttributionIdProvider
12-14 13:23:25.805  1337  1357 I chatty  : uid=1000(system) ActivityManager expire 8 lines
12-14 13:23:25.965  1337  2701 I chatty  : uid=1000(system) Binder:1337_C expire 1 line
12-14 13:23:26.002  1337  6286 I chatty  : uid=1000(system) Binder:1337_18 expire 2 lines
12-14 13:23:36.022 27964 28012 E ActivityThread: Failed to find provider info for com.teslacoilsw.notifier
12-14 13:23:36.026 27964 28012 I chatty  : uid=10071(com.google.android.apps.messaging) identical 1 line
12-14 13:23:36.029 27964 28012 E ActivityThread: Failed to find provider info for com.teslacoilsw.notifier
12-14 13:24:01.261  1337  1362 I chatty  : uid=1000(system) android.fg expire 1 line
12-14 13:24:43.433  1337  1355 I chatty  : uid=1000(system) ActivityManager expire 22 lines
12-14 13:24:43.441  1337  1357 I chatty  : uid=1000(system) ActivityManager expire 12 lines
12-14 13:24:43.478  1337  1739 I chatty  : uid=1000(system) Binder:1337_3 expire 2 lines
12-14 13:24:43.478  1337  2718 I chatty  : uid=1000(system) Binder:1337_E expire 10 lines
12-14 13:24:43.478  1337  1701 I chatty  : uid=1000(system) ConnectivitySer expire 5 lines
12-14 13:24:46.134  1337  1349 I chatty  : uid=1000(system) Binder:1337_2 expire 5 lines
12-14 13:24:51.320  1337  1337 I chatty  : uid=1000 system_server expire 25 lines
12-14 13:24:51.491  1337  1354 I chatty  : uid=1000(system) android.bg expire 1 line
12-14 13:24:51.751  1337  4154 I chatty  : uid=1000(system) Binder:1337_11 expire 4 lines
12-14 13:24:51.816  1337  4159 I chatty  : uid=1000(system) Binder:1337_15 expire 10 lines
12-14 13:24:51.877  1337  1360 I chatty  : uid=1000(system) batterystats-wo expire 3 lines
12-14 13:24:52.259  1337  2719 I chatty  : uid=1000(system) Binder:1337_F expire 1 line
12-14 13:24:59.206  1337  2700 I chatty  : uid=1000(system) Binder:1337_B expire 10 lines
12-14 13:24:59.308  1337  1364 I chatty  : uid=1000(system) android.display expire 5 lines
12-14 13:25:02.087  1337  1356 I chatty  : uid=1000(system) android.ui expire 10 lines
12-14 13:25:22.186  1337  7688 I chatty  : uid=1000(system) Binder:1337_1B expire 4 lines
12-14 13:25:28.484  1337  6286 I chatty  : uid=1000(system) Binder:1337_18 expire 9 lines
12-14 13:25:36.157  1337  5864 I chatty  : uid=1000(system) Binder:1337_16 expire 5 lines
