12-14 11:58:24.220 22091 22091 F DEBUG   :     x24 00000000005869f0  x25 0000007fc1b8b4d1  x26 0000000000581044  x27 0000000000000013
12-14 11:58:24.220 22091 22091 F DEBUG   :     x28 0000006ffee28660  x29 0000007fc1b8ae10
12-14 11:58:24.220 22091 22091 F DEBUG   :     sp  0000007fc1b8add0  lr  00000000004b2760  pc  00000000004b2788
12-14 11:58:24.223 22091 22091 F DEBUG   : 
12-14 11:58:24.223 22091 22091 F DEBUG   : backtrace:
12-14 11:58:24.223 22091 22091 F DEBUG   :     #00 pc 00000000004b2788  /system/bin/adbd (abort+116)
12-14 11:58:24.223 22091 22091 F DEBUG   :     #01 pc 0000000000412adc  /system/bin/adbd (fatal_errno(char const*, ...)+320)
12-14 11:58:24.223 22091 22091 F DEBUG   :     #02 pc 0000000000420a60  /system/bin/adbd (send_packet(apacket*, atransport*)+156)
12-14 11:58:24.223 22091 22091 F DEBUG   :     #03 pc 000000000041c988  /system/bin/adbd (remote_socket_enqueue(asocket*, std::__1::basic_string<char, std::__1::char_traits<char>, std::__1::allocator<char>>)+240)
12-14 11:58:24.223 22091 22091 F DEBUG   :     #04 pc 000000000042b6f4  /system/bin/adbd (jdwp_process_list_updated()+276)
12-14 11:58:24.223 22091 22091 F DEBUG   :     #05 pc 000000000042b50c  /system/bin/adbd (jdwp_process_event(int, unsigned int, void*)+1892)
12-14 11:58:24.223 22091 22091 F DEBUG   :     #06 pc 0000000000419b6c  /system/bin/adbd (fdevent_loop()+2116)
12-14 11:58:24.223 22091 22091 F DEBUG   :     #07 pc 0000000000405b84  /system/bin/adbd (adbd_main(int)+960)
12-14 11:58:24.223 22091 22091 F DEBUG   :     #08 pc 0000000000406200  /system/bin/adbd (main+228)
12-14 11:58:24.223 22091 22091 F DEBUG   :     #09 pc 00000000004d1784  /system/bin/adbd (__libc_init+308)
12-14 11:58:24.241  1337  1747 I chatty  : uid=1000(system) Thread-3 expire 1 line
12-14 11:58:37.729  1337  5864 I chatty  : uid=1000(system) Binder:1337_16 expire 2 lines
12-14 11:58:44.438  1337  9442 I chatty  : uid=1000(system) Binder:1337_1F expire 1 line
12-14 11:58:49.882  1337  1364 I chatty  : uid=1000(system) android.display expire 5 lines
12-14 11:58:50.383  1337  8630 I chatty  : uid=1000(system) Binder:1337_1D expire 2 lines
12-14 11:58:50.958  1337  4153 I chatty  : uid=1000(system) Binder:1337_10 expire 14 lines
12-14 11:58:51.750  1337  2282 I chatty  : uid=1000(system) Binder:1337_8 expire 2 lines
12-14 11:58:51.797  1337  6286 I chatty  : uid=1000(system) Binder:1337_18 expire 6 lines
12-14 11:58:51.837  1337  7688 I chatty  : uid=1000(system) Binder:1337_1B expire 1 line
12-14 11:58:52.560 22607 22607 E SchedPolicy: set_timerslack_ns write failed: Operation not permitted
12-14 11:58:52.560 22607 22607 I chatty  : uid=10095(com.viber.voip) identical 6 lines
12-14 11:58:52.560 22607 22607 E SchedPolicy: set_timerslack_ns write failed: Operation not permitted
12-14 11:58:52.611  1337  4159 I chatty  : uid=1000(system) Binder:1337_15 expire 2 lines
12-14 11:58:52.612  1337  1701 I chatty  : uid=1000(system) ConnectivitySer expire 2 lines
12-14 11:58:57.688 22607 22751 E ActivityThread: Failed to find provider info for com.facebook.katana.provider.AttributionIdProvider
12-14 11:59:07.498  1337  1337 I chatty  : uid=1000 system_server expire 4 lines
12-14 11:59:09.044  1337  1357 I chatty  : uid=1000(system) ActivityManager expire 7 lines
12-14 11:59:12.435  1337  1355 I chatty  : uid=1000(system) ActivityManager expire 1 line
12-14 11:59:16.678  1337  1863 I chatty  : uid=1000(system) Binder:1337_6 expire 9 lines
12-14 11:59:17.536  1337  1357 I chatty  : uid=1000(system) ActivityManager expire 12 lines
12-14 11:59:22.985  1337  7615 I chatty  : uid=1000(system) Binder:1337_1A expire 7 lines
12-14 11:59:23.062  1337  1364 I chatty  : uid=1000(system) android.display expire 5 lines
12-14 11:59:23.071  1337  1337 I chatty  : uid=1000 system_server expire 24 lines
12-14 11:59:23.661  1337  2701 I chatty  : uid=1000(system) Binder:1337_C expire 6 lines
12-14 11:59:27.892  1337  1746 I chatty  : uid=1000(system) Binder:1337_4 expire 11 lines
12-14 11:59:27.977  1337  1348 I chatty  : uid=1000(system) Binder:1337_1 expire 4 lines
12-14 11:59:27.977  1337  1349 I chatty  : uid=1000(system) Binder:1337_2 expire 5 lines
12-14 11:59:27.978  1337  1701 I chatty  : uid=1000(system) ConnectivitySer expire 11 lines
12-14 11:59:46.642  1337  9442 I chatty  : uid=1000(system) Binder:1337_1F expire 4 lines
12-14 11:59:46.719  1337  2282 I chatty  : uid=1000(system) Binder:1337_8 expire 10 lines
12-14 11:59:46.727  1337  1355 I chatty  : uid=1000(system) ActivityManager expire 13 lines
12-14 11:59:46.961  1337  6286 I chatty  : uid=1000(system) Binder:1337_18 expire 4 lines
12-14 11:59:47.680  1337  2712 I chatty  : uid=1000(system) Binder:1337_D expire 1 line
12-14 11:59:57.825  1337  1739 I chatty  : uid=1000(system) Binder:1337_3 expire 9 lines
12-14 12:00:15.095  1337  1360 I chatty  : uid=1000(system) batterystats-wo expire 10 lines
12-14 12:00:23.630  1337  4155 I chatty  : uid=1000(system) Binder:1337_12 expire 5 lines
12-14 12:00:34.880  1337  2719 I chatty  : uid=1000(system) Binder:1337_F expire 7 lines
12-14 12:00:35.255  1337  7688 I chatty  : uid=1000(system) Binder:1337_1B expire 10 lines
12-14 12:01:16.270  1337  2586 I chatty  : uid=1000(system) UsbDebuggingMan expire 2 lines
12-14 12:01:16.273  1337  1362 I chatty  : uid=1000(system) android.fg expire 2 lines
12-14 12:01:19.777  1337  4154 I chatty  : uid=1000(system) Binder:1337_11 expire 4 lines
12-14 12:01:20.247 24330 24330 E SchedPolicy: set_timerslack_ns write failed: Operation not permitted
12-14 12:01:20.248 24330 24330 I chatty  : uid=10095(com.viber.voip) identical 6 lines
12-14 12:01:20.248 24330 24330 E SchedPolicy: set_timerslack_ns write failed: Operation not permitted
12-14 12:01:25.370 24330 24452 E ActivityThread: Failed to find provider info for com.facebook.katana.provider.AttributionIdProvider
12-14 12:01:45.829  1337  1357 I chatty  : uid=1000(system) ActivityManager expire 11 lines
12-14 12:01:46.090 24504 24504 D ActivityThread: Loading provider com.google.android.gm.sapi: com.google.android.gm.sapi.SapiUiProvider
12-14 12:01:57.908  1337  1337 I chatty  : uid=1000 system_server expire 10 lines
12-14 12:02:09.924  1337  8673 I chatty  : uid=1000(system) Binder:1337_1E expire 3 lines
12-14 12:02:10.243  1337  8630 I chatty  : uid=1000(system) Binder:1337_1D expire 3 lines
12-14 12:02:14.826  1337  7839 I chatty  : uid=1000(system) Binder:1337_1C expire 5 lines
12-14 12:02:24.960  1337  1746 I chatty  : uid=1000(system) Binder:1337_4 expire 6 lines
12-14 12:02:38.078 25195 25195 E SchedPolicy: set_timerslack_ns write failed: Operation not permitted
12-14 12:02:38.078 25195 25195 I chatty  : uid=10095(com.viber.voip) identical 6 lines
12-14 12:02:38.078 25195 25195 E SchedPolicy: set_timerslack_ns write failed: Operation not permitted
12-14 12:02:38.229 25195 25264 E ActivityThread: Failed to find provider info for com.facebook.katana.provider.AttributionIdProvider
12-14 12:02:38.329 25195 25214 E SchedPolicy: set_timerslack_ns write failed: Operation not permitted
12-14 12:02:38.330 25195 25214 I chatty  : uid=10095(com.viber.voip) identical 6 lines
12-14 12:02:38.330 25195 25214 E SchedPolicy: set_timerslack_ns write failed: Operation not permitted
12-14 12:02:38.492 25195 25214 E ActivityThread: Failed to find provider info for com.teslacoilsw.notifier
12-14 12:02:39.416 25195 25262 E ActivityThread: Failed to find provider info for com.teslacoilsw.notifier
12-14 12:02:40.558 25351 25450 E ActivityThread: Failed to find provider info for com.teslacoilsw.notifier
12-14 12:02:43.183 25195 25591 E ActivityThread: Failed to find provider info for com.facebook.katana.provider.AttributionIdProvider
12-14 12:02:54.687 25195 25262 E ActivityThread: Failed to find provider info for com.teslacoilsw.notifier
12-14 12:02:55.116  1337  1357 I chatty  : uid=1000(system) ActivityManager expire 17 lines
12-14 12:02:57.953 25351 25413 E ActivityThread: Failed to find provider info for com.teslacoilsw.notifier
12-14 12:03:41.056  1337  1354 I chatty  : uid=1000(system) android.bg expire 1 line
12-14 12:04:08.438  1337  1366 I chatty  : uid=1000(system) PowerManagerSer expire 4 lines
12-14 12:04:08.438  1337  1337 I chatty  : uid=1000 system_server expire 2 lines
12-14 12:04:46.025 25960 25960 D ActivityThread: Loading provider com.google.android.gm.sapi: com.google.android.gm.sapi.SapiUiProvider
12-14 12:04:59.242  1337  1355 I chatty  : uid=1000(system) ActivityManager expire 7 lines
12-14 12:05:07.720  1337  2254 I chatty  : uid=1000(system) Binder:1337_7 expire 1 line
12-14 12:05:07.770  1337  6785 I chatty  : uid=1000(system) Binder:1337_19 expire 1 line
12-14 12:05:07.771  1337  4158 I chatty  : uid=1000(system) Binder:1337_14 expire 2 lines
12-14 12:05:17.906  1337  2282 I chatty  : uid=1000(system) Binder:1337_8 expire 2 lines
12-14 12:05:17.951  1337  1862 I chatty  : uid=1000(system) Binder:1337_5 expire 2 lines
12-14 12:06:29.143  1337  4159 I chatty  : uid=1000(system) Binder:1337_15 expire 1 line
12-14 12:06:29.174  1337  6161 I chatty  : uid=1000(system) Binder:1337_17 expire 2 lines
12-14 12:07:11.697 26730 26730 D ActivityThread: Loading provider com.whatsapp.provider.contact: com.whatsapp.contact.ContactProvider
12-14 12:07:11.713 26520 26698 E ActivityThread: Failed to find provider info for com.facebook.katana.provider.AttributionIdProvider
12-14 12:07:11.762  1337  1357 I chatty  : uid=1000(system) ActivityManager expire 12 lines
12-14 12:07:14.201  1337  1355 I chatty  : uid=1000(system) ActivityManager expire 19 lines
12-14 12:07:15.005  1337  2332 I chatty  : uid=1000(system) Binder:1337_9 expire 11 lines
12-14 12:07:15.217  1337  1348 I chatty  : uid=1000(system) Binder:1337_1 expire 3 lines
12-14 12:07:15.281  1337  4155 I chatty  : uid=1000(system) Binder:1337_12 expire 6 lines
12-14 12:07:15.648  1337  1701 I chatty  : uid=1000(system) ConnectivitySer expire 10 lines
12-14 12:07:16.321  1337  9887 I chatty  : uid=1000(system) Binder:1337_20 expire 2 lines
12-14 12:07:16.324  1337  7839 I chatty  : uid=1000(system) Binder:1337_1C expire 9 lines
12-14 12:07:16.515  1337  9442 I chatty  : uid=1000(system) Binder:1337_1F expire 10 lines
12-14 12:07:16.658  1337  5864 I chatty  : uid=1000(system) Binder:1337_16 expire 3 lines
12-14 12:07:16.965  1337  6161 I chatty  : uid=1000(system) Binder:1337_17 expire 4 lines
12-14 12:07:17.033  1337  2700 I chatty  : uid=1000(system) Binder:1337_B expire 2 lines
12-14 12:07:17.241  1337  2719 I chatty  : uid=1000(system) Binder:1337_F expire 5 lines
12-14 12:07:22.642  1337  1337 I chatty  : uid=1000 system_server expire 11 lines
12-14 12:07:22.818  1337  1354 I chatty  : uid=1000(system) android.bg expire 1 line
12-14 12:07:22.852 27157 27328 E ActivityThread: Failed to find provider info for com.teslacoilsw.notifier
12-14 12:07:22.857 27157 27328 I chatty  : uid=10071(com.google.android.apps.messaging) identical 1 line
12-14 12:07:22.862 27157 27328 E ActivityThread: Failed to find provider info for com.teslacoilsw.notifier
12-14 12:07:32.514  1337  2718 I chatty  : uid=1000(system) Binder:1337_E expire 3 lines
12-14 12:07:32.899  1337  8673 I chatty  : uid=1000(system) Binder:1337_1E expire 5 lines
12-14 12:07:35.381  1337  2701 I chatty  : uid=1000(system) Binder:1337_C expire 6 lines
12-14 12:07:35.381  1337  8630 I chatty  : uid=1000(system) Binder:1337_1D expire 3 lines
12-14 12:07:38.325  1337  2254 I chatty  : uid=1000(system) Binder:1337_7 expire 3 lines
12-14 12:07:47.792  1337  1680 I chatty  : uid=1000(system) InputReader expire 1 line
12-14 12:07:47.794  1337  1366 I chatty  : uid=1000(system) PowerManagerSer expire 3 lines
12-14 12:07:47.836  1337  1364 I chatty  : uid=1000(system) android.display expire 2 lines
12-14 12:07:48.701  1337  2282 I chatty  : uid=1000(system) Binder:1337_8 expire 9 lines
12-14 12:07:49.554 27621 27621 E SchedPolicy: set_timerslack_ns write failed: Operation not permitted
12-14 12:07:49.555 27621 27621 I chatty  : uid=10095(com.viber.voip) identical 6 lines
12-14 12:07:49.555 27621 27621 E SchedPolicy: set_timerslack_ns write failed: Operation not permitted
12-14 12:07:49.602  1337  1863 I chatty  : uid=1000(system) Binder:1337_6 expire 8 lines
12-14 12:07:50.048  1337  1357 I chatty  : uid=1000(system) ActivityManager expire 17 lines
12-14 12:07:50.408  1337  1355 I chatty  : uid=1000(system) ActivityManager expire 12 lines
12-14 12:07:53.239  1337  2712 I chatty  : uid=1000(system) Binder:1337_D expire 8 lines
12-14 12:07:53.527  1337  7615 I chatty  : uid=1000(system) Binder:1337_1A expire 2 lines
12-14 12:07:54.654 27621 28165 E ActivityThread: Failed to find provider info for com.facebook.katana.provider.AttributionIdProvider
12-14 12:08:00.775  1337  1337 I chatty  : uid=1000 system_server expire 10 lines
12-14 12:08:02.761  1337  2332 I chatty  : uid=1000(system) Binder:1337_9 expire 1 line
12-14 12:08:06.310  1337  4153 I chatty  : uid=1000(system) Binder:1337_10 expire 2 lines
12-14 12:08:06.321  1337  1862 I chatty  : uid=1000(system) Binder:1337_5 expire 1 line
12-14 12:08:17.941  1337  2699 I chatty  : uid=1000(system) Binder:1337_A expire 1 line
12-14 12:08:18.201  1337  4157 I chatty  : uid=1000(system) Binder:1337_13 expire 1 line
12-14 12:08:18.913 28799 28799 E SchedPolicy: set_timerslack_ns write failed: Operation not permitted
12-14 12:08:18.913 28799 28799 I chatty  : uid=10095(com.viber.voip) identical 6 lines
12-14 12:08:18.914 28799 28799 E SchedPolicy: set_timerslack_ns write failed: Operation not permitted
12-14 12:08:18.949  1337  1357 I chatty  : uid=1000(system) ActivityManager expire 12 lines
12-14 12:08:20.025  1337  6286 I chatty  : uid=1000(system) Binder:1337_18 expire 3 lines
12-14 12:08:24.057 28799 29124 E ActivityThread: Failed to find provider info for com.facebook.katana.provider.AttributionIdProvider
12-14 12:08:24.589  1337  1355 I chatty  : uid=1000(system) ActivityManager expire 7 lines
12-14 12:08:27.942  1337  4154 I chatty  : uid=1000(system) Binder:1337_11 expire 7 lines
12-14 12:08:36.431 29217 29299 E ActivityThread: Failed to find provider info for com.facebook.katana.provider.AttributionIdProvider
12-14 12:09:10.428  1337  1701 I chatty  : uid=1000(system) ConnectivitySer expire 5 lines
12-14 12:09:10.647  1337  4159 I chatty  : uid=1000(system) Binder:1337_15 expire 3 lines
12-14 12:09:32.526  1337  1337 I chatty  : uid=1000 system_server expire 6 lines
12-14 12:09:37.124  1337  1746 I chatty  : uid=1000(system) Binder:1337_4 expire 4 lines
12-14 12:09:52.986  1337  9442 I chatty  : uid=1000(system) Binder:1337_1F expire 7 lines
12-14 12:09:53.699  1337  1364 I chatty  : uid=1000(system) android.display expire 4 lines
12-14 12:09:53.703  1337  1357 I chatty  : uid=1000(system) ActivityManager expire 12 lines
12-14 12:09:53.748  1337  1337 I chatty  : uid=1000 system_server expire 12 lines
12-14 12:09:53.756  1337  1348 I chatty  : uid=1000(system) Binder:1337_1 expire 9 lines
12-14 12:09:53.838  1337  1701 I chatty  : uid=1000(system) ConnectivitySer expire 11 lines
12-14 12:09:54.456 30021 30021 E SchedPolicy: set_timerslack_ns write failed: Operation not permitted
12-14 12:09:54.456 30021 30021 I chatty  : uid=10095(com.viber.voip) identical 6 lines
12-14 12:09:54.456 30021 30021 E SchedPolicy: set_timerslack_ns write failed: Operation not permitted
12-14 12:09:54.548  1337  2254 I chatty  : uid=1000(system) Binder:1337_7 expire 3 lines
12-14 12:09:54.921  1337  4158 I chatty  : uid=1000(system) Binder:1337_14 expire 9 lines
12-14 12:09:54.921  1337  9887 I chatty  : uid=1000(system) Binder:1337_20 expire 10 lines
12-14 12:09:59.551 30021 30303 E ActivityThread: Failed to find provider info for com.facebook.katana.provider.AttributionIdProvider
12-14 12:10:01.156  1337  4153 I chatty  : uid=1000(system) Binder:1337_10 expire 3 lines
12-14 12:10:03.729  1337  4154 I chatty  : uid=1000(system) Binder:1337_11 expire 4 lines
12-14 12:10:11.436  1337  1679 I chatty  : uid=1000(system) InputDispatcher expire 1 line
12-14 12:10:21.371  1337  1360 I chatty  : uid=1000(system) batterystats-wo expire 4 lines
12-14 12:10:21.417  1337  1355 I chatty  : uid=1000(system) ActivityManager expire 10 lines
12-14 12:10:21.525  1337  5864 I chatty  : uid=1000(system) Binder:1337_16 expire 2 lines
12-14 12:10:22.390  1337  1862 I chatty  : uid=1000(system) Binder:1337_5 expire 5 lines
12-14 12:10:22.597  1337  7615 I chatty  : uid=1000(system) Binder:1337_1A expire 7 lines
12-14 12:10:22.876  1337  8673 I chatty  : uid=1000(system) Binder:1337_1E expire 14 lines
12-14 12:10:49.932  1337  2719 I chatty  : uid=1000(system) Binder:1337_F expire 7 lines
12-14 12:10:50.067  1337  2700 I chatty  : uid=1000(system) Binder:1337_B expire 4 lines
12-14 12:11:31.511 30021 31151 E ActivityThread: Failed to find provider info for com.facebook.katana.provider.AttributionIdProvider
12-14 12:11:31.554 30021 30082 E SchedPolicy: set_timerslack_ns write failed: Operation not permitted
12-14 12:11:31.554 30021 30082 I chatty  : uid=10095(com.viber.voip) identical 6 lines
12-14 12:11:31.554 30021 30082 E SchedPolicy: set_timerslack_ns write failed: Operation not permitted
12-14 12:11:31.669  1337  1357 I chatty  : uid=1000(system) ActivityManager expire 10 lines
12-14 12:11:32.298 30021 30082 E ActivityThread: Failed to find provider info for com.teslacoilsw.notifier
12-14 12:11:43.285  1337  1337 I chatty  : uid=1000 system_server expire 11 lines
12-14 12:11:49.638  1337  6785 I chatty  : uid=1000(system) Binder:1337_19 expire 8 lines
12-14 12:11:49.854  1337  4157 I chatty  : uid=1000(system) Binder:1337_13 expire 13 lines
12-14 12:11:50.010  1337  2699 I chatty  : uid=1000(system) Binder:1337_A expire 2 lines
12-14 12:11:50.157  1337  4159 I chatty  : uid=1000(system) Binder:1337_15 expire 2 lines
12-14 12:11:50.667  1337  2712 I chatty  : uid=1000(system) Binder:1337_D expire 3 lines
12-14 12:11:52.141  1337  1739 I chatty  : uid=1000(system) Binder:1337_3 expire 5 lines
12-14 12:11:53.354  1337  1349 I chatty  : uid=1000(system) Binder:1337_2 expire 2 lines
12-14 12:12:33.290  1337  8630 I chatty  : uid=1000(system) Binder:1337_1D expire 3 lines
12-14 12:12:42.387 31736 31802 E ActivityThread: Failed to find provider info for com.teslacoilsw.notifier
12-14 12:12:42.420 31736 31802 I chatty  : uid=10071(com.google.android.apps.messaging) identical 1 line
12-14 12:12:42.503 31736 31802 E ActivityThread: Failed to find provider info for com.teslacoilsw.notifier
12-14 12:12:54.773  1337  1355 I chatty  : uid=1000(system) ActivityManager expire 11 lines
12-14 12:13:10.280   955   955 E TLOC    : [TLOCChannel]"Can't receive message due to timeout"
12-14 12:13:10.280   955   955 I TLOC    : [TLOCDaemon ]"timeout passed - start periodic warm-up"
12-14 12:13:10.283   955   955 I TLOC    : [ModemComm  ]"Start a session successfully"
12-14 12:13:10.283   955   955 D TLOC    : [TLOCDaemon ]"The command finished successfully"
12-14 12:13:10.283   955   955 D TLOC    : [TLOCDaemon ]"waiting for command"
12-14 12:13:10.283   955   955 D TLOC    : [TLOCChannel] "Going to receive message for TLOCD"
12-14 12:13:10.283   955   955 D TLOC    : [TLOCChannel] "wait for message for user TLOCD"
12-14 12:13:10.354  1337  1357 I chatty  : uid=1000(system) ActivityManager expire 17 lines
12-14 12:13:10.747  1337  1863 I chatty  : uid=1000(system) Binder:1337_6 expire 5 lines
12-14 12:13:12.384  1337  6161 I chatty  : uid=1000(system) Binder:1337_17 expire 1 line
12-14 12:13:30.283   955   955 E TLOC    : [TLOCChannel]"Can't receive message due to timeout"
12-14 12:13:30.283   955   955 I TLOC    : [TLOCDaemon ]"timeout passed with no location fix - close the session"
12-14 12:13:30.286   955  1326 I TLOC    : [Modem      ]"Received event indication of position report with status USER_END"
12-14 12:13:30.286   955   955 I TLOC    : [ModemComm  ]"Stopped the session successfully"
12-14 12:13:30.286   955   955 D TLOC    : [TLOCDaemon ]"The command finished successfully"
12-14 12:13:30.286   955   955 D TLOC    : [TLOCDaemon ]"waiting for command"
12-14 12:13:30.286   955   955 D TLOC    : [TLOCChannel] "Going to receive message for TLOCD"
12-14 12:13:30.286   955   955 D TLOC    : [TLOCChannel] "wait for message for user TLOCD"
12-14 12:13:51.796 32056 32056 E SchedPolicy: set_timerslack_ns write failed: Operation not permitted
12-14 12:13:51.796 32056 32056 I chatty  : uid=10095(com.viber.voip) identical 6 lines
12-14 12:13:51.796 32056 32056 E SchedPolicy: set_timerslack_ns write failed: Operation not permitted
12-14 12:13:52.483 32056 32148 E ActivityThread: Failed to find provider info for com.facebook.katana.provider.AttributionIdProvider
12-14 12:13:52.644 32056 32074 E ActivityThread: Failed to find provider info for com.teslacoilsw.notifier
12-14 12:13:52.727 32056 32074 E SchedPolicy: set_timerslack_ns write failed: Operation not permitted
12-14 12:13:52.742 32056 32074 I chatty  : uid=10095(com.viber.voip) identical 6 lines
12-14 12:13:52.742 32056 32074 E SchedPolicy: set_timerslack_ns write failed: Operation not permitted
12-14 12:13:56.957 32056 32241 E ActivityThread: Failed to find provider info for com.facebook.katana.provider.AttributionIdProvider
12-14 12:13:58.948 32252 32330 E ActivityThread: Failed to find provider info for com.facebook.katana.provider.AttributionIdProvider
12-14 12:14:12.244  1337  2332 I chatty  : uid=1000(system) Binder:1337_9 expire 4 lines
12-14 12:14:12.500  1337  4155 I chatty  : uid=1000(system) Binder:1337_12 expire 1 line
12-14 12:14:13.107  1337  1746 I chatty  : uid=1000(system) Binder:1337_4 expire 3 lines
12-14 12:14:22.774  1337  1354 I chatty  : uid=1000(system) android.bg expire 1 line
12-14 12:17:15.260  1337  2282 I chatty  : uid=1000(system) Binder:1337_8 expire 1 line
12-14 12:18:51.127  1522  1761 E ActivityThread: Failed to find provider info for com.facebook.katana.provider.AttributionIdProvider
12-14 12:18:51.267  1337  1701 I chatty  : uid=1000(system) ConnectivitySer expire 2 lines
12-14 12:18:57.702  1337  7839 I chatty  : uid=1000(system) Binder:1337_1C expire 3 lines
12-14 12:18:57.708  1337  1355 I chatty  : uid=1000(system) ActivityManager expire 1 line
12-14 12:18:57.748  1337  1357 I chatty  : uid=1000(system) ActivityManager expire 12 lines
12-14 12:19:03.562  1337  1863 I chatty  : uid=1000(system) Binder:1337_6 expire 5 lines
12-14 12:19:03.610  1337  4159 I chatty  : uid=1000(system) Binder:1337_15 expire 1 line
12-14 12:19:03.651  1337  1364 I chatty  : uid=1000(system) android.display expire 7 lines
12-14 12:19:08.673  1337  9887 I chatty  : uid=1000(system) Binder:1337_20 expire 4 lines
12-14 12:19:09.006  1337  2332 I chatty  : uid=1000(system) Binder:1337_9 expire 4 lines
12-14 12:19:09.034  1337  1337 I chatty  : uid=1000 system_server expire 14 lines
12-14 12:19:09.061  1337  1355 I chatty  : uid=1000(system) ActivityManager expire 15 lines
12-14 12:19:09.923  1337  1746 I chatty  : uid=1000(system) Binder:1337_4 expire 5 lines
12-14 12:19:10.097   902   967 E NetlinkEvent: NetlinkEvent::FindParam(): Parameter 'INTERFACE' not found
12-14 12:19:10.098   902   967 E NetlinkEvent: NetlinkEvent::FindParam(): Parameter 'STATE' not found
12-14 12:19:10.098   902   967 E NetlinkEvent: NetlinkEvent::FindParam(): Parameter 'TIME_NS' not found
12-14 12:19:10.098   902   967 E NetlinkEvent: NetlinkEvent::FindParam(): Parameter 'UID' not found
12-14 12:19:10.209  1337  9442 I chatty  : uid=1000(system) Binder:1337_1F expire 2 lines
12-14 12:19:10.210  1337  1701 I chatty  : uid=1000(system) ConnectivitySer expire 20 lines
12-14 12:19:10.380  1337  4153 I chatty  : uid=1000(system) Binder:1337_10 expire 2 lines
12-14 12:19:10.780   902   968 D NetlinkEvent: Unknown ifindex 71 in RTM_DELADDR
12-14 12:19:10.783   902   968 D NetlinkEvent: Unknown ifindex 71 in RTM_DELADDR
12-14 12:19:12.752  1337  1366 I chatty  : uid=1000(system) PowerManagerSer expire 7 lines
12-14 12:19:17.796  1337  1739 I chatty  : uid=1000(system) Binder:1337_3 expire 1 line
12-14 12:19:19.644  1337  1357 I chatty  : uid=1000(system) ActivityManager expire 10 lines
12-14 12:19:20.615  3004  3092 E ActivityThread: Failed to find provider info for com.facebook.katana.provider.AttributionIdProvider
12-14 12:19:23.177  1337  1680 I chatty  : uid=1000(system) InputReader expire 1 line
12-14 12:19:23.926  1337  2700 I chatty  : uid=1000(system) Binder:1337_B expire 3 lines
12-14 12:19:23.948  1337  1355 I chatty  : uid=1000(system) ActivityManager expire 15 lines
12-14 12:19:34.059  1337  2712 I chatty  : uid=1000(system) Binder:1337_D expire 4 lines
12-14 12:19:34.087  1337  2254 I chatty  : uid=1000(system) Binder:1337_7 expire 4 lines
12-14 12:19:34.087  1337  6161 I chatty  : uid=1000(system) Binder:1337_17 expire 1 line
12-14 12:19:34.088  1337  1701 I chatty  : uid=1000(system) ConnectivitySer expire 15 lines
12-14 12:19:34.202  1337  8673 I chatty  : uid=1000(system) Binder:1337_1E expire 3 lines
12-14 12:19:34.274  1337  6286 I chatty  : uid=1000(system) Binder:1337_18 expire 1 line
12-14 12:19:34.274  1337  7615 I chatty  : uid=1000(system) Binder:1337_1A expire 1 line
12-14 12:19:54.057  1337  2586 I chatty  : uid=1000(system) UsbDebuggingMan expire 4 lines
12-14 12:19:54.059  1337  1362 I chatty  : uid=1000(system) android.fg expire 8 lines
12-14 12:19:56.985  1337  1356 I chatty  : uid=1000(system) android.ui expire 2 lines
12-14 12:20:11.924  3369  3369 D ActivityThread: Loading provider com.google.android.gm.sapi: com.google.android.gm.sapi.SapiUiProvider
12-14 12:20:37.358  1337  1337 I chatty  : uid=1000 system_server expire 17 lines
12-14 12:20:39.725   902   967 E NetlinkEvent: NetlinkEvent::FindParam(): Parameter 'INTERFACE' not found
12-14 12:20:39.726   902   967 E NetlinkEvent: NetlinkEvent::FindParam(): Parameter 'STATE' not found
12-14 12:20:39.726   902   967 E NetlinkEvent: NetlinkEvent::FindParam(): Parameter 'TIME_NS' not found
12-14 12:20:39.726   902   967 E NetlinkEvent: NetlinkEvent::FindParam(): Parameter 'UID' not found
12-14 12:20:40.756   902   967 E NetlinkEvent: NetlinkEvent::FindParam(): Parameter 'INTERFACE' not found
12-14 12:20:40.756   902   967 E NetlinkEvent: NetlinkEvent::FindParam(): Parameter 'STATE' not found
12-14 12:20:40.756   902   967 E NetlinkEvent: NetlinkEvent::FindParam(): Parameter 'TIME_NS' not found
12-14 12:20:40.756   902   967 E NetlinkEvent: NetlinkEvent::FindParam(): Parameter 'UID' not found
12-14 12:20:40.887  1337  1349 I chatty  : uid=1000(system) Binder:1337_2 expire 1 line
12-14 12:20:40.909  1337  1355 I chatty  : uid=1000(system) ActivityManager expire 11 lines
12-14 12:20:41.017  1337  2701 I chatty  : uid=1000(system) Binder:1337_C expire 7 lines
12-14 12:20:45.993   902  3513 W SocketClient: write error (Broken pipe)
12-14 12:20:47.272  1337  2719 I chatty  : uid=1000(system) Binder:1337_F expire 2 lines
12-14 12:20:47.314  1337  8630 I chatty  : uid=1000(system) Binder:1337_1D expire 12 lines
12-14 12:20:57.851   902   967 E NetlinkEvent: NetlinkEvent::FindParam(): Parameter 'INTERFACE' not found
12-14 12:20:57.851   902   967 E NetlinkEvent: NetlinkEvent::FindParam(): Parameter 'STATE' not found
12-14 12:20:57.851   902   967 E NetlinkEvent: NetlinkEvent::FindParam(): Parameter 'TIME_NS' not found
12-14 12:20:57.851   902   967 E NetlinkEvent: NetlinkEvent::FindParam(): Parameter 'UID' not found
12-14 12:21:03.688   902   967 E NetlinkEvent: NetlinkEvent::FindParam(): Parameter 'INTERFACE' not found
12-14 12:21:03.688   902   967 E NetlinkEvent: NetlinkEvent::FindParam(): Parameter 'STATE' not found
12-14 12:21:03.688   902   967 E NetlinkEvent: NetlinkEvent::FindParam(): Parameter 'TIME_NS' not found
12-14 12:21:03.688   902   967 E NetlinkEvent: NetlinkEvent::FindParam(): Parameter 'UID' not found
12-14 12:21:06.760  1337  1948 I chatty  : uid=1000(system) HwBinder:1337_4 expire 2 lines
12-14 12:21:06.861  1337  1360 I chatty  : uid=1000(system) batterystats-wo expire 1 line
12-14 12:21:07.951  1337  1862 I chatty  : uid=1000(system) Binder:1337_5 expire 2 lines
12-14 12:21:07.952  1337  1701 I chatty  : uid=1000(system) ConnectivitySer expire 2 lines
12-14 12:21:09.540   902   967 E NetlinkEvent: NetlinkEvent::FindParam(): Parameter 'INTERFACE' not found
12-14 12:21:09.540   902   967 E NetlinkEvent: NetlinkEvent::FindParam(): Parameter 'STATE' not found
12-14 12:21:09.540   902   967 E NetlinkEvent: NetlinkEvent::FindParam(): Parameter 'TIME_NS' not found
12-14 12:21:09.540   902   967 E NetlinkEvent: NetlinkEvent::FindParam(): Parameter 'UID' not found
12-14 12:21:12.335  1337  4157 I chatty  : uid=1000(system) Binder:1337_13 expire 1 line
12-14 12:21:14.921  1337  1363 I chatty  : uid=1000(system) android.io expire 3 lines
12-14 12:21:14.923  1337  1355 I chatty  : uid=1000(system) ActivityManager expire 11 lines
12-14 12:21:14.962  1337  1667 I chatty  : uid=1000(system) HwBinder:1337_1 expire 2 lines
12-14 12:21:14.989  1337  1354 I chatty  : uid=1000(system) android.bg expire 2 lines
12-14 12:21:15.366   902   967 E NetlinkEvent: NetlinkEvent::FindParam(): Parameter 'INTERFACE' not found
12-14 12:21:15.366   902   967 E NetlinkEvent: NetlinkEvent::FindParam(): Parameter 'STATE' not found
12-14 12:21:15.366   902   967 E NetlinkEvent: NetlinkEvent::FindParam(): Parameter 'TIME_NS' not found
12-14 12:21:15.366   902   967 E NetlinkEvent: NetlinkEvent::FindParam(): Parameter 'UID' not found
12-14 12:21:15.991  1337  7688 I chatty  : uid=1000(system) Binder:1337_1B expire 11 lines
12-14 12:21:21.114   902   967 E NetlinkEvent: NetlinkEvent::FindParam(): Parameter 'INTERFACE' not found
12-14 12:21:21.114   902   967 E NetlinkEvent: NetlinkEvent::FindParam(): Parameter 'STATE' not found
12-14 12:21:21.114   902   967 E NetlinkEvent: NetlinkEvent::FindParam(): Parameter 'TIME_NS' not found
12-14 12:21:21.114   902   967 E NetlinkEvent: NetlinkEvent::FindParam(): Parameter 'UID' not found
12-14 12:21:46.469  1337  2699 I chatty  : uid=1000(system) Binder:1337_A expire 1 line
12-14 12:21:46.912  3833  3833 E SchedPolicy: set_timerslack_ns write failed: Operation not permitted
12-14 12:21:46.912  3833  3833 I chatty  : uid=10095(com.viber.voip) identical 6 lines
12-14 12:21:46.912  3833  3833 E SchedPolicy: set_timerslack_ns write failed: Operation not permitted
12-14 12:21:47.254  1337  4158 I chatty  : uid=1000(system) Binder:1337_14 expire 3 lines
12-14 12:21:52.044  3833  4097 E ActivityThread: Failed to find provider info for com.facebook.katana.provider.AttributionIdProvider
12-14 12:21:52.775  1337  1355 I chatty  : uid=1000(system) ActivityManager expire 4 lines
12-14 12:22:15.155  1337  2718 I chatty  : uid=1000(system) Binder:1337_E expire 3 lines
12-14 12:22:15.260  1337  4155 I chatty  : uid=1000(system) Binder:1337_12 expire 2 lines
12-14 12:22:15.302  1337  1357 I chatty  : uid=1000(system) ActivityManager expire 8 lines
12-14 12:23:29.387  1337  5864 I chatty  : uid=1000(system) Binder:1337_16 expire 2 lines
12-14 12:23:35.058  1337  1357 I chatty  : uid=1000(system) ActivityManager expire 11 lines
12-14 12:23:35.642  1337  7688 I chatty  : uid=1000(system) Binder:1337_1B expire 6 lines
12-14 12:23:35.692  1337  2282 I chatty  : uid=1000(system) Binder:1337_8 expire 2 lines
12-14 12:23:35.714  1337  1364 I chatty  : uid=1000(system) android.display expire 4 lines
12-14 12:23:36.243  4904  5051 E ActivityThread: Failed to find provider info for com.facebook.katana.provider.AttributionIdProvider
12-14 12:23:41.027  1337  1349 I chatty  : uid=1000(system) Binder:1337_2 expire 4 lines
12-14 12:23:41.120  1337  9442 I chatty  : uid=1000(system) Binder:1337_1F expire 1 line
12-14 12:23:41.225  1337  1337 I chatty  : uid=1000 system_server expire 10 lines
12-14 12:23:43.874  1337  2718 I chatty  : uid=1000(system) Binder:1337_E expire 8 lines
12-14 12:23:44.589  1337  4153 I chatty  : uid=1000(system) Binder:1337_10 expire 1 line
12-14 12:23:44.604  1337  1739 I chatty  : uid=1000(system) Binder:1337_3 expire 3 lines
12-14 12:24:08.472  1337  1354 I chatty  : uid=1000(system) android.bg expire 1 line
12-14 12:24:13.174  1337  1355 I chatty  : uid=1000(system) ActivityManager expire 18 lines
12-14 12:24:14.613  1337  1701 I chatty  : uid=1000(system) ConnectivitySer expire 13 lines
12-14 12:24:14.949  1337  1348 I chatty  : uid=1000(system) Binder:1337_1 expire 6 lines
12-14 12:24:15.231  1337  4155 I chatty  : uid=1000(system) Binder:1337_12 expire 4 lines
12-14 12:24:15.270   902   967 E NetlinkEvent: NetlinkEvent::FindParam(): Parameter 'INTERFACE' not found
12-14 12:24:15.270   902   967 E NetlinkEvent: NetlinkEvent::FindParam(): Parameter 'STATE' not found
12-14 12:24:15.270   902   967 E NetlinkEvent: NetlinkEvent::FindParam(): Parameter 'TIME_NS' not found
12-14 12:24:15.270   902   967 E NetlinkEvent: NetlinkEvent::FindParam(): Parameter 'UID' not found
12-14 12:24:20.483   902  5403 W SocketClient: write error (Broken pipe)
12-14 12:24:27.335  1337  1360 I chatty  : uid=1000(system) batterystats-wo expire 4 lines
12-14 12:25:38.549  1337  1366 I chatty  : uid=1000(system) PowerManagerSer expire 7 lines
12-14 12:25:43.590  1337  8630 I chatty  : uid=1000(system) Binder:1337_1D expire 8 lines
12-14 12:25:43.857   902   967 E NetlinkEvent: NetlinkEvent::FindParam(): Parameter 'INTERFACE' not found
12-14 12:25:43.857   902   967 E NetlinkEvent: NetlinkEvent::FindParam(): Parameter 'STATE' not found
12-14 12:25:43.857   902   967 E NetlinkEvent: NetlinkEvent::FindParam(): Parameter 'TIME_NS' not found
12-14 12:25:43.857   902   967 E NetlinkEvent: NetlinkEvent::FindParam(): Parameter 'UID' not found
12-14 12:25:44.428  1337  1701 I chatty  : uid=1000(system) ConnectivitySer expire 12 lines
12-14 12:25:45.609   902   967 E NetlinkEvent: NetlinkEvent::FindParam(): Parameter 'INTERFACE' not found
12-14 12:25:45.609   902   967 E NetlinkEvent: NetlinkEvent::FindParam(): Parameter 'STATE' not found
12-14 12:25:45.609   902   967 E NetlinkEvent: NetlinkEvent::FindParam(): Parameter 'TIME_NS' not found
12-14 12:25:45.609   902   967 E NetlinkEvent: NetlinkEvent::FindParam(): Parameter 'UID' not found
12-14 12:25:45.745  1337  1862 I chatty  : uid=1000(system) Binder:1337_5 expire 7 lines
12-14 12:25:45.770  1337  1355 I chatty  : uid=1000(system) ActivityManager expire 14 lines
12-14 12:25:50.847   902  5529 W SocketClient: write error (Broken pipe)
12-14 12:26:01.882   902   967 E NetlinkEvent: NetlinkEvent::FindParam(): Parameter 'INTERFACE' not found
12-14 12:26:01.882   902   967 E NetlinkEvent: NetlinkEvent::FindParam(): Parameter 'STATE' not found
12-14 12:26:01.882   902   967 E NetlinkEvent: NetlinkEvent::FindParam(): Parameter 'TIME_NS' not found
12-14 12:26:01.882   902   967 E NetlinkEvent: NetlinkEvent::FindParam(): Parameter 'UID' not found
12-14 12:26:07.708   902   967 E NetlinkEvent: NetlinkEvent::FindParam(): Parameter 'INTERFACE' not found
12-14 12:26:07.708   902   967 E NetlinkEvent: NetlinkEvent::FindParam(): Parameter 'STATE' not found
12-14 12:26:07.708   902   967 E NetlinkEvent: NetlinkEvent::FindParam(): Parameter 'TIME_NS' not found
12-14 12:26:07.708   902   967 E NetlinkEvent: NetlinkEvent::FindParam(): Parameter 'UID' not found
12-14 12:26:13.544   902   967 E NetlinkEvent: NetlinkEvent::FindParam(): Parameter 'INTERFACE' not found
12-14 12:26:13.544   902   967 E NetlinkEvent: NetlinkEvent::FindParam(): Parameter 'STATE' not found
12-14 12:26:13.544   902   967 E NetlinkEvent: NetlinkEvent::FindParam(): Parameter 'TIME_NS' not found
12-14 12:26:13.544   902   967 E NetlinkEvent: NetlinkEvent::FindParam(): Parameter 'UID' not found
12-14 12:26:19.399   902   967 E NetlinkEvent: NetlinkEvent::FindParam(): Parameter 'INTERFACE' not found
12-14 12:26:19.399   902   967 E NetlinkEvent: NetlinkEvent::FindParam(): Parameter 'STATE' not found
12-14 12:26:19.399   902   967 E NetlinkEvent: NetlinkEvent::FindParam(): Parameter 'TIME_NS' not found
12-14 12:26:19.399   902   967 E NetlinkEvent: NetlinkEvent::FindParam(): Parameter 'UID' not found
12-14 12:26:25.235   902   967 E NetlinkEvent: NetlinkEvent::FindParam(): Parameter 'INTERFACE' not found
12-14 12:26:25.235   902   967 E NetlinkEvent: NetlinkEvent::FindParam(): Parameter 'STATE' not found
12-14 12:26:25.235   902   967 E NetlinkEvent: NetlinkEvent::FindParam(): Parameter 'TIME_NS' not found
12-14 12:26:25.235   902   967 E NetlinkEvent: NetlinkEvent::FindParam(): Parameter 'UID' not found
12-14 12:26:32.476  3833  5612 E ActivityThread: Failed to find provider info for com.facebook.katana.provider.AttributionIdProvider
12-14 12:26:32.521  3833  3879 E SchedPolicy: set_timerslack_ns write failed: Operation not permitted
12-14 12:26:32.523  3833  3879 I chatty  : uid=10095(com.viber.voip) identical 6 lines
12-14 12:26:32.523  3833  3879 E SchedPolicy: set_timerslack_ns write failed: Operation not permitted
12-14 12:26:33.517  3833  3879 E ActivityThread: Failed to find provider info for com.teslacoilsw.notifier
12-14 12:27:04.003  1337  2332 I chatty  : uid=1000(system) Binder:1337_9 expire 9 lines
12-14 12:29:15.846  1337  1701 I chatty  : uid=1000(system) ConnectivitySer expire 12 lines
12-14 12:29:17.087   902   967 E NetlinkEvent: NetlinkEvent::FindParam(): Parameter 'INTERFACE' not found
12-14 12:29:17.087   902   967 E NetlinkEvent: NetlinkEvent::FindParam(): Parameter 'STATE' not found
12-14 12:29:17.087   902   967 E NetlinkEvent: NetlinkEvent::FindParam(): Parameter 'TIME_NS' not found
12-14 12:29:17.087   902   967 E NetlinkEvent: NetlinkEvent::FindParam(): Parameter 'UID' not found
12-14 12:29:17.264  1337  1355 I chatty  : uid=1000(system) ActivityManager expire 11 lines
12-14 12:29:22.352   902  5990 W SocketClient: write error (Broken pipe)
12-14 12:30:44.659  1337  1337 I chatty  : uid=1000 system_server expire 10 lines
12-14 12:30:45.366   902   967 E NetlinkEvent: NetlinkEvent::FindParam(): Parameter 'INTERFACE' not found
12-14 12:30:45.366   902   967 E NetlinkEvent: NetlinkEvent::FindParam(): Parameter 'STATE' not found
12-14 12:30:45.366   902   967 E NetlinkEvent: NetlinkEvent::FindParam(): Parameter 'TIME_NS' not found
12-14 12:30:45.366   902   967 E NetlinkEvent: NetlinkEvent::FindParam(): Parameter 'UID' not found
12-14 12:30:45.882  1337  1701 I chatty  : uid=1000(system) ConnectivitySer expire 12 lines
12-14 12:30:46.968   902   967 E NetlinkEvent: NetlinkEvent::FindParam(): Parameter 'INTERFACE' not found
12-14 12:30:46.968   902   967 E NetlinkEvent: NetlinkEvent::FindParam(): Parameter 'STATE' not found
12-14 12:30:46.968   902   967 E NetlinkEvent: NetlinkEvent::FindParam(): Parameter 'TIME_NS' not found
12-14 12:30:46.968   902   967 E NetlinkEvent: NetlinkEvent::FindParam(): Parameter 'UID' not found
12-14 12:30:47.117  1337  1355 I chatty  : uid=1000(system) ActivityManager expire 14 lines
12-14 12:30:52.201   902  6073 W SocketClient: write error (Broken pipe)
12-14 12:31:03.310   902   967 E NetlinkEvent: NetlinkEvent::FindParam(): Parameter 'INTERFACE' not found
12-14 12:31:03.311   902   967 E NetlinkEvent: NetlinkEvent::FindParam(): Parameter 'STATE' not found
12-14 12:31:03.311   902   967 E NetlinkEvent: NetlinkEvent::FindParam(): Parameter 'TIME_NS' not found
12-14 12:31:03.311   902   967 E NetlinkEvent: NetlinkEvent::FindParam(): Parameter 'UID' not found
12-14 12:31:09.158   902   967 E NetlinkEvent: NetlinkEvent::FindParam(): Parameter 'INTERFACE' not found
12-14 12:31:09.158   902   967 E NetlinkEvent: NetlinkEvent::FindParam(): Parameter 'STATE' not found
12-14 12:31:09.158   902   967 E NetlinkEvent: NetlinkEvent::FindParam(): Parameter 'TIME_NS' not found
12-14 12:31:09.158   902   967 E NetlinkEvent: NetlinkEvent::FindParam(): Parameter 'UID' not found
12-14 12:31:14.988   902   967 E NetlinkEvent: NetlinkEvent::FindParam(): Parameter 'INTERFACE' not found
12-14 12:31:14.988   902   967 E NetlinkEvent: NetlinkEvent::FindParam(): Parameter 'STATE' not found
12-14 12:31:14.988   902   967 E NetlinkEvent: NetlinkEvent::FindParam(): Parameter 'TIME_NS' not found
12-14 12:31:14.988   902   967 E NetlinkEvent: NetlinkEvent::FindParam(): Parameter 'UID' not found
12-14 12:31:15.173  1337  1357 I chatty  : uid=1000(system) ActivityManager expire 19 lines
12-14 12:31:15.605  1337  8673 I chatty  : uid=1000(system) Binder:1337_1E expire 4 lines
12-14 12:31:16.866  1337  2719 I chatty  : uid=1000(system) Binder:1337_F expire 4 lines
12-14 12:31:17.526  1337  1680 I chatty  : uid=1000(system) InputReader expire 1 line
12-14 12:31:18.452  1337  4154 I chatty  : uid=1000(system) Binder:1337_11 expire 5 lines
12-14 12:31:18.951  1337  4157 I chatty  : uid=1000(system) Binder:1337_13 expire 3 lines
12-14 12:31:19.089  1337  1703 I chatty  : uid=1000(system) NsdService expire 5 lines
12-14 12:31:19.427  1337  6161 I chatty  : uid=1000(system) Binder:1337_17 expire 7 lines
12-14 12:31:20.863  1337  1701 I chatty  : uid=1000(system) ConnectivitySer expire 4 lines
12-14 12:31:23.193  6146  6365 E ActivityThread: Failed to find provider info for com.teslacoilsw.notifier
12-14 12:31:23.197  6146  6365 I chatty  : uid=10071(com.google.android.apps.messaging) identical 1 line
12-14 12:31:23.200  6146  6365 E ActivityThread: Failed to find provider info for com.teslacoilsw.notifier
12-14 12:31:23.912   902   967 E NetlinkEvent: NetlinkEvent::FindParam(): Parameter 'INTERFACE' not found
12-14 12:31:23.912   902   967 E NetlinkEvent: NetlinkEvent::FindParam(): Parameter 'STATE' not found
12-14 12:31:23.912   902   967 E NetlinkEvent: NetlinkEvent::FindParam(): Parameter 'TIME_NS' not found
12-14 12:31:23.912   902   967 E NetlinkEvent: NetlinkEvent::FindParam(): Parameter 'UID' not found
12-14 12:31:26.069  1337  2586 I chatty  : uid=1000(system) UsbDebuggingMan expire 1 line
12-14 12:31:26.071  1337  1362 I chatty  : uid=1000(system) android.fg expire 1 line
12-14 12:31:29.680   902   967 E NetlinkEvent: NetlinkEvent::FindParam(): Parameter 'INTERFACE' not found
12-14 12:31:29.680   902   967 E NetlinkEvent: NetlinkEvent::FindParam(): Parameter 'STATE' not found
12-14 12:31:29.680   902   967 E NetlinkEvent: NetlinkEvent::FindParam(): Parameter 'TIME_NS' not found
12-14 12:31:29.680   902   967 E NetlinkEvent: NetlinkEvent::FindParam(): Parameter 'UID' not found
12-14 12:31:33.333  1337  6785 I chatty  : uid=1000(system) Binder:1337_19 expire 1 line
12-14 12:31:34.442  6294  6483 E ActivityThread: Failed to find provider info for com.teslacoilsw.notifier
12-14 12:31:37.620  1337  1355 I chatty  : uid=1000(system) ActivityManager expire 2 lines
12-14 12:31:45.791  1337  7839 I chatty  : uid=1000(system) Binder:1337_1C expire 2 lines
12-14 12:31:56.243  1337  1863 I chatty  : uid=1000(system) Binder:1337_6 expire 6 lines
12-14 12:31:56.294  1337  2700 I chatty  : uid=1000(system) Binder:1337_B expire 3 lines
12-14 12:31:56.789  1337  4155 I chatty  : uid=1000(system) Binder:1337_12 expire 2 lines
12-14 12:31:56.804  1337  1357 I chatty  : uid=1000(system) ActivityManager expire 14 lines
12-14 12:31:56.901  1337  2332 I chatty  : uid=1000(system) Binder:1337_9 expire 9 lines
12-14 12:31:56.926  1337  8630 I chatty  : uid=1000(system) Binder:1337_1D expire 4 lines
12-14 12:31:57.372  1337  7839 I chatty  : uid=1000(system) Binder:1337_1C expire 1 line
12-14 12:31:57.418  1337  6286 I chatty  : uid=1000(system) Binder:1337_18 expire 2 lines
12-14 12:31:57.520  1337  2712 I chatty  : uid=1000(system) Binder:1337_D expire 3 lines
12-14 12:31:57.778  7396  7396 E SchedPolicy: set_timerslack_ns write failed: Operation not permitted
12-14 12:31:57.778  7396  7396 I chatty  : uid=10095(com.viber.voip) identical 6 lines
12-14 12:31:57.778  7396  7396 E SchedPolicy: set_timerslack_ns write failed: Operation not permitted
12-14 12:31:57.844  1337  1355 I chatty  : uid=1000(system) ActivityManager expire 11 lines
12-14 12:31:57.847  1337  2254 I chatty  : uid=1000(system) Binder:1337_7 expire 1 line
12-14 12:31:57.848  1337  1701 I chatty  : uid=1000(system) ConnectivitySer expire 20 lines
12-14 12:31:58.269  1337  2701 I chatty  : uid=1000(system) Binder:1337_C expire 2 lines
12-14 12:31:58.295  1337  4154 I chatty  : uid=1000(system) Binder:1337_11 expire 3 lines
12-14 12:31:58.494  1337  4159 I chatty  : uid=1000(system) Binder:1337_15 expire 6 lines
12-14 12:31:58.512  1337  1337 I chatty  : uid=1000 system_server expire 10 lines
12-14 12:31:59.255  1337  7688 I chatty  : uid=1000(system) Binder:1337_1B expire 1 line
12-14 12:31:59.804  1337  4153 I chatty  : uid=1000(system) Binder:1337_10 expire 10 lines
12-14 12:31:59.854  1337  2282 I chatty  : uid=1000(system) Binder:1337_8 expire 4 lines
12-14 12:31:59.878  1337  1364 I chatty  : uid=1000(system) android.display expire 5 lines
12-14 12:32:02.862  7396  8248 E ActivityThread: Failed to find provider info for com.facebook.katana.provider.AttributionIdProvider
12-14 12:32:09.780  1337  1739 I chatty  : uid=1000(system) Binder:1337_3 expire 12 lines
12-14 12:32:10.845  1337  2718 I chatty  : uid=1000(system) Binder:1337_E expire 9 lines
12-14 12:32:16.236  1337  1356 I chatty  : uid=1000(system) android.ui expire 5 lines
12-14 12:32:36.148  1337  7615 I chatty  : uid=1000(system) Binder:1337_1A expire 8 lines
12-14 12:33:18.241  1337  1348 I chatty  : uid=1000(system) Binder:1337_1 expire 3 lines
12-14 12:33:46.015  1337  2719 I chatty  : uid=1000(system) Binder:1337_F expire 1 line
12-14 12:34:02.574  1337  1366 I chatty  : uid=1000(system) PowerManagerSer expire 7 lines
12-14 12:34:07.601  1337  6785 I chatty  : uid=1000(system) Binder:1337_19 expire 7 lines
12-14 12:34:20.385   902   967 E NetlinkEvent: NetlinkEvent::FindParam(): Parameter 'INTERFACE' not found
12-14 12:34:20.385   902   967 E NetlinkEvent: NetlinkEvent::FindParam(): Parameter 'STATE' not found
12-14 12:34:20.385   902   967 E NetlinkEvent: NetlinkEvent::FindParam(): Parameter 'TIME_NS' not found
12-14 12:34:20.385   902   967 E NetlinkEvent: NetlinkEvent::FindParam(): Parameter 'UID' not found
12-14 12:34:20.493  1337  2699 I chatty  : uid=1000(system) Binder:1337_A expire 3 lines
12-14 12:34:20.607  1337  1355 I chatty  : uid=1000(system) ActivityManager expire 10 lines
12-14 12:34:25.655   902  8829 W SocketClient: write error (Broken pipe)
12-14 12:34:27.311  1337  1337 I chatty  : uid=1000 system_server expire 13 lines
12-14 12:34:30.945  1337  1354 I chatty  : uid=1000(system) android.bg expire 1 line
12-14 12:35:49.094   902   967 E NetlinkEvent: NetlinkEvent::FindParam(): Parameter 'INTERFACE' not found
12-14 12:35:49.094   902   967 E NetlinkEvent: NetlinkEvent::FindParam(): Parameter 'STATE' not found
12-14 12:35:49.094   902   967 E NetlinkEvent: NetlinkEvent::FindParam(): Parameter 'TIME_NS' not found
12-14 12:35:49.094   902   967 E NetlinkEvent: NetlinkEvent::FindParam(): Parameter 'UID' not found
12-14 12:35:50.089  1337  1701 I chatty  : uid=1000(system) ConnectivitySer expire 12 lines
12-14 12:35:50.641   902   967 E NetlinkEvent: NetlinkEvent::FindParam(): Parameter 'INTERFACE' not found
12-14 12:35:50.641   902   967 E NetlinkEvent: NetlinkEvent::FindParam(): Parameter 'STATE' not found
12-14 12:35:50.641   902   967 E NetlinkEvent: NetlinkEvent::FindParam(): Parameter 'TIME_NS' not found
12-14 12:35:50.641   902   967 E NetlinkEvent: NetlinkEvent::FindParam(): Parameter 'UID' not found
12-14 12:35:50.803  1337  1355 I chatty  : uid=1000(system) ActivityManager expire 13 lines
12-14 12:35:55.867   902  9049 W SocketClient: write error (Broken pipe)
12-14 12:35:58.884  1337  1680 I chatty  : uid=1000(system) InputReader expire 1 line
12-14 12:35:58.885  1337  1337 I chatty  : uid=1000 system_server expire 10 lines
12-14 12:36:01.676  1337  1357 I chatty  : uid=1000(system) ActivityManager expire 14 lines
12-14 12:36:09.269  1337  1746 I chatty  : uid=1000(system) Binder:1337_4 expire 1 line
12-14 12:36:10.266  9323  9323 E SchedPolicy: set_timerslack_ns write failed: Operation not permitted
12-14 12:36:10.266  9323  9323 I chatty  : uid=10095(com.viber.voip) identical 6 lines
12-14 12:36:10.266  9323  9323 E SchedPolicy: set_timerslack_ns write failed: Operation not permitted
12-14 12:36:11.329  1337  1355 I chatty  : uid=1000(system) ActivityManager expire 16 lines
12-14 12:36:12.356  1337  1701 I chatty  : uid=1000(system) ConnectivitySer expire 3 lines
12-14 12:36:15.403  9323 10135 E ActivityThread: Failed to find provider info for com.facebook.katana.provider.AttributionIdProvider
12-14 12:36:15.581   902   967 E NetlinkEvent: NetlinkEvent::FindParam(): Parameter 'INTERFACE' not found
12-14 12:36:15.581   902   967 E NetlinkEvent: NetlinkEvent::FindParam(): Parameter 'STATE' not found
12-14 12:36:15.581   902   967 E NetlinkEvent: NetlinkEvent::FindParam(): Parameter 'TIME_NS' not found
12-14 12:36:15.581   902   967 E NetlinkEvent: NetlinkEvent::FindParam(): Parameter 'UID' not found
12-14 12:36:18.636  1337  1357 I chatty  : uid=1000(system) ActivityManager expire 1 line
12-14 12:36:18.900  1337  1349 I chatty  : uid=1000(system) Binder:1337_2 expire 2 lines
12-14 12:36:19.149 10176 10265 E ActivityThread: Failed to find provider info for com.facebook.katana.provider.AttributionIdProvider
12-14 12:36:21.364   902   967 E NetlinkEvent: NetlinkEvent::FindParam(): Parameter 'INTERFACE' not found
12-14 12:36:21.365   902   967 E NetlinkEvent: NetlinkEvent::FindParam(): Parameter 'STATE' not found
12-14 12:36:21.365   902   967 E NetlinkEvent: NetlinkEvent::FindParam(): Parameter 'TIME_NS' not found
12-14 12:36:21.365   902   967 E NetlinkEvent: NetlinkEvent::FindParam(): Parameter 'UID' not found
12-14 12:36:22.084  1337  1355 I chatty  : uid=1000(system) ActivityManager expire 10 lines
12-14 12:36:23.082  1337  2718 I chatty  : uid=1000(system) Binder:1337_E expire 8 lines
12-14 12:36:23.154  1337  1364 I chatty  : uid=1000(system) android.display expire 5 lines
12-14 12:36:23.167  1337  1337 I chatty  : uid=1000 system_server expire 15 lines
12-14 12:36:23.640  1337  1357 I chatty  : uid=1000(system) ActivityManager expire 25 lines
