12-14 03:38:18.811  1337  1355 I chatty  : uid=1000(system) ActivityManager expire 18 lines
12-14 03:38:18.822  1337  1746 I chatty  : uid=1000(system) Binder:1337_4 expire 2 lines
12-14 03:38:18.964  1337  1701 I chatty  : uid=1000(system) ConnectivitySer expire 2 lines
12-14 03:38:18.964  1337  8673 I chatty  : uid=1000(system) Binder:1337_1E expire 1 line
12-14 03:38:19.006  1337  2701 I chatty  : uid=1000(system) Binder:1337_C expire 1 line
12-14 03:38:19.061  1337  2699 I chatty  : uid=1000(system) Binder:1337_A expire 6 lines
12-14 03:38:19.148  1337  2254 I chatty  : uid=1000(system) Binder:1337_7 expire 4 lines
12-14 03:38:19.174  1337  1354 I chatty  : uid=1000(system) android.bg expire 4 lines
12-14 03:38:19.200  1337  7615 I chatty  : uid=1000(system) Binder:1337_1A expire 4 lines
12-14 03:38:19.227  1337  1718 I chatty  : uid=1000(system) HwBinder:1337_3 expire 57 lines
12-14 03:38:29.054  1337  1366 I chatty  : uid=1000(system) PowerManagerSer expire 12 lines
12-14 03:38:29.057  1337  1337 I chatty  : uid=1000 system_server expire 18 lines
12-14 03:38:29.627  1337  1364 I chatty  : uid=1000(system) android.display expire 4 lines
12-14 03:38:29.632  1337  1600 I chatty  : uid=1000(system) android.anim expire 4 lines
12-14 03:38:30.420  1337  1355 I chatty  : uid=1000(system) ActivityManager expire 20 lines
12-14 03:38:44.973  1337  1948 I chatty  : uid=1000(system) HwBinder:1337_4 expire 38 lines
12-14 03:42:55.003  1337  9442 I chatty  : uid=1000(system) Binder:1337_1F expire 2 lines
12-14 03:46:19.686   955   955 E TLOC    : [TLOCChannel]"Can't receive message due to timeout"
12-14 03:46:19.687   955   955 I TLOC    : [TLOCDaemon ]"timeout passed - start periodic warm-up"
12-14 03:46:19.689   955   955 I TLOC    : [ModemComm  ]"Start a session successfully"
12-14 03:46:19.689   955   955 D TLOC    : [TLOCDaemon ]"The command finished successfully"
12-14 03:46:19.689   955   955 D TLOC    : [TLOCDaemon ]"waiting for command"
12-14 03:46:19.689   955   955 D TLOC    : [TLOCChannel] "Going to receive message for TLOCD"
12-14 03:46:19.689   955   955 D TLOC    : [TLOCChannel] "wait for message for user TLOCD"
12-14 03:46:19.755  1337  1357 I chatty  : uid=1000(system) ActivityManager expire 12 lines
12-14 03:46:20.018  1337  2282 I chatty  : uid=1000(system) Binder:1337_8 expire 3 lines
12-14 03:46:23.406  1337  1948 I chatty  : uid=1000(system) HwBinder:1337_4 expire 68 lines
12-14 03:46:26.573  1337  1701 I chatty  : uid=1000(system) ConnectivitySer expire 5 lines
12-14 03:46:27.683   955  1326 I TLOC    : [Modem      ]"Received event indication of position report with status SUCCESS"
12-14 03:46:27.683   955  1326 D TLOC    : [Modem      ] "*********** Position Report: ***********"
12-14 03:46:27.683   955  1326 D TLOC    : [Modem      ] "	Latitude:	38.671833"
12-14 03:46:27.683   955  1326 D TLOC    : [Modem      ] "	Longitude:	-121.504688"
12-14 03:46:27.683   955  1326 D TLOC    : [Modem      ] "	Accuracy:	36.000000"
12-14 03:46:27.683   955  1326 D TLOC    : [Modem      ] "	Technology:	5"
12-14 03:46:27.683   955  1326 D TLOC    : [Modem      ] "	Time:		1576323988000"
12-14 03:46:27.683   955  1326 D TLOC    : [Modem      ] "	Altitude:	-3.154768"
12-14 03:46:27.683   955  1326 D TLOC    : [Modem      ] "	Speed:		0.000000"
12-14 03:46:27.683   955  1326 D TLOC    : [Modem      ] "****************************************"
12-14 03:46:27.683   955  1326 I TLOC    : [Modem      ]"Received location fix. Should close the session"
12-14 03:46:27.683   955  1326 D TLOC    : [TLOCChannel] "TLOCChannel is already initialized"
12-14 03:46:27.683   955  1326 D TLOC    : [TLOCChannel] "Going to send message to TLOCD"
12-14 03:46:27.683   955  1326 D TLOC    : [TLOCChannel]" --- message(id:10, size:0) ---> TLOCD"
12-14 03:46:27.685   955   955 D TLOC    : [TLOCChannel]" TLOCD <--- message(id:10, size:0) ---"
12-14 03:46:27.685   955   955 I TLOC    : [TLOCDaemon ]"WarmUp ended"
12-14 03:46:27.687   955   955 I TLOC    : [ModemComm  ]"Stopped the session successfully"
12-14 03:46:27.687   955   955 D TLOC    : [TLOCDaemon ]"The command finished successfully"
12-14 03:46:27.687   955   955 D TLOC    : [TLOCDaemon ]"waiting for command"
12-14 03:46:27.687   955   955 D TLOC    : [TLOCChannel] "Going to receive message for TLOCD"
12-14 03:46:27.687   955   955 D TLOC    : [TLOCChannel] "wait for message for user TLOCD"
12-14 03:46:38.508  1337  1718 I chatty  : uid=1000(system) HwBinder:1337_3 expire 21 lines
12-14 03:48:20.231  2030  2235 E ActivityThread: Failed to find provider info for com.facebook.katana.provider.AttributionIdProvider
12-14 03:48:23.369  1337  1718 I chatty  : uid=1000(system) HwBinder:1337_3 expire 57 lines
12-14 03:48:23.370  1337  1362 I chatty  : uid=1000(system) android.fg expire 5 lines
12-14 03:48:25.262  1337  1360 I chatty  : uid=1000(system) batterystats-wo expire 4 lines
12-14 03:48:25.339  1337  1863 I chatty  : uid=1000(system) Binder:1337_6 expire 3 lines
12-14 03:48:25.412  1337  2700 I chatty  : uid=1000(system) Binder:1337_B expire 1 line
12-14 03:48:25.420  1337  2712 I chatty  : uid=1000(system) Binder:1337_D expire 3 lines
12-14 03:48:25.420  1337  4155 I chatty  : uid=1000(system) Binder:1337_12 expire 1 line
12-14 03:48:25.562  1337  1363 I chatty  : uid=1000(system) android.io expire 2 lines
12-14 03:48:35.202  1337  2701 I chatty  : uid=1000(system) Binder:1337_C expire 5 lines
12-14 03:48:49.895  1337  5864 I chatty  : uid=1000(system) Binder:1337_16 expire 2 lines
12-14 03:48:50.135  1337  1862 I chatty  : uid=1000(system) Binder:1337_5 expire 2 lines
12-14 03:48:50.243  1337  1703 I chatty  : uid=1000(system) NsdService expire 2 lines
12-14 03:58:26.114  1337  7839 I chatty  : uid=1000(system) Binder:1337_1C expire 4 lines
12-14 03:58:26.291  2870  2870 E SchedPolicy: set_timerslack_ns write failed: Operation not permitted
12-14 03:58:26.291  2870  2870 I chatty  : uid=10095(com.viber.voip) identical 6 lines
12-14 03:58:26.291  2870  2870 E SchedPolicy: set_timerslack_ns write failed: Operation not permitted
12-14 03:58:26.541  1337  1357 I chatty  : uid=1000(system) ActivityManager expire 4 lines
12-14 03:58:26.733  2870  3148 E ActivityThread: Failed to find provider info for com.facebook.katana.provider.AttributionIdProvider
12-14 03:58:26.976  1337  8630 I chatty  : uid=1000(system) Binder:1337_1D expire 1 line
12-14 03:58:27.162  2870  2912 E SchedPolicy: set_timerslack_ns write failed: Operation not permitted
12-14 03:58:27.163  2870  2912 I chatty  : uid=10095(com.viber.voip) identical 6 lines
12-14 03:58:27.163  2870  2912 E SchedPolicy: set_timerslack_ns write failed: Operation not permitted
12-14 03:58:28.073  1337  1739 I chatty  : uid=1000(system) Binder:1337_3 expire 3 lines
12-14 03:58:28.082  2870  2912 E ActivityThread: Failed to find provider info for com.teslacoilsw.notifier
12-14 03:58:30.892  1337  1718 I chatty  : uid=1000(system) HwBinder:1337_3 expire 5 lines
12-14 03:58:31.429  2870  3713 E ActivityThread: Failed to find provider info for com.facebook.katana.provider.AttributionIdProvider
12-14 03:58:32.082  1337  6785 I chatty  : uid=1000(system) Binder:1337_19 expire 4 lines
12-14 03:58:34.049  2837  3178 E ActivityThread: Failed to find provider info for com.teslacoilsw.notifier
12-14 03:58:34.053  2837  3178 I chatty  : uid=10071(com.google.android.apps.messaging) identical 1 line
12-14 03:58:34.055  2837  3178 E ActivityThread: Failed to find provider info for com.teslacoilsw.notifier
12-14 03:58:37.280  1337  1348 I chatty  : uid=1000(system) Binder:1337_1 expire 1 line
12-14 03:58:37.955  1337  1355 I chatty  : uid=1000(system) ActivityManager expire 18 lines
12-14 03:58:38.028  1337  1366 I chatty  : uid=1000(system) PowerManagerSer expire 4 lines
12-14 03:58:40.387  1337  1337 I chatty  : uid=1000 system_server expire 9 lines
12-14 03:58:40.622  1337  6286 I chatty  : uid=1000(system) Binder:1337_18 expire 2 lines
12-14 03:58:40.823  1337  2332 I chatty  : uid=1000(system) Binder:1337_9 expire 2 lines
12-14 03:58:44.062  1337  2701 I chatty  : uid=1000(system) Binder:1337_C expire 3 lines
12-14 03:58:50.414  1337  1366 I chatty  : uid=1000(system) PowerManagerSer expire 12 lines
12-14 03:58:50.417  1337  1337 I chatty  : uid=1000 system_server expire 30 lines
12-14 03:58:50.511  1337  1348 I chatty  : uid=1000(system) Binder:1337_1 expire 3 lines
12-14 03:58:50.512  1337  2712 I chatty  : uid=1000(system) Binder:1337_D expire 4 lines
12-14 03:58:50.512  1337  1701 I chatty  : uid=1000(system) ConnectivitySer expire 6 lines
12-14 03:58:50.945  1337  1677 I chatty  : uid=1000(system) HwBinder:1337_2 expire 91 lines
12-14 03:58:50.980  1337  1364 I chatty  : uid=1000(system) android.display expire 4 lines
12-14 03:58:50.981  1337  1600 I chatty  : uid=1000(system) android.anim expire 4 lines
12-14 03:59:04.113  1337  2719 I chatty  : uid=1000(system) Binder:1337_F expire 5 lines
12-14 03:59:16.128  1337  1718 I chatty  : uid=1000(system) HwBinder:1337_3 expire 33 lines
12-14 03:59:44.159  1337  1349 I chatty  : uid=1000(system) Binder:1337_2 expire 3 lines
12-14 04:00:26.211  1337  1862 I chatty  : uid=1000(system) Binder:1337_5 expire 7 lines
12-14 04:03:50.102  1337  1357 I chatty  : uid=1000(system) ActivityManager expire 13 lines
12-14 04:03:51.973  1337  9442 I chatty  : uid=1000(system) Binder:1337_1F expire 1 line
12-14 04:04:02.011  1337  1739 I chatty  : uid=1000(system) Binder:1337_3 expire 1 line
12-14 04:04:02.427  1337  1354 I chatty  : uid=1000(system) android.bg expire 3 lines
12-14 04:06:14.880  1337  1362 I chatty  : uid=1000(system) android.fg expire 5 lines
12-14 04:06:22.784  1337  2699 I chatty  : uid=1000(system) Binder:1337_A expire 1 line
12-14 04:07:29.212  1337  2282 I chatty  : uid=1000(system) Binder:1337_8 expire 1 line
12-14 04:07:52.891  1337  4153 I chatty  : uid=1000(system) Binder:1337_10 expire 3 lines
12-14 04:08:40.884  1337  6785 I chatty  : uid=1000(system) Binder:1337_19 expire 3 lines
12-14 04:08:41.057  1337  2718 I chatty  : uid=1000(system) Binder:1337_E expire 3 lines
12-14 04:08:41.478  1337  4154 I chatty  : uid=1000(system) Binder:1337_11 expire 4 lines
12-14 04:08:42.081  1337  1863 I chatty  : uid=1000(system) Binder:1337_6 expire 2 lines
12-14 04:08:42.213  1337  6161 I chatty  : uid=1000(system) Binder:1337_17 expire 1 line
12-14 04:08:46.484  1337  1355 I chatty  : uid=1000(system) ActivityManager expire 16 lines
12-14 04:08:46.580  1337  1360 I chatty  : uid=1000(system) batterystats-wo expire 2 lines
12-14 04:08:46.954  1337  5864 I chatty  : uid=1000(system) Binder:1337_16 expire 4 lines
12-14 04:08:48.655  1337  1363 I chatty  : uid=1000(system) android.io expire 1 line
12-14 04:08:54.305  1337  8630 I chatty  : uid=1000(system) Binder:1337_1D expire 1 line
12-14 04:08:54.353  1337  8673 I chatty  : uid=1000(system) Binder:1337_1E expire 1 line
12-14 04:08:59.531  4535  4674 E ActivityThread: Failed to find provider info for com.teslacoilsw.notifier
12-14 04:09:04.523  1337  1677 I chatty  : uid=1000(system) HwBinder:1337_2 expire 65 lines
12-14 04:09:29.711  1337  1718 I chatty  : uid=1000(system) HwBinder:1337_3 expire 16 lines
12-14 04:15:41.680  1337  1355 I chatty  : uid=1000(system) ActivityManager expire 8 lines
12-14 04:15:41.699  1337  1366 I chatty  : uid=1000(system) PowerManagerSer expire 4 lines
12-14 04:15:41.711  1337  1337 I chatty  : uid=1000 system_server expire 12 lines
12-14 04:15:43.852  1337  1362 I chatty  : uid=1000(system) android.fg expire 6 lines
12-14 04:15:44.053  1337  1677 I chatty  : uid=1000(system) HwBinder:1337_2 expire 10 lines
12-14 04:15:44.149  1337  1363 I chatty  : uid=1000(system) android.io expire 3 lines
12-14 04:15:44.157  1337  1355 I chatty  : uid=1000(system) ActivityManager expire 53 lines
12-14 04:15:44.210  1337  1354 I chatty  : uid=1000(system) android.bg expire 5 lines
12-14 04:15:54.162  1337  1366 I chatty  : uid=1000(system) PowerManagerSer expire 20 lines
12-14 04:15:54.727  1337  1364 I chatty  : uid=1000(system) android.display expire 5 lines
12-14 04:15:54.730  1337  1600 I chatty  : uid=1000(system) android.anim expire 5 lines
12-14 04:16:12.534  1337  2719 I chatty  : uid=1000(system) Binder:1337_F expire 1 line
12-14 04:16:27.687   955   955 E TLOC    : [TLOCChannel]"Can't receive message due to timeout"
12-14 04:16:27.688   955   955 I TLOC    : [TLOCDaemon ]"timeout passed - start periodic warm-up"
12-14 04:16:27.690   955   955 I TLOC    : [ModemComm  ]"Start a session successfully"
12-14 04:16:27.690   955   955 D TLOC    : [TLOCDaemon ]"The command finished successfully"
12-14 04:16:27.690   955   955 D TLOC    : [TLOCDaemon ]"waiting for command"
12-14 04:16:27.690   955   955 D TLOC    : [TLOCChannel] "Going to receive message for TLOCD"
12-14 04:16:27.690   955   955 D TLOC    : [TLOCChannel] "wait for message for user TLOCD"
12-14 04:16:37.679   955  1326 I TLOC    : [Modem      ]"Received event indication of position report with status SUCCESS"
12-14 04:16:37.680   955  1326 D TLOC    : [Modem      ] "*********** Position Report: ***********"
12-14 04:16:37.680   955  1326 D TLOC    : [Modem      ] "	Latitude:	38.671745"
12-14 04:16:37.680   955  1326 D TLOC    : [Modem      ] "	Longitude:	-121.504747"
12-14 04:16:37.680   955  1326 D TLOC    : [Modem      ] "	Accuracy:	38.000000"
12-14 04:16:37.680   955  1326 D TLOC    : [Modem      ] "	Technology:	5"
12-14 04:16:37.680   955  1326 D TLOC    : [Modem      ] "	Time:		1576325798000"
12-14 04:16:37.680   955  1326 D TLOC    : [Modem      ] "	Altitude:	-3.566858"
12-14 04:16:37.680   955  1326 D TLOC    : [Modem      ] "	Speed:		0.000000"
12-14 04:16:37.680   955  1326 D TLOC    : [Modem      ] "****************************************"
12-14 04:16:37.680   955  1326 I TLOC    : [Modem      ]"Received location fix. Should close the session"
12-14 04:16:37.680   955  1326 D TLOC    : [TLOCChannel] "TLOCChannel is already initialized"
12-14 04:16:37.680   955  1326 D TLOC    : [TLOCChannel] "Going to send message to TLOCD"
12-14 04:16:37.680   955  1326 D TLOC    : [TLOCChannel]" --- message(id:10, size:0) ---> TLOCD"
12-14 04:16:37.680   955   955 D TLOC    : [TLOCChannel]" TLOCD <--- message(id:10, size:0) ---"
12-14 04:16:37.680   955   955 I TLOC    : [TLOCDaemon ]"WarmUp ended"
12-14 04:16:37.682   955   955 I TLOC    : [ModemComm  ]"Stopped the session successfully"
12-14 04:16:37.682   955   955 D TLOC    : [TLOCDaemon ]"The command finished successfully"
12-14 04:16:37.683   955   955 D TLOC    : [TLOCDaemon ]"waiting for command"
12-14 04:16:37.683   955   955 D TLOC    : [TLOCChannel] "Going to receive message for TLOCD"
12-14 04:16:37.683   955   955 D TLOC    : [TLOCChannel] "wait for message for user TLOCD"
12-14 04:16:40.029  1337  1677 I chatty  : uid=1000(system) HwBinder:1337_2 expire 101 lines
12-14 04:17:20.327  1337  1718 I chatty  : uid=1000(system) HwBinder:1337_3 expire 18 lines
12-14 04:19:51.798  1337  1360 I chatty  : uid=1000(system) batterystats-wo expire 3 lines
12-14 04:23:17.705  1337  1337 I chatty  : uid=1000 system_server expire 30 lines
12-14 04:23:20.044  1337  1987 I chatty  : uid=1000(system) HwBinder:1337_5 expire 88 lines
12-14 04:26:29.538  1337  1349 I chatty  : uid=1000(system) Binder:1337_2 expire 1 line
12-14 04:26:39.637  1337  4159 I chatty  : uid=1000(system) Binder:1337_15 expire 2 lines
12-14 04:28:54.391  1337  1357 I chatty  : uid=1000(system) ActivityManager expire 2 lines
12-14 04:30:42.837  1337  2699 I chatty  : uid=1000(system) Binder:1337_A expire 1 line
12-14 04:31:09.213  1337  5864 I chatty  : uid=1000(system) Binder:1337_16 expire 1 line
12-14 04:33:55.833   902   967 E NetlinkEvent: NetlinkEvent::FindParam(): Parameter 'INTERFACE' not found
12-14 04:33:55.834   902   967 E NetlinkEvent: NetlinkEvent::FindParam(): Parameter 'STATE' not found
12-14 04:33:55.834   902   967 E NetlinkEvent: NetlinkEvent::FindParam(): Parameter 'TIME_NS' not found
12-14 04:33:55.834   902   967 E NetlinkEvent: NetlinkEvent::FindParam(): Parameter 'UID' not found
12-14 04:33:56.334  1337  7615 I chatty  : uid=1000(system) Binder:1337_1A expire 1 line
12-14 04:33:56.360  1337  1701 I chatty  : uid=1000(system) ConnectivitySer expire 12 lines
12-14 04:33:56.528   902   967 E NetlinkEvent: NetlinkEvent::FindParam(): Parameter 'INTERFACE' not found
12-14 04:33:56.528   902   967 E NetlinkEvent: NetlinkEvent::FindParam(): Parameter 'STATE' not found
12-14 04:33:56.528   902   967 E NetlinkEvent: NetlinkEvent::FindParam(): Parameter 'TIME_NS' not found
12-14 04:33:56.528   902   967 E NetlinkEvent: NetlinkEvent::FindParam(): Parameter 'UID' not found
12-14 04:33:56.647  1337  1355 I chatty  : uid=1000(system) ActivityManager expire 10 lines
12-14 04:33:57.866  1337  1987 I chatty  : uid=1000(system) HwBinder:1337_5 expire 4 lines
12-14 04:34:01.714   902  5893 W SocketClient: write error (Broken pipe)
12-14 04:34:07.950  1337  1677 I chatty  : uid=1000(system) HwBinder:1337_2 expire 21 lines
12-14 04:34:13.221   902   967 E NetlinkEvent: NetlinkEvent::FindParam(): Parameter 'INTERFACE' not found
12-14 04:34:13.222   902   967 E NetlinkEvent: NetlinkEvent::FindParam(): Parameter 'STATE' not found
12-14 04:34:13.222   902   967 E NetlinkEvent: NetlinkEvent::FindParam(): Parameter 'TIME_NS' not found
12-14 04:34:13.222   902   967 E NetlinkEvent: NetlinkEvent::FindParam(): Parameter 'UID' not found
12-14 04:34:19.032   902   967 E NetlinkEvent: NetlinkEvent::FindParam(): Parameter 'INTERFACE' not found
12-14 04:34:19.033   902   967 E NetlinkEvent: NetlinkEvent::FindParam(): Parameter 'STATE' not found
12-14 04:34:19.033   902   967 E NetlinkEvent: NetlinkEvent::FindParam(): Parameter 'TIME_NS' not found
12-14 04:34:19.033   902   967 E NetlinkEvent: NetlinkEvent::FindParam(): Parameter 'UID' not found
12-14 04:34:24.870   902   967 E NetlinkEvent: NetlinkEvent::FindParam(): Parameter 'INTERFACE' not found
12-14 04:34:24.871   902   967 E NetlinkEvent: NetlinkEvent::FindParam(): Parameter 'STATE' not found
12-14 04:34:24.871   902   967 E NetlinkEvent: NetlinkEvent::FindParam(): Parameter 'TIME_NS' not found
12-14 04:34:24.871   902   967 E NetlinkEvent: NetlinkEvent::FindParam(): Parameter 'UID' not found
12-14 04:34:30.724   902   967 E NetlinkEvent: NetlinkEvent::FindParam(): Parameter 'INTERFACE' not found
12-14 04:34:30.724   902   967 E NetlinkEvent: NetlinkEvent::FindParam(): Parameter 'STATE' not found
12-14 04:34:30.724   902   967 E NetlinkEvent: NetlinkEvent::FindParam(): Parameter 'TIME_NS' not found
12-14 04:34:30.724   902   967 E NetlinkEvent: NetlinkEvent::FindParam(): Parameter 'UID' not found
12-14 04:34:36.455   902   967 E NetlinkEvent: NetlinkEvent::FindParam(): Parameter 'INTERFACE' not found
12-14 04:34:36.455   902   967 E NetlinkEvent: NetlinkEvent::FindParam(): Parameter 'STATE' not found
12-14 04:34:36.455   902   967 E NetlinkEvent: NetlinkEvent::FindParam(): Parameter 'TIME_NS' not found
12-14 04:34:36.455   902   967 E NetlinkEvent: NetlinkEvent::FindParam(): Parameter 'UID' not found
12-14 04:36:00.018  1337  1366 I chatty  : uid=1000(system) PowerManagerSer expire 2 lines
12-14 04:36:00.020  1337  1337 I chatty  : uid=1000 system_server expire 12 lines
12-14 04:36:00.043  1337  1364 I chatty  : uid=1000(system) android.display expire 6 lines
12-14 04:36:00.081  1337  1600 I chatty  : uid=1000(system) android.anim expire 6 lines
12-14 04:36:00.091  1337  1360 I chatty  : uid=1000(system) batterystats-wo expire 5 lines
12-14 04:36:00.145  1337  1355 I chatty  : uid=1000(system) ActivityManager expire 17 lines
12-14 04:36:00.178  1337  1366 I chatty  : uid=1000(system) PowerManagerSer expire 22 lines
12-14 04:36:00.183  1337  8630 I chatty  : uid=1000(system) Binder:1337_1D expire 5 lines
12-14 04:36:00.346  1337  1363 I chatty  : uid=1000(system) android.io expire 3 lines
12-14 04:36:00.401  1337  1354 I chatty  : uid=1000(system) android.bg expire 4 lines
12-14 04:36:00.446  1337  1677 I chatty  : uid=1000(system) HwBinder:1337_2 expire 10 lines
12-14 04:36:00.447  1337  1362 I chatty  : uid=1000(system) android.fg expire 5 lines
12-14 04:36:21.405  1337  1718 I chatty  : uid=1000(system) HwBinder:1337_3 expire 27 lines
12-14 04:36:52.283  1760  1760 I PowerUI : avg=27.30671,min=26.284,max=29.174002
12-14 04:36:56.709  1337  1677 I chatty  : uid=1000(system) HwBinder:1337_2 expire 42 lines
12-14 04:39:00.263  1337  5864 I chatty  : uid=1000(system) Binder:1337_16 expire 5 lines
12-14 04:39:00.356  1337  1348 I chatty  : uid=1000(system) Binder:1337_1 expire 2 lines
12-14 04:39:00.356  1337  2699 I chatty  : uid=1000(system) Binder:1337_A expire 3 lines
12-14 04:39:00.357  1337  1701 I chatty  : uid=1000(system) ConnectivitySer expire 19 lines
12-14 04:39:00.470  1337  4153 I chatty  : uid=1000(system) Binder:1337_10 expire 5 lines
12-14 04:39:00.470  1337  1746 I chatty  : uid=1000(system) Binder:1337_4 expire 1 line
12-14 04:39:00.470  1337  7615 I chatty  : uid=1000(system) Binder:1337_1A expire 3 lines
12-14 04:39:00.473  1337  6161 I chatty  : uid=1000(system) Binder:1337_17 expire 3 lines
12-14 04:42:08.601  1337  1357 I chatty  : uid=1000(system) ActivityManager expire 3 lines
12-14 04:42:14.881  1337  2700 I chatty  : uid=1000(system) Binder:1337_B expire 2 lines
12-14 04:42:50.989  1337  1337 I chatty  : uid=1000 system_server expire 25 lines
12-14 04:42:53.186   902   967 E NetlinkEvent: NetlinkEvent::FindParam(): Parameter 'INTERFACE' not found
12-14 04:42:53.186   902   967 E NetlinkEvent: NetlinkEvent::FindParam(): Parameter 'STATE' not found
12-14 04:42:53.186   902   967 E NetlinkEvent: NetlinkEvent::FindParam(): Parameter 'TIME_NS' not found
12-14 04:42:53.186   902   967 E NetlinkEvent: NetlinkEvent::FindParam(): Parameter 'UID' not found
12-14 04:42:53.341  1337  1355 I chatty  : uid=1000(system) ActivityManager expire 35 lines
12-14 04:42:54.856  1337  1718 I chatty  : uid=1000(system) HwBinder:1337_3 expire 35 lines
12-14 04:42:58.420   902  6342 W SocketClient: write error (Broken pipe)
12-14 04:43:04.930  1337  1677 I chatty  : uid=1000(system) HwBinder:1337_2 expire 19 lines
12-14 04:47:21.022  1337  1948 I chatty  : uid=1000(system) HwBinder:1337_4 expire 22 lines
12-14 04:47:52.181   955   955 E TLOC    : [TLOCChannel]"Can't receive message due to timeout"
12-14 04:47:52.181   955   955 I TLOC    : [TLOCDaemon ]"timeout passed - start periodic warm-up"
12-14 04:47:52.190   955   955 I TLOC    : [ModemComm  ]"Start a session successfully"
12-14 04:47:52.190   955   955 D TLOC    : [TLOCDaemon ]"The command finished successfully"
12-14 04:47:52.190   955   955 D TLOC    : [TLOCDaemon ]"waiting for command"
12-14 04:47:52.190   955   955 D TLOC    : [TLOCChannel] "Going to receive message for TLOCD"
12-14 04:47:52.190   955   955 D TLOC    : [TLOCChannel] "wait for message for user TLOCD"
12-14 04:47:54.680   955  1326 I TLOC    : [Modem      ]"Received event indication of position report with status SUCCESS"
12-14 04:47:54.680   955  1326 D TLOC    : [Modem      ] "*********** Position Report: ***********"
12-14 04:47:54.680   955  1326 D TLOC    : [Modem      ] "	Latitude:	38.671751"
12-14 04:47:54.680   955  1326 D TLOC    : [Modem      ] "	Longitude:	-121.504494"
12-14 04:47:54.680   955  1326 D TLOC    : [Modem      ] "	Accuracy:	3.000000"
12-14 04:47:54.680   955  1326 D TLOC    : [Modem      ] "	Technology:	5"
12-14 04:47:54.680   955  1326 D TLOC    : [Modem      ] "	Time:		1576327675000"
12-14 04:47:54.680   955  1326 D TLOC    : [Modem      ] "	Altitude:	-2.760355"
12-14 04:47:54.680   955  1326 D TLOC    : [Modem      ] "	Speed:		0.000000"
12-14 04:47:54.680   955  1326 D TLOC    : [Modem      ] "****************************************"
12-14 04:47:54.680   955  1326 I TLOC    : [Modem      ]"Received location fix. Should close the session"
12-14 04:47:54.680   955  1326 D TLOC    : [TLOCChannel] "TLOCChannel is already initialized"
12-14 04:47:54.680   955  1326 D TLOC    : [TLOCChannel] "Going to send message to TLOCD"
12-14 04:47:54.681   955  1326 D TLOC    : [TLOCChannel]" --- message(id:10, size:0) ---> TLOCD"
12-14 04:47:54.681   955   955 D TLOC    : [TLOCChannel]" TLOCD <--- message(id:10, size:0) ---"
12-14 04:47:54.681   955   955 I TLOC    : [TLOCDaemon ]"WarmUp ended"
12-14 04:47:54.683   955   955 I TLOC    : [ModemComm  ]"Stopped the session successfully"
12-14 04:47:54.683   955   955 D TLOC    : [TLOCDaemon ]"The command finished successfully"
12-14 04:47:54.683   955   955 D TLOC    : [TLOCDaemon ]"waiting for command"
12-14 04:47:54.683   955   955 D TLOC    : [TLOCChannel] "Going to receive message for TLOCD"
12-14 04:47:54.683   955   955 D TLOC    : [TLOCChannel] "wait for message for user TLOCD"
12-14 04:48:06.387  1337  1667 I chatty  : uid=1000(system) HwBinder:1337_1 expire 37 lines
12-14 04:50:12.511  1337  1948 I chatty  : uid=1000(system) HwBinder:1337_4 expire 17 lines
12-14 04:53:41.420   902   967 E NetlinkEvent: NetlinkEvent::FindParam(): Parameter 'INTERFACE' not found
12-14 04:53:41.420   902   967 E NetlinkEvent: NetlinkEvent::FindParam(): Parameter 'STATE' not found
12-14 04:53:41.420   902   967 E NetlinkEvent: NetlinkEvent::FindParam(): Parameter 'TIME_NS' not found
12-14 04:53:41.420   902   967 E NetlinkEvent: NetlinkEvent::FindParam(): Parameter 'UID' not found
12-14 04:53:41.592  1337  1355 I chatty  : uid=1000(system) ActivityManager expire 12 lines
12-14 04:53:41.600  1337  1357 I chatty  : uid=1000(system) ActivityManager expire 11 lines
12-14 04:53:44.345  1337  1667 I chatty  : uid=1000(system) HwBinder:1337_1 expire 21 lines
12-14 04:53:57.313   902   967 E NetlinkEvent: NetlinkEvent::FindParam(): Parameter 'INTERFACE' not found
12-14 04:53:57.314   902   967 E NetlinkEvent: NetlinkEvent::FindParam(): Parameter 'STATE' not found
12-14 04:53:57.314   902   967 E NetlinkEvent: NetlinkEvent::FindParam(): Parameter 'TIME_NS' not found
12-14 04:53:57.314   902   967 E NetlinkEvent: NetlinkEvent::FindParam(): Parameter 'UID' not found
12-14 04:54:03.251   902   967 E NetlinkEvent: NetlinkEvent::FindParam(): Parameter 'INTERFACE' not found
12-14 04:54:03.251   902   967 E NetlinkEvent: NetlinkEvent::FindParam(): Parameter 'STATE' not found
12-14 04:54:03.251   902   967 E NetlinkEvent: NetlinkEvent::FindParam(): Parameter 'TIME_NS' not found
12-14 04:54:03.251   902   967 E NetlinkEvent: NetlinkEvent::FindParam(): Parameter 'UID' not found
12-14 04:54:09.155   902   967 E NetlinkEvent: NetlinkEvent::FindParam(): Parameter 'INTERFACE' not found
12-14 04:54:09.155   902   967 E NetlinkEvent: NetlinkEvent::FindParam(): Parameter 'STATE' not found
12-14 04:54:09.155   902   967 E NetlinkEvent: NetlinkEvent::FindParam(): Parameter 'TIME_NS' not found
12-14 04:54:09.155   902   967 E NetlinkEvent: NetlinkEvent::FindParam(): Parameter 'UID' not found
12-14 04:54:14.987   902   967 E NetlinkEvent: NetlinkEvent::FindParam(): Parameter 'INTERFACE' not found
12-14 04:54:14.987   902   967 E NetlinkEvent: NetlinkEvent::FindParam(): Parameter 'STATE' not found
12-14 04:54:14.987   902   967 E NetlinkEvent: NetlinkEvent::FindParam(): Parameter 'TIME_NS' not found
12-14 04:54:14.987   902   967 E NetlinkEvent: NetlinkEvent::FindParam(): Parameter 'UID' not found
12-14 04:54:20.835   902   967 E NetlinkEvent: NetlinkEvent::FindParam(): Parameter 'INTERFACE' not found
12-14 04:54:20.835   902   967 E NetlinkEvent: NetlinkEvent::FindParam(): Parameter 'STATE' not found
12-14 04:54:20.835   902   967 E NetlinkEvent: NetlinkEvent::FindParam(): Parameter 'TIME_NS' not found
12-14 04:54:20.835   902   967 E NetlinkEvent: NetlinkEvent::FindParam(): Parameter 'UID' not found
12-14 04:54:24.658  1337  1948 I chatty  : uid=1000(system) HwBinder:1337_4 expire 22 lines
12-14 04:57:11.049  1337  1348 I chatty  : uid=1000(system) Binder:1337_1 expire 5 lines
12-14 04:57:11.060  1337  1739 I chatty  : uid=1000(system) Binder:1337_3 expire 5 lines
12-14 04:57:11.143  1337  5864 I chatty  : uid=1000(system) Binder:1337_16 expire 11 lines
12-14 04:57:11.362  1337  1746 I chatty  : uid=1000(system) Binder:1337_4 expire 5 lines
12-14 04:57:11.430  6916  6916 E SchedPolicy: set_timerslack_ns write failed: Operation not permitted
12-14 04:57:11.430  6916  6916 I chatty  : uid=10095(com.viber.voip) identical 6 lines
12-14 04:57:11.430  6916  6916 E SchedPolicy: set_timerslack_ns write failed: Operation not permitted
12-14 04:57:11.926  1337  1357 I chatty  : uid=1000(system) ActivityManager expire 14 lines
12-14 04:57:12.155  1337  6161 I chatty  : uid=1000(system) Binder:1337_17 expire 5 lines
12-14 04:57:12.301  6916  7416 E ActivityThread: Failed to find provider info for com.facebook.katana.provider.AttributionIdProvider
12-14 04:57:12.321  1337  9442 I chatty  : uid=1000(system) Binder:1337_1F expire 3 lines
12-14 04:57:12.918  1337  1337 I chatty  : uid=1000 system_server expire 18 lines
12-14 04:57:14.042  6916  6994 E SchedPolicy: set_timerslack_ns write failed: Operation not permitted
12-14 04:57:14.042  6916  6994 I chatty  : uid=10095(com.viber.voip) identical 6 lines
12-14 04:57:14.042  6916  6994 E SchedPolicy: set_timerslack_ns write failed: Operation not permitted
12-14 04:57:14.196  7779  7779 D ActivityThread: Loading provider com.whatsapp.provider.contact: com.whatsapp.contact.ContactProvider
12-14 04:57:15.609  1337  1703 I chatty  : uid=1000(system) NsdService expire 3 lines
12-14 04:57:16.109  1337  1667 I chatty  : uid=1000(system) HwBinder:1337_1 expire 3 lines
12-14 04:57:16.417  1337  6286 I chatty  : uid=1000(system) Binder:1337_18 expire 2 lines
12-14 04:57:17.153  1337  7688 I chatty  : uid=1000(system) Binder:1337_1B expire 1 line
12-14 04:57:17.162  1337  4155 I chatty  : uid=1000(system) Binder:1337_12 expire 5 lines
12-14 04:57:17.348  1337  2700 I chatty  : uid=1000(system) Binder:1337_B expire 2 lines
12-14 04:57:17.354  1337  6785 I chatty  : uid=1000(system) Binder:1337_19 expire 3 lines
12-14 04:57:19.818  1337  1724 I chatty  : uid=1000(system) SyncManager expire 1 line
12-14 04:57:20.341  6924  7322 E ActivityThread: Failed to find provider info for com.teslacoilsw.notifier
12-14 04:57:20.347  6924  7322 E ActivityThread: Failed to find provider info for com.teslacoilsw.notifier
12-14 04:57:20.361  6924  7322 E ActivityThread: Failed to find provider info for com.teslacoilsw.notifier
12-14 04:57:20.558  6916  6994 E ActivityThread: Failed to find provider info for com.teslacoilsw.notifier
12-14 04:57:20.629  1337  4157 I chatty  : uid=1000(system) Binder:1337_13 expire 1 line
12-14 04:57:20.656  1337  1355 I chatty  : uid=1000(system) ActivityManager expire 28 lines
12-14 04:57:21.322  1337  1701 I chatty  : uid=1000(system) ConnectivitySer expire 15 lines
12-14 04:57:22.697  1337  4153 I chatty  : uid=1000(system) Binder:1337_10 expire 5 lines
12-14 04:57:23.096  6916  8584 E ActivityThread: Failed to find provider info for com.facebook.katana.provider.AttributionIdProvider
12-14 04:57:23.270  1337  2718 I chatty  : uid=1000(system) Binder:1337_E expire 5 lines
12-14 04:57:23.270  1337  7839 I chatty  : uid=1000(system) Binder:1337_1C expire 4 lines
12-14 04:57:23.916  1337  4154 I chatty  : uid=1000(system) Binder:1337_11 expire 1 line
12-14 04:57:24.822  1337  1357 I chatty  : uid=1000(system) ActivityManager expire 5 lines
12-14 04:57:25.004  1337  9887 I chatty  : uid=1000(system) Binder:1337_20 expire 1 line
12-14 04:57:25.417  1337  4158 I chatty  : uid=1000(system) Binder:1337_14 expire 3 lines
12-14 04:57:26.178  1337  1948 I chatty  : uid=1000(system) HwBinder:1337_4 expire 3 lines
12-14 04:57:26.802  1337  1349 I chatty  : uid=1000(system) Binder:1337_2 expire 3 lines
12-14 04:57:28.195  1337  2332 I chatty  : uid=1000(system) Binder:1337_9 expire 3 lines
12-14 04:57:28.720  1337  1362 I chatty  : uid=1000(system) android.fg expire 2 lines
12-14 04:57:28.728  1337  1366 I chatty  : uid=1000(system) PowerManagerSer expire 8 lines
12-14 04:57:28.738  1337  1364 I chatty  : uid=1000(system) android.display expire 2 lines
12-14 04:57:28.744  1337  1600 I chatty  : uid=1000(system) android.anim expire 2 lines
12-14 04:57:28.765  1337  4159 I chatty  : uid=1000(system) Binder:1337_15 expire 3 lines
12-14 04:57:28.826  1337  1360 I chatty  : uid=1000(system) batterystats-wo expire 1 line
12-14 04:57:28.970  1337  1863 I chatty  : uid=1000(system) Binder:1337_6 expire 3 lines
12-14 04:57:29.383  1337  2712 I chatty  : uid=1000(system) Binder:1337_D expire 1 line
12-14 04:57:29.634  1337  1354 I chatty  : uid=1000(system) android.bg expire 2 lines
12-14 04:57:31.255  1337  1363 I chatty  : uid=1000(system) android.io expire 1 line
12-14 04:57:31.291  1337  2719 I chatty  : uid=1000(system) Binder:1337_F expire 1 line
12-14 04:57:33.924  1337  8673 I chatty  : uid=1000(system) Binder:1337_1E expire 1 line
12-14 04:57:35.448  1337  5864 I chatty  : uid=1000(system) Binder:1337_16 expire 1 line
12-14 04:57:41.735  1337  1987 I chatty  : uid=1000(system) HwBinder:1337_5 expire 40 lines
12-14 04:57:51.802  1337  1667 I chatty  : uid=1000(system) HwBinder:1337_1 expire 61 lines
12-14 04:57:55.518  1337  4153 I chatty  : uid=1000(system) Binder:1337_10 expire 1 line
12-14 04:58:04.450  1337  1363 I chatty  : uid=1000(system) android.io expire 3 lines
12-14 04:58:35.606  1337  2718 I chatty  : uid=1000(system) Binder:1337_E expire 3 lines
12-14 04:59:11.375  1337  7615 I chatty  : uid=1000(system) Binder:1337_1A expire 3 lines
12-14 04:59:11.586  1337  1357 I chatty  : uid=1000(system) ActivityManager expire 16 lines
12-14 04:59:11.683  1337  4155 I chatty  : uid=1000(system) Binder:1337_12 expire 3 lines
12-14 04:59:11.683  1337  4158 I chatty  : uid=1000(system) Binder:1337_14 expire 1 line
12-14 04:59:11.683  1337  1701 I chatty  : uid=1000(system) ConnectivitySer expire 5 lines
12-14 04:59:13.898  1337  6161 I chatty  : uid=1000(system) Binder:1337_17 expire 3 lines
12-14 05:02:43.173  1337  9887 I chatty  : uid=1000(system) Binder:1337_20 expire 3 lines
12-14 05:06:07.614  1337  6785 I chatty  : uid=1000(system) Binder:1337_19 expire 1 line
12-14 05:06:07.846  9681  9762 E ActivityThread: Failed to find provider info for com.facebook.katana.provider.AttributionIdProvider
12-14 05:06:09.056  1337  1987 I chatty  : uid=1000(system) HwBinder:1337_5 expire 47 lines
12-14 05:06:09.057  1337  1362 I chatty  : uid=1000(system) android.fg expire 4 lines
12-14 05:06:11.047  1337  1355 I chatty  : uid=1000(system) ActivityManager expire 21 lines
12-14 05:06:11.066  1337  1366 I chatty  : uid=1000(system) PowerManagerSer expire 8 lines
12-14 05:06:11.090  1337  1364 I chatty  : uid=1000(system) android.display expire 2 lines
12-14 05:06:11.091  1337  1600 I chatty  : uid=1000(system) android.anim expire 2 lines
12-14 05:06:11.091  1337  1337 I chatty  : uid=1000 system_server expire 14 lines
12-14 05:06:11.141  1337  1360 I chatty  : uid=1000(system) batterystats-wo expire 1 line
12-14 05:06:11.298  1337  1354 I chatty  : uid=1000(system) android.bg expire 3 lines
12-14 05:06:11.475  1337  2282 I chatty  : uid=1000(system) Binder:1337_8 expire 2 lines
12-14 05:06:19.232  1337  2699 I chatty  : uid=1000(system) Binder:1337_A expire 3 lines
12-14 05:06:19.513  1337  2712 I chatty  : uid=1000(system) Binder:1337_D expire 3 lines
12-14 05:06:19.570  1337  1703 I chatty  : uid=1000(system) NsdService expire 2 lines
12-14 05:06:32.151  1337  1667 I chatty  : uid=1000(system) HwBinder:1337_1 expire 28 lines
12-14 05:12:22.560 10117 10117 E SchedPolicy: set_timerslack_ns write failed: Operation not permitted
12-14 05:12:22.560 10117 10117 I chatty  : uid=10095(com.viber.voip) identical 6 lines
12-14 05:12:22.560 10117 10117 E SchedPolicy: set_timerslack_ns write failed: Operation not permitted
12-14 05:12:22.758 10117 10191 E ActivityThread: Failed to find provider info for com.facebook.katana.provider.AttributionIdProvider
12-14 05:12:22.824 10117 10135 E SchedPolicy: set_timerslack_ns write failed: Operation not permitted
12-14 05:12:22.830 10117 10135 I chatty  : uid=10095(com.viber.voip) identical 6 lines
12-14 05:12:22.830 10117 10135 E SchedPolicy: set_timerslack_ns write failed: Operation not permitted
12-14 05:12:23.767 10117 10135 E ActivityThread: Failed to find provider info for com.teslacoilsw.notifier
12-14 05:12:24.949  1337  1987 I chatty  : uid=1000(system) HwBinder:1337_5 expire 10 lines
12-14 05:12:27.684 10117 10275 E ActivityThread: Failed to find provider info for com.facebook.katana.provider.AttributionIdProvider
12-14 05:12:50.129  1337  1667 I chatty  : uid=1000(system) HwBinder:1337_1 expire 39 lines
12-14 05:12:56.359  1337  1349 I chatty  : uid=1000(system) Binder:1337_2 expire 11 lines
12-14 05:16:11.418  1337  1337 I chatty  : uid=1000 system_server expire 5 lines
12-14 05:16:12.138  1337  4157 I chatty  : uid=1000(system) Binder:1337_13 expire 5 lines
12-14 05:16:28.496  1337  1739 I chatty  : uid=1000(system) Binder:1337_3 expire 2 lines
12-14 05:16:31.514 10668 10931 E ActivityThread: Failed to find provider info for com.teslacoilsw.notifier
12-14 05:16:31.846  1337  1667 I chatty  : uid=1000(system) HwBinder:1337_1 expire 11 lines
12-14 05:16:31.860  1337  1746 I chatty  : uid=1000(system) Binder:1337_4 expire 1 line
12-14 05:16:37.086  1337  7839 I chatty  : uid=1000(system) Binder:1337_1C expire 1 line
12-14 05:17:27.246  1337  1987 I chatty  : uid=1000(system) HwBinder:1337_5 expire 30 lines
12-14 05:17:45.694  1337  1349 I chatty  : uid=1000(system) Binder:1337_2 expire 3 lines
12-14 05:17:54.684   955   955 E TLOC    : [TLOCChannel]"Can't receive message due to timeout"
12-14 05:17:54.684   955   955 I TLOC    : [TLOCDaemon ]"timeout passed - start periodic warm-up"
12-14 05:17:54.687   955   955 I TLOC    : [ModemComm  ]"Start a session successfully"
12-14 05:17:54.687   955   955 D TLOC    : [TLOCDaemon ]"The command finished successfully"
12-14 05:17:54.687   955   955 D TLOC    : [TLOCDaemon ]"waiting for command"
12-14 05:17:54.687   955   955 D TLOC    : [TLOCChannel] "Going to receive message for TLOCD"
12-14 05:17:54.687   955   955 D TLOC    : [TLOCChannel] "wait for message for user TLOCD"
12-14 05:17:54.767  1337  1357 I chatty  : uid=1000(system) ActivityManager expire 1 line
12-14 05:17:55.515  1337  4154 I chatty  : uid=1000(system) Binder:1337_11 expire 1 line
12-14 05:18:04.681   955  1326 I TLOC    : [Modem      ]"Received event indication of position report with status SUCCESS"
12-14 05:18:04.681   955  1326 D TLOC    : [Modem      ] "*********** Position Report: ***********"
12-14 05:18:04.681   955  1326 D TLOC    : [Modem      ] "	Latitude:	38.671811"
12-14 05:18:04.681   955  1326 D TLOC    : [Modem      ] "	Longitude:	-121.504477"
12-14 05:18:04.681   955  1326 D TLOC    : [Modem      ] "	Accuracy:	30.000000"
12-14 05:18:04.681   955  1326 D TLOC    : [Modem      ] "	Technology:	5"
12-14 05:18:04.681   955  1326 D TLOC    : [Modem      ] "	Time:		1576329485000"
12-14 05:18:04.681   955  1326 D TLOC    : [Modem      ] "	Altitude:	-3.239868"
12-14 05:18:04.681   955  1326 D TLOC    : [Modem      ] "	Speed:		0.000000"
12-14 05:18:04.681   955  1326 D TLOC    : [Modem      ] "****************************************"
12-14 05:18:04.681   955  1326 I TLOC    : [Modem      ]"Received location fix. Should close the session"
12-14 05:18:04.681   955  1326 D TLOC    : [TLOCChannel] "TLOCChannel is already initialized"
12-14 05:18:04.681   955  1326 D TLOC    : [TLOCChannel] "Going to send message to TLOCD"
12-14 05:18:04.682   955  1326 D TLOC    : [TLOCChannel]" --- message(id:10, size:0) ---> TLOCD"
12-14 05:18:04.682   955   955 D TLOC    : [TLOCChannel]" TLOCD <--- message(id:10, size:0) ---"
12-14 05:18:04.682   955   955 I TLOC    : [TLOCDaemon ]"WarmUp ended"
12-14 05:18:04.687   955   955 I TLOC    : [ModemComm  ]"Stopped the session successfully"
12-14 05:18:04.687   955   955 D TLOC    : [TLOCDaemon ]"The command finished successfully"
12-14 05:18:04.687   955   955 D TLOC    : [TLOCDaemon ]"waiting for command"
12-14 05:18:04.687   955   955 D TLOC    : [TLOCChannel] "Going to receive message for TLOCD"
12-14 05:18:04.687   955   955 D TLOC    : [TLOCChannel] "wait for message for user TLOCD"
12-14 05:18:16.387  1337  5864 I chatty  : uid=1000(system) Binder:1337_16 expire 1 line
12-14 05:18:52.877  1337  1355 I chatty  : uid=1000(system) ActivityManager expire 2 lines
12-14 05:19:24.520  1337  1667 I chatty  : uid=1000(system) HwBinder:1337_1 expire 55 lines
12-14 05:21:20.397  1337  1987 I chatty  : uid=1000(system) HwBinder:1337_5 expire 35 lines
12-14 05:26:13.107  1337  1739 I chatty  : uid=1000(system) Binder:1337_3 expire 5 lines
12-14 05:27:12.041  1337  2700 I chatty  : uid=1000(system) Binder:1337_B expire 3 lines
12-14 05:27:23.765  1337  1357 I chatty  : uid=1000(system) ActivityManager expire 10 lines
12-14 05:27:24.081 11537 11537 E SchedPolicy: set_timerslack_ns write failed: Operation not permitted
12-14 05:27:24.081 11537 11537 I chatty  : uid=10095(com.viber.voip) identical 6 lines
12-14 05:27:24.081 11537 11537 E SchedPolicy: set_timerslack_ns write failed: Operation not permitted
12-14 05:27:24.278 11537 11608 E ActivityThread: Failed to find provider info for com.facebook.katana.provider.AttributionIdProvider
12-14 05:27:24.339 11537 11555 E SchedPolicy: set_timerslack_ns write failed: Operation not permitted
12-14 05:27:24.339 11537 11555 I chatty  : uid=10095(com.viber.voip) identical 6 lines
12-14 05:27:24.339 11537 11555 E SchedPolicy: set_timerslack_ns write failed: Operation not permitted
12-14 05:27:25.198 11537 11555 E ActivityThread: Failed to find provider info for com.teslacoilsw.notifier
12-14 05:27:28.087  1337  1987 I chatty  : uid=1000(system) HwBinder:1337_5 expire 79 lines
12-14 05:27:29.222 11537 11719 E ActivityThread: Failed to find provider info for com.facebook.katana.provider.AttributionIdProvider
12-14 05:27:57.231  1337  4155 I chatty  : uid=1000(system) Binder:1337_12 expire 3 lines
12-14 05:27:57.231  1337  1701 I chatty  : uid=1000(system) ConnectivitySer expire 10 lines
12-14 05:28:55.030  1337  9442 I chatty  : uid=1000(system) Binder:1337_1F expire 5 lines
12-14 05:28:55.977  1337  1703 I chatty  : uid=1000(system) NsdService expire 3 lines
12-14 05:28:56.168  1337  1746 I chatty  : uid=1000(system) Binder:1337_4 expire 4 lines
12-14 05:28:56.172  1337  1355 I chatty  : uid=1000(system) ActivityManager expire 22 lines
12-14 05:28:56.228  1337  1354 I chatty  : uid=1000(system) android.bg expire 4 lines
12-14 05:29:03.803  1337  1667 I chatty  : uid=1000(system) HwBinder:1337_1 expire 37 lines
12-14 05:29:17.480  1337  1337 I chatty  : uid=1000 system_server expire 13 lines
12-14 05:31:12.456  1337  4153 I chatty  : uid=1000(system) Binder:1337_10 expire 6 lines
12-14 05:32:29.537  1337  1362 I chatty  : uid=1000(system) android.fg expire 2 lines
12-14 05:32:31.169  1337  1366 I chatty  : uid=1000(system) PowerManagerSer expire 8 lines
12-14 05:32:31.233  1337  1360 I chatty  : uid=1000(system) batterystats-wo expire 2 lines
12-14 05:32:31.233  1337  1364 I chatty  : uid=1000(system) android.display expire 2 lines
12-14 05:32:31.272  1337  1600 I chatty  : uid=1000(system) android.anim expire 2 lines
12-14 05:32:31.733  1337  1363 I chatty  : uid=1000(system) android.io expire 1 line
12-14 05:36:33.469  1337  9887 I chatty  : uid=1000(system) Binder:1337_20 expire 5 lines
12-14 05:37:05.148  1760  1760 I PowerUI : avg=26.549774,min=25.825,max=29.816002
12-14 05:37:09.526  1337  1987 I chatty  : uid=1000(system) HwBinder:1337_5 expire 42 lines
12-14 05:38:50.272  1337  1667 I chatty  : uid=1000(system) HwBinder:1337_1 expire 41 lines
12-14 05:39:21.294  1337  2282 I chatty  : uid=1000(system) Binder:1337_8 expire 2 lines
12-14 05:42:00.137  1337  6785 I chatty  : uid=1000(system) Binder:1337_19 expire 2 lines
12-14 05:42:00.160  1337  6161 I chatty  : uid=1000(system) Binder:1337_17 expire 3 lines
12-14 05:42:10.352  1337  1337 I chatty  : uid=1000 system_server expire 5 lines
12-14 05:42:42.026  1337  8673 I chatty  : uid=1000(system) Binder:1337_1E expire 1 line
12-14 05:44:06.159   902   967 E NetlinkEvent: NetlinkEvent::FindParam(): Parameter 'INTERFACE' not found
12-14 05:44:06.159   902   967 E NetlinkEvent: NetlinkEvent::FindParam(): Parameter 'STATE' not found
12-14 05:44:06.159   902   967 E NetlinkEvent: NetlinkEvent::FindParam(): Parameter 'TIME_NS' not found
12-14 05:44:06.159   902   967 E NetlinkEvent: NetlinkEvent::FindParam(): Parameter 'UID' not found
12-14 05:44:07.665  1337  1667 I chatty  : uid=1000(system) HwBinder:1337_1 expire 10 lines
12-14 05:44:12.691  1337  1987 I chatty  : uid=1000(system) HwBinder:1337_5 expire 29 lines
12-14 05:44:34.112   902   967 E NetlinkEvent: NetlinkEvent::FindParam(): Parameter 'INTERFACE' not found
12-14 05:44:34.112   902   967 E NetlinkEvent: NetlinkEvent::FindParam(): Parameter 'STATE' not found
12-14 05:44:34.112   902   967 E NetlinkEvent: NetlinkEvent::FindParam(): Parameter 'TIME_NS' not found
12-14 05:44:34.112   902   967 E NetlinkEvent: NetlinkEvent::FindParam(): Parameter 'UID' not found
12-14 05:44:40.885   902   967 E NetlinkEvent: NetlinkEvent::FindParam(): Parameter 'INTERFACE' not found
12-14 05:44:40.885   902   967 E NetlinkEvent: NetlinkEvent::FindParam(): Parameter 'STATE' not found
12-14 05:44:40.885   902   967 E NetlinkEvent: NetlinkEvent::FindParam(): Parameter 'TIME_NS' not found
12-14 05:44:40.885   902   967 E NetlinkEvent: NetlinkEvent::FindParam(): Parameter 'UID' not found
12-14 05:44:46.742   902   967 E NetlinkEvent: NetlinkEvent::FindParam(): Parameter 'INTERFACE' not found
12-14 05:44:46.742   902   967 E NetlinkEvent: NetlinkEvent::FindParam(): Parameter 'STATE' not found
12-14 05:44:46.742   902   967 E NetlinkEvent: NetlinkEvent::FindParam(): Parameter 'TIME_NS' not found
12-14 05:44:46.742   902   967 E NetlinkEvent: NetlinkEvent::FindParam(): Parameter 'UID' not found
12-14 05:44:52.584   902   967 E NetlinkEvent: NetlinkEvent::FindParam(): Parameter 'INTERFACE' not found
12-14 05:44:52.584   902   967 E NetlinkEvent: NetlinkEvent::FindParam(): Parameter 'STATE' not found
12-14 05:44:52.584   902   967 E NetlinkEvent: NetlinkEvent::FindParam(): Parameter 'TIME_NS' not found
12-14 05:44:52.584   902   967 E NetlinkEvent: NetlinkEvent::FindParam(): Parameter 'UID' not found
12-14 05:44:58.409   902   967 E NetlinkEvent: NetlinkEvent::FindParam(): Parameter 'INTERFACE' not found
12-14 05:44:58.409   902   967 E NetlinkEvent: NetlinkEvent::FindParam(): Parameter 'STATE' not found
12-14 05:44:58.409   902   967 E NetlinkEvent: NetlinkEvent::FindParam(): Parameter 'TIME_NS' not found
12-14 05:44:58.409   902   967 E NetlinkEvent: NetlinkEvent::FindParam(): Parameter 'UID' not found
12-14 05:45:03.047  1337  1667 I chatty  : uid=1000(system) HwBinder:1337_1 expire 6 lines
12-14 05:47:39.096  1337  1357 I chatty  : uid=1000(system) ActivityManager expire 4 lines
12-14 05:47:40.504  1337  1355 I chatty  : uid=1000(system) ActivityManager expire 7 lines
12-14 05:47:42.650  1337  4157 I chatty  : uid=1000(system) Binder:1337_13 expire 1 line
12-14 05:47:47.379  1337  2701 I chatty  : uid=1000(system) Binder:1337_C expire 2 lines
12-14 05:47:53.089  1337  1739 I chatty  : uid=1000(system) Binder:1337_3 expire 2 lines
12-14 05:47:53.172  1337  1701 I chatty  : uid=1000(system) ConnectivitySer expire 14 lines
12-14 05:47:53.173  1337  2254 I chatty  : uid=1000(system) Binder:1337_7 expire 3 lines
12-14 05:47:53.512  1337  1357 I chatty  : uid=1000(system) ActivityManager expire 8 lines
12-14 05:47:54.298  1337  1667 I chatty  : uid=1000(system) HwBinder:1337_1 expire 55 lines
12-14 05:47:55.567  1337  1337 I chatty  : uid=1000 system_server expire 13 lines
12-14 05:47:55.603  1337  1355 I chatty  : uid=1000(system) ActivityManager expire 12 lines
12-14 05:47:58.078   902   967 E NetlinkEvent: NetlinkEvent::FindParam(): Parameter 'INTERFACE' not found
12-14 05:47:58.078   902   967 E NetlinkEvent: NetlinkEvent::FindParam(): Parameter 'STATE' not found
12-14 05:47:58.078   902   967 E NetlinkEvent: NetlinkEvent::FindParam(): Parameter 'TIME_NS' not found
12-14 05:47:58.078   902   967 E NetlinkEvent: NetlinkEvent::FindParam(): Parameter 'UID' not found
12-14 05:47:58.207  1337  4153 I chatty  : uid=1000(system) Binder:1337_10 expire 3 lines
12-14 05:47:59.329  1337  1987 I chatty  : uid=1000(system) HwBinder:1337_5 expire 56 lines
12-14 05:48:03.347   902 13211 W SocketClient: write error (Broken pipe)
12-14 05:48:03.455  1337  5864 I chatty  : uid=1000(system) Binder:1337_16 expire 2 lines
12-14 05:48:03.457  1337  1701 I chatty  : uid=1000(system) ConnectivitySer expire 6 lines
12-14 05:48:04.688   955   955 E TLOC    : [TLOCChannel]"Can't receive message due to timeout"
12-14 05:48:04.689   955   955 I TLOC    : [TLOCDaemon ]"timeout passed - start periodic warm-up"
12-14 05:48:04.692   955   955 I TLOC    : [ModemComm  ]"Start a session successfully"
12-14 05:48:04.692   955   955 D TLOC    : [TLOCDaemon ]"The command finished successfully"
12-14 05:48:04.692   955   955 D TLOC    : [TLOCDaemon ]"waiting for command"
12-14 05:48:04.692   955   955 D TLOC    : [TLOCChannel] "Going to receive message for TLOCD"
12-14 05:48:04.693   955   955 D TLOC    : [TLOCChannel] "wait for message for user TLOCD"
12-14 05:48:06.692  1337  1362 I chatty  : uid=1000(system) android.fg expire 7 lines
12-14 05:48:07.683   955  1326 I TLOC    : [Modem      ]"Received event indication of position report with status SUCCESS"
12-14 05:48:07.683   955  1326 D TLOC    : [Modem      ] "*********** Position Report: ***********"
12-14 05:48:07.683   955  1326 D TLOC    : [Modem      ] "	Latitude:	38.671841"
12-14 05:48:07.683   955  1326 D TLOC    : [Modem      ] "	Longitude:	-121.504544"
12-14 05:48:07.683   955  1326 D TLOC    : [Modem      ] "	Accuracy:	16.000000"
12-14 05:48:07.683   955  1326 D TLOC    : [Modem      ] "	Technology:	5"
